                                      1 ;--------------------------------------------------------
                                      2 ; File Created by SDCC : free open source ISO C Compiler
                                      3 ; Version 4.5.0 #15242 (MINGW64)
                                      4 ;--------------------------------------------------------
                                      5 	.module fw_i2c
                                      6 	
                                      7 	.optsdcc -mmcs51 --model-large
                                      8 ;--------------------------------------------------------
                                      9 ; Public variables in this module
                                     10 ;--------------------------------------------------------
                                     11 	.globl _P77
                                     12 	.globl _P76
                                     13 	.globl _P75
                                     14 	.globl _P74
                                     15 	.globl _P73
                                     16 	.globl _P72
                                     17 	.globl _P71
                                     18 	.globl _P70
                                     19 	.globl _P67
                                     20 	.globl _P66
                                     21 	.globl _P65
                                     22 	.globl _P64
                                     23 	.globl _P63
                                     24 	.globl _P62
                                     25 	.globl _P61
                                     26 	.globl _P60
                                     27 	.globl _P
                                     28 	.globl _F1
                                     29 	.globl _OV
                                     30 	.globl _RS0
                                     31 	.globl _RS1
                                     32 	.globl _F0
                                     33 	.globl _AC
                                     34 	.globl _CY
                                     35 	.globl _P57
                                     36 	.globl _P56
                                     37 	.globl _P55
                                     38 	.globl _P54
                                     39 	.globl _P53
                                     40 	.globl _P52
                                     41 	.globl _P51
                                     42 	.globl _P50
                                     43 	.globl _P47
                                     44 	.globl _P46
                                     45 	.globl _P45
                                     46 	.globl _P44
                                     47 	.globl _P43
                                     48 	.globl _P42
                                     49 	.globl _P41
                                     50 	.globl _P40
                                     51 	.globl _PX0
                                     52 	.globl _PT0
                                     53 	.globl _PX1
                                     54 	.globl _PT1
                                     55 	.globl _PS
                                     56 	.globl _PADC
                                     57 	.globl _PLVD
                                     58 	.globl _PPCA
                                     59 	.globl _P37
                                     60 	.globl _P36
                                     61 	.globl _P35
                                     62 	.globl _P34
                                     63 	.globl _P33
                                     64 	.globl _P32
                                     65 	.globl _P31
                                     66 	.globl _P30
                                     67 	.globl _EX0
                                     68 	.globl _ET0
                                     69 	.globl _EX1
                                     70 	.globl _ET1
                                     71 	.globl _ES
                                     72 	.globl _EADC
                                     73 	.globl _ELVD
                                     74 	.globl _EA
                                     75 	.globl _P27
                                     76 	.globl _P26
                                     77 	.globl _P25
                                     78 	.globl _P24
                                     79 	.globl _P23
                                     80 	.globl _P22
                                     81 	.globl _P21
                                     82 	.globl _P20
                                     83 	.globl _RI
                                     84 	.globl _TI
                                     85 	.globl _RB8
                                     86 	.globl _TB8
                                     87 	.globl _REN
                                     88 	.globl _SM2
                                     89 	.globl _SM1
                                     90 	.globl _SM0
                                     91 	.globl _P17
                                     92 	.globl _P16
                                     93 	.globl _P15
                                     94 	.globl _P14
                                     95 	.globl _P13
                                     96 	.globl _P12
                                     97 	.globl _P11
                                     98 	.globl _P10
                                     99 	.globl _IT0
                                    100 	.globl _IE0
                                    101 	.globl _IT1
                                    102 	.globl _IE1
                                    103 	.globl _TR0
                                    104 	.globl _TF0
                                    105 	.globl _TR1
                                    106 	.globl _TF1
                                    107 	.globl _P07
                                    108 	.globl _P06
                                    109 	.globl _P05
                                    110 	.globl _P04
                                    111 	.globl _P03
                                    112 	.globl _P02
                                    113 	.globl _P01
                                    114 	.globl _P00
                                    115 	.globl _RSTCFG
                                    116 	.globl _USBADR
                                    117 	.globl _IAP_TPS
                                    118 	.globl _USBCON
                                    119 	.globl _AUXINTIF
                                    120 	.globl _IP3H
                                    121 	.globl _USBDAT
                                    122 	.globl _CMPCR2
                                    123 	.globl _CMPCR1
                                    124 	.globl _DPH1
                                    125 	.globl _DPL1
                                    126 	.globl _DPS
                                    127 	.globl _P7M0
                                    128 	.globl _P7M1
                                    129 	.globl _IP3
                                    130 	.globl _ADCCFG
                                    131 	.globl _USBCLK
                                    132 	.globl _VRTRIM
                                    133 	.globl _P7
                                    134 	.globl _B
                                    135 	.globl _P6
                                    136 	.globl _ACC
                                    137 	.globl _T2L
                                    138 	.globl _T2H
                                    139 	.globl _T3L
                                    140 	.globl _T3H
                                    141 	.globl _T4L
                                    142 	.globl _T4H
                                    143 	.globl _T4T3M
                                    144 	.globl _PSW
                                    145 	.globl _SPDAT
                                    146 	.globl _SPCTL
                                    147 	.globl _SPSTAT
                                    148 	.globl _P6M0
                                    149 	.globl _P6M1
                                    150 	.globl _P5M0
                                    151 	.globl _P5M1
                                    152 	.globl _P5
                                    153 	.globl _IAP_CONTR
                                    154 	.globl _IAP_TRIG
                                    155 	.globl _IAP_CMD
                                    156 	.globl _IAP_ADDRL
                                    157 	.globl _IAP_ADDRH
                                    158 	.globl _IAP_DATA
                                    159 	.globl _WDT_CONTR
                                    160 	.globl _P4
                                    161 	.globl _ADC_RESL
                                    162 	.globl _ADC_RES
                                    163 	.globl _ADC_CONTR
                                    164 	.globl _P_SW2
                                    165 	.globl _SADEN
                                    166 	.globl _IP
                                    167 	.globl _IPH
                                    168 	.globl _IP2H
                                    169 	.globl _IP2
                                    170 	.globl _P4M0
                                    171 	.globl _P4M1
                                    172 	.globl _P3M0
                                    173 	.globl _P3M1
                                    174 	.globl _P3
                                    175 	.globl _IE2
                                    176 	.globl _TA
                                    177 	.globl _S3BUF
                                    178 	.globl _S3CON
                                    179 	.globl _WKTCH
                                    180 	.globl _WKTCL
                                    181 	.globl _SADDR
                                    182 	.globl _IE
                                    183 	.globl _P_SW1
                                    184 	.globl _BUS_SPEED
                                    185 	.globl _P2
                                    186 	.globl _IRTRIM
                                    187 	.globl _LIRTRIM
                                    188 	.globl _IRCBAND
                                    189 	.globl _S2BUF
                                    190 	.globl _S2CON
                                    191 	.globl _SBUF
                                    192 	.globl _SCON
                                    193 	.globl _P2M0
                                    194 	.globl _P2M1
                                    195 	.globl _P0M0
                                    196 	.globl _P0M1
                                    197 	.globl _P1M0
                                    198 	.globl _P1M1
                                    199 	.globl _P1
                                    200 	.globl _INTCLKO
                                    201 	.globl _AUXR
                                    202 	.globl _TH1
                                    203 	.globl _TH0
                                    204 	.globl _TL1
                                    205 	.globl _TL0
                                    206 	.globl _TMOD
                                    207 	.globl _TCON
                                    208 	.globl _PCON
                                    209 	.globl _S4BUF
                                    210 	.globl _S4CON
                                    211 	.globl _DPH
                                    212 	.globl _DPL
                                    213 	.globl _SP
                                    214 	.globl _P0
                                    215 	.globl _I2C_Read16BitAddr_PARM_4
                                    216 	.globl _I2C_Read16BitAddr_PARM_3
                                    217 	.globl _I2C_Read16BitAddr_PARM_2
                                    218 	.globl _I2C_Write16BitAddr_PARM_4
                                    219 	.globl _I2C_Write16BitAddr_PARM_3
                                    220 	.globl _I2C_Write16BitAddr_PARM_2
                                    221 	.globl _I2C_Read_PARM_4
                                    222 	.globl _I2C_Read_PARM_3
                                    223 	.globl _I2C_Read_PARM_2
                                    224 	.globl _I2C_Write_PARM_4
                                    225 	.globl _I2C_Write_PARM_3
                                    226 	.globl _I2C_Write_PARM_2
                                    227 	.globl _I2C_Write
                                    228 	.globl _I2C_Read
                                    229 	.globl _I2C_Write16BitAddr
                                    230 	.globl _I2C_Read16BitAddr
                                    231 ;--------------------------------------------------------
                                    232 ; special function registers
                                    233 ;--------------------------------------------------------
                                    234 	.area RSEG    (ABS,DATA)
      000000                        235 	.org 0x0000
                           000080   236 _P0	=	0x0080
                           000081   237 _SP	=	0x0081
                           000082   238 _DPL	=	0x0082
                           000083   239 _DPH	=	0x0083
                           000084   240 _S4CON	=	0x0084
                           000085   241 _S4BUF	=	0x0085
                           000087   242 _PCON	=	0x0087
                           000088   243 _TCON	=	0x0088
                           000089   244 _TMOD	=	0x0089
                           00008A   245 _TL0	=	0x008a
                           00008B   246 _TL1	=	0x008b
                           00008C   247 _TH0	=	0x008c
                           00008D   248 _TH1	=	0x008d
                           00008E   249 _AUXR	=	0x008e
                           00008F   250 _INTCLKO	=	0x008f
                           000090   251 _P1	=	0x0090
                           000091   252 _P1M1	=	0x0091
                           000092   253 _P1M0	=	0x0092
                           000093   254 _P0M1	=	0x0093
                           000094   255 _P0M0	=	0x0094
                           000095   256 _P2M1	=	0x0095
                           000096   257 _P2M0	=	0x0096
                           000098   258 _SCON	=	0x0098
                           000099   259 _SBUF	=	0x0099
                           00009A   260 _S2CON	=	0x009a
                           00009B   261 _S2BUF	=	0x009b
                           00009D   262 _IRCBAND	=	0x009d
                           00009E   263 _LIRTRIM	=	0x009e
                           00009F   264 _IRTRIM	=	0x009f
                           0000A0   265 _P2	=	0x00a0
                           0000A1   266 _BUS_SPEED	=	0x00a1
                           0000A2   267 _P_SW1	=	0x00a2
                           0000A8   268 _IE	=	0x00a8
                           0000A9   269 _SADDR	=	0x00a9
                           0000AA   270 _WKTCL	=	0x00aa
                           0000AB   271 _WKTCH	=	0x00ab
                           0000AC   272 _S3CON	=	0x00ac
                           0000AD   273 _S3BUF	=	0x00ad
                           0000AE   274 _TA	=	0x00ae
                           0000AF   275 _IE2	=	0x00af
                           0000B0   276 _P3	=	0x00b0
                           0000B1   277 _P3M1	=	0x00b1
                           0000B2   278 _P3M0	=	0x00b2
                           0000B3   279 _P4M1	=	0x00b3
                           0000B4   280 _P4M0	=	0x00b4
                           0000B5   281 _IP2	=	0x00b5
                           0000B6   282 _IP2H	=	0x00b6
                           0000B7   283 _IPH	=	0x00b7
                           0000B8   284 _IP	=	0x00b8
                           0000B9   285 _SADEN	=	0x00b9
                           0000BA   286 _P_SW2	=	0x00ba
                           0000BC   287 _ADC_CONTR	=	0x00bc
                           0000BD   288 _ADC_RES	=	0x00bd
                           0000BE   289 _ADC_RESL	=	0x00be
                           0000C0   290 _P4	=	0x00c0
                           0000C1   291 _WDT_CONTR	=	0x00c1
                           0000C2   292 _IAP_DATA	=	0x00c2
                           0000C3   293 _IAP_ADDRH	=	0x00c3
                           0000C4   294 _IAP_ADDRL	=	0x00c4
                           0000C5   295 _IAP_CMD	=	0x00c5
                           0000C6   296 _IAP_TRIG	=	0x00c6
                           0000C7   297 _IAP_CONTR	=	0x00c7
                           0000C8   298 _P5	=	0x00c8
                           0000C9   299 _P5M1	=	0x00c9
                           0000CA   300 _P5M0	=	0x00ca
                           0000CB   301 _P6M1	=	0x00cb
                           0000CC   302 _P6M0	=	0x00cc
                           0000CD   303 _SPSTAT	=	0x00cd
                           0000CE   304 _SPCTL	=	0x00ce
                           0000CF   305 _SPDAT	=	0x00cf
                           0000D0   306 _PSW	=	0x00d0
                           0000D1   307 _T4T3M	=	0x00d1
                           0000D2   308 _T4H	=	0x00d2
                           0000D3   309 _T4L	=	0x00d3
                           0000D4   310 _T3H	=	0x00d4
                           0000D5   311 _T3L	=	0x00d5
                           0000D6   312 _T2H	=	0x00d6
                           0000D7   313 _T2L	=	0x00d7
                           0000E0   314 _ACC	=	0x00e0
                           0000E8   315 _P6	=	0x00e8
                           0000F0   316 _B	=	0x00f0
                           0000F8   317 _P7	=	0x00f8
                           0000A6   318 _VRTRIM	=	0x00a6
                           0000DC   319 _USBCLK	=	0x00dc
                           0000DE   320 _ADCCFG	=	0x00de
                           0000DF   321 _IP3	=	0x00df
                           0000E1   322 _P7M1	=	0x00e1
                           0000E2   323 _P7M0	=	0x00e2
                           0000E3   324 _DPS	=	0x00e3
                           0000E4   325 _DPL1	=	0x00e4
                           0000E5   326 _DPH1	=	0x00e5
                           0000E6   327 _CMPCR1	=	0x00e6
                           0000E7   328 _CMPCR2	=	0x00e7
                           0000EC   329 _USBDAT	=	0x00ec
                           0000EE   330 _IP3H	=	0x00ee
                           0000EF   331 _AUXINTIF	=	0x00ef
                           0000F4   332 _USBCON	=	0x00f4
                           0000F5   333 _IAP_TPS	=	0x00f5
                           0000FC   334 _USBADR	=	0x00fc
                           0000FF   335 _RSTCFG	=	0x00ff
                                    336 ;--------------------------------------------------------
                                    337 ; special function bits
                                    338 ;--------------------------------------------------------
                                    339 	.area RSEG    (ABS,DATA)
      000000                        340 	.org 0x0000
                           000080   341 _P00	=	0x0080
                           000081   342 _P01	=	0x0081
                           000082   343 _P02	=	0x0082
                           000083   344 _P03	=	0x0083
                           000084   345 _P04	=	0x0084
                           000085   346 _P05	=	0x0085
                           000086   347 _P06	=	0x0086
                           000087   348 _P07	=	0x0087
                           00008F   349 _TF1	=	0x008f
                           00008E   350 _TR1	=	0x008e
                           00008D   351 _TF0	=	0x008d
                           00008C   352 _TR0	=	0x008c
                           00008B   353 _IE1	=	0x008b
                           00008A   354 _IT1	=	0x008a
                           000089   355 _IE0	=	0x0089
                           000088   356 _IT0	=	0x0088
                           000090   357 _P10	=	0x0090
                           000091   358 _P11	=	0x0091
                           000092   359 _P12	=	0x0092
                           000093   360 _P13	=	0x0093
                           000094   361 _P14	=	0x0094
                           000095   362 _P15	=	0x0095
                           000096   363 _P16	=	0x0096
                           000097   364 _P17	=	0x0097
                           00009F   365 _SM0	=	0x009f
                           00009E   366 _SM1	=	0x009e
                           00009D   367 _SM2	=	0x009d
                           00009C   368 _REN	=	0x009c
                           00009B   369 _TB8	=	0x009b
                           00009A   370 _RB8	=	0x009a
                           000099   371 _TI	=	0x0099
                           000098   372 _RI	=	0x0098
                           0000A0   373 _P20	=	0x00a0
                           0000A1   374 _P21	=	0x00a1
                           0000A2   375 _P22	=	0x00a2
                           0000A3   376 _P23	=	0x00a3
                           0000A4   377 _P24	=	0x00a4
                           0000A5   378 _P25	=	0x00a5
                           0000A6   379 _P26	=	0x00a6
                           0000A7   380 _P27	=	0x00a7
                           0000AF   381 _EA	=	0x00af
                           0000AE   382 _ELVD	=	0x00ae
                           0000AD   383 _EADC	=	0x00ad
                           0000AC   384 _ES	=	0x00ac
                           0000AB   385 _ET1	=	0x00ab
                           0000AA   386 _EX1	=	0x00aa
                           0000A9   387 _ET0	=	0x00a9
                           0000A8   388 _EX0	=	0x00a8
                           0000B0   389 _P30	=	0x00b0
                           0000B1   390 _P31	=	0x00b1
                           0000B2   391 _P32	=	0x00b2
                           0000B3   392 _P33	=	0x00b3
                           0000B4   393 _P34	=	0x00b4
                           0000B5   394 _P35	=	0x00b5
                           0000B6   395 _P36	=	0x00b6
                           0000B7   396 _P37	=	0x00b7
                           0000BF   397 _PPCA	=	0x00bf
                           0000BE   398 _PLVD	=	0x00be
                           0000BD   399 _PADC	=	0x00bd
                           0000BC   400 _PS	=	0x00bc
                           0000BB   401 _PT1	=	0x00bb
                           0000BA   402 _PX1	=	0x00ba
                           0000B9   403 _PT0	=	0x00b9
                           0000B8   404 _PX0	=	0x00b8
                           0000C0   405 _P40	=	0x00c0
                           0000C1   406 _P41	=	0x00c1
                           0000C2   407 _P42	=	0x00c2
                           0000C3   408 _P43	=	0x00c3
                           0000C4   409 _P44	=	0x00c4
                           0000C5   410 _P45	=	0x00c5
                           0000C6   411 _P46	=	0x00c6
                           0000C7   412 _P47	=	0x00c7
                           0000C8   413 _P50	=	0x00c8
                           0000C9   414 _P51	=	0x00c9
                           0000CA   415 _P52	=	0x00ca
                           0000CB   416 _P53	=	0x00cb
                           0000CC   417 _P54	=	0x00cc
                           0000CD   418 _P55	=	0x00cd
                           0000CE   419 _P56	=	0x00ce
                           0000CF   420 _P57	=	0x00cf
                           0000D7   421 _CY	=	0x00d7
                           0000D6   422 _AC	=	0x00d6
                           0000D5   423 _F0	=	0x00d5
                           0000D4   424 _RS1	=	0x00d4
                           0000D3   425 _RS0	=	0x00d3
                           0000D2   426 _OV	=	0x00d2
                           0000D1   427 _F1	=	0x00d1
                           0000D0   428 _P	=	0x00d0
                           0000E8   429 _P60	=	0x00e8
                           0000E9   430 _P61	=	0x00e9
                           0000EA   431 _P62	=	0x00ea
                           0000EB   432 _P63	=	0x00eb
                           0000EC   433 _P64	=	0x00ec
                           0000ED   434 _P65	=	0x00ed
                           0000EE   435 _P66	=	0x00ee
                           0000EF   436 _P67	=	0x00ef
                           0000F8   437 _P70	=	0x00f8
                           0000F9   438 _P71	=	0x00f9
                           0000FA   439 _P72	=	0x00fa
                           0000FB   440 _P73	=	0x00fb
                           0000FC   441 _P74	=	0x00fc
                           0000FD   442 _P75	=	0x00fd
                           0000FE   443 _P76	=	0x00fe
                           0000FF   444 _P77	=	0x00ff
                                    445 ;--------------------------------------------------------
                                    446 ; overlayable register banks
                                    447 ;--------------------------------------------------------
                                    448 	.area REG_BANK_0	(REL,OVR,DATA)
      000000                        449 	.ds 8
                                    450 ;--------------------------------------------------------
                                    451 ; internal ram data
                                    452 ;--------------------------------------------------------
                                    453 	.area DSEG    (DATA)
                                    454 ;--------------------------------------------------------
                                    455 ; overlayable items in internal ram
                                    456 ;--------------------------------------------------------
                                    457 ;--------------------------------------------------------
                                    458 ; indirectly addressable internal ram data
                                    459 ;--------------------------------------------------------
                                    460 	.area ISEG    (DATA)
                                    461 ;--------------------------------------------------------
                                    462 ; absolute internal ram data
                                    463 ;--------------------------------------------------------
                                    464 	.area IABS    (ABS,DATA)
                                    465 	.area IABS    (ABS,DATA)
                                    466 ;--------------------------------------------------------
                                    467 ; bit data
                                    468 ;--------------------------------------------------------
                                    469 	.area BSEG    (BIT)
                                    470 ;--------------------------------------------------------
                                    471 ; paged external ram data
                                    472 ;--------------------------------------------------------
                                    473 	.area PSEG    (PAG,XDATA)
                                    474 ;--------------------------------------------------------
                                    475 ; uninitialized external ram data
                                    476 ;--------------------------------------------------------
                                    477 	.area XSEG    (XDATA)
      000000                        478 _I2C_Write_PARM_2:
      000000                        479 	.ds 1
      000001                        480 _I2C_Write_PARM_3:
      000001                        481 	.ds 3
      000004                        482 _I2C_Write_PARM_4:
      000004                        483 	.ds 2
      000006                        484 _I2C_Write_devAddr_10000_5:
      000006                        485 	.ds 1
      000007                        486 _I2C_Read_PARM_2:
      000007                        487 	.ds 1
      000008                        488 _I2C_Read_PARM_3:
      000008                        489 	.ds 3
      00000B                        490 _I2C_Read_PARM_4:
      00000B                        491 	.ds 2
      00000D                        492 _I2C_Read_devAddr_10000_19:
      00000D                        493 	.ds 1
      00000E                        494 _I2C_Write16BitAddr_PARM_2:
      00000E                        495 	.ds 2
      000010                        496 _I2C_Write16BitAddr_PARM_3:
      000010                        497 	.ds 3
      000013                        498 _I2C_Write16BitAddr_PARM_4:
      000013                        499 	.ds 2
      000015                        500 _I2C_Write16BitAddr_devAddr_10000_41:
      000015                        501 	.ds 1
      000016                        502 _I2C_Read16BitAddr_PARM_2:
      000016                        503 	.ds 2
      000018                        504 _I2C_Read16BitAddr_PARM_3:
      000018                        505 	.ds 3
      00001B                        506 _I2C_Read16BitAddr_PARM_4:
      00001B                        507 	.ds 2
      00001D                        508 _I2C_Read16BitAddr_devAddr_10000_58:
      00001D                        509 	.ds 1
                                    510 ;--------------------------------------------------------
                                    511 ; absolute external ram data
                                    512 ;--------------------------------------------------------
                                    513 	.area XABS    (ABS,XDATA)
                                    514 ;--------------------------------------------------------
                                    515 ; initialized external ram data
                                    516 ;--------------------------------------------------------
                                    517 	.area XISEG   (XDATA)
                                    518 	.area HOME    (CODE)
                                    519 	.area GSINIT0 (CODE)
                                    520 	.area GSINIT1 (CODE)
                                    521 	.area GSINIT2 (CODE)
                                    522 	.area GSINIT3 (CODE)
                                    523 	.area GSINIT4 (CODE)
                                    524 	.area GSINIT5 (CODE)
                                    525 	.area GSINIT  (CODE)
                                    526 	.area GSFINAL (CODE)
                                    527 	.area CSEG    (CODE)
                                    528 ;--------------------------------------------------------
                                    529 ; global & static initialisations
                                    530 ;--------------------------------------------------------
                                    531 	.area HOME    (CODE)
                                    532 	.area GSINIT  (CODE)
                                    533 	.area GSFINAL (CODE)
                                    534 	.area GSINIT  (CODE)
                                    535 ;--------------------------------------------------------
                                    536 ; Home
                                    537 ;--------------------------------------------------------
                                    538 	.area HOME    (CODE)
                                    539 	.area HOME    (CODE)
                                    540 ;--------------------------------------------------------
                                    541 ; code
                                    542 ;--------------------------------------------------------
                                    543 	.area CSEG    (CODE)
                                    544 ;------------------------------------------------------------
                                    545 ;Allocation info for local variables in function 'I2C_Write'
                                    546 ;------------------------------------------------------------
                                    547 ;memAddr       Allocated with name '_I2C_Write_PARM_2'
                                    548 ;dat           Allocated with name '_I2C_Write_PARM_3'
                                    549 ;size          Allocated with name '_I2C_Write_PARM_4'
                                    550 ;devAddr       Allocated with name '_I2C_Write_devAddr_10000_5'
                                    551 ;------------------------------------------------------------
                                    552 ;	C:\Users\RobinLee\Documents\sdcc\FwLib_STC8\src\fw_i2c.c:18: uint8_t I2C_Write(uint8_t devAddr, uint8_t memAddr, uint8_t *dat, uint16_t size)
                                    553 ;	-----------------------------------------
                                    554 ;	 function I2C_Write
                                    555 ;	-----------------------------------------
      000000                        556 _I2C_Write:
                           000007   557 	ar7 = 0x07
                           000006   558 	ar6 = 0x06
                           000005   559 	ar5 = 0x05
                           000004   560 	ar4 = 0x04
                           000003   561 	ar3 = 0x03
                           000002   562 	ar2 = 0x02
                           000001   563 	ar1 = 0x01
                           000000   564 	ar0 = 0x00
      000000 E5 82            [12]  565 	mov	a,dpl
      000002 90r00r06         [24]  566 	mov	dptr,#_I2C_Write_devAddr_10000_5
      000005 F0               [24]  567 	movx	@dptr,a
                                    568 ;	C:\Users\RobinLee\Documents\sdcc\FwLib_STC8\src\fw_i2c.c:20: SFRX_ON();
      000006 43 BA 80         [24]  569 	orl	_P_SW2,#0x80
                                    570 ;	C:\Users\RobinLee\Documents\sdcc\FwLib_STC8\src\fw_i2c.c:21: I2C_MasterStart();
      000009 90 FE 81         [24]  571 	mov	dptr,#0xfe81
      00000C E0               [24]  572 	movx	a,@dptr
      00000D FF               [12]  573 	mov	r7,a
      00000E 74 F0            [12]  574 	mov	a,#0xf0
      000010 5F               [12]  575 	anl	a,r7
      000011 44 01            [12]  576 	orl	a,#0x01
      000013 F0               [24]  577 	movx	@dptr,a
      000014                        578 00101$:
      000014 90 FE 82         [24]  579 	mov	dptr,#0xfe82
      000017 E0               [24]  580 	movx	a,@dptr
      000018 30 E6 F9         [24]  581 	jnb	acc.6,00101$
      00001B 90 FE 82         [24]  582 	mov	dptr,#0xfe82
      00001E E0               [24]  583 	movx	a,@dptr
      00001F 54 BF            [12]  584 	anl	a,#0xbf
      000021 F0               [24]  585 	movx	@dptr,a
                                    586 ;	C:\Users\RobinLee\Documents\sdcc\FwLib_STC8\src\fw_i2c.c:22: I2C_MasterSendData(devAddr & 0xFE);
      000022 90r00r06         [24]  587 	mov	dptr,#_I2C_Write_devAddr_10000_5
      000025 E0               [24]  588 	movx	a,@dptr
      000026 54 FE            [12]  589 	anl	a,#0xfe
      000028 90 FE 86         [24]  590 	mov	dptr,#0xfe86
      00002B F0               [24]  591 	movx	@dptr,a
      00002C 90 FE 81         [24]  592 	mov	dptr,#0xfe81
      00002F E0               [24]  593 	movx	a,@dptr
      000030 FF               [12]  594 	mov	r7,a
      000031 74 F0            [12]  595 	mov	a,#0xf0
      000033 5F               [12]  596 	anl	a,r7
      000034 44 02            [12]  597 	orl	a,#0x02
      000036 F0               [24]  598 	movx	@dptr,a
      000037                        599 00104$:
      000037 90 FE 82         [24]  600 	mov	dptr,#0xfe82
      00003A E0               [24]  601 	movx	a,@dptr
      00003B 30 E6 F9         [24]  602 	jnb	acc.6,00104$
      00003E 90 FE 82         [24]  603 	mov	dptr,#0xfe82
      000041 E0               [24]  604 	movx	a,@dptr
      000042 54 BF            [12]  605 	anl	a,#0xbf
      000044 F0               [24]  606 	movx	@dptr,a
                                    607 ;	C:\Users\RobinLee\Documents\sdcc\FwLib_STC8\src\fw_i2c.c:23: I2C_MasterRxAck();
      000045 15 82            [12]  608 	dec	dpl
      000047 E0               [24]  609 	movx	a,@dptr
      000048 FF               [12]  610 	mov	r7,a
      000049 74 F0            [12]  611 	mov	a,#0xf0
      00004B 5F               [12]  612 	anl	a,r7
      00004C 44 03            [12]  613 	orl	a,#0x03
      00004E F0               [24]  614 	movx	@dptr,a
      00004F                        615 00110$:
      00004F 90 FE 82         [24]  616 	mov	dptr,#0xfe82
      000052 E0               [24]  617 	movx	a,@dptr
      000053 30 E6 F9         [24]  618 	jnb	acc.6,00110$
      000056 90 FE 82         [24]  619 	mov	dptr,#0xfe82
      000059 E0               [24]  620 	movx	a,@dptr
      00005A 54 BF            [12]  621 	anl	a,#0xbf
      00005C F0               [24]  622 	movx	@dptr,a
                                    623 ;	C:\Users\RobinLee\Documents\sdcc\FwLib_STC8\src\fw_i2c.c:24: I2C_MasterSendData(memAddr);
      00005D 90r00r00         [24]  624 	mov	dptr,#_I2C_Write_PARM_2
      000060 E0               [24]  625 	movx	a,@dptr
      000061 90 FE 86         [24]  626 	mov	dptr,#0xfe86
      000064 F0               [24]  627 	movx	@dptr,a
      000065 90 FE 81         [24]  628 	mov	dptr,#0xfe81
      000068 E0               [24]  629 	movx	a,@dptr
      000069 FF               [12]  630 	mov	r7,a
      00006A 74 F0            [12]  631 	mov	a,#0xf0
      00006C 5F               [12]  632 	anl	a,r7
      00006D 44 02            [12]  633 	orl	a,#0x02
      00006F F0               [24]  634 	movx	@dptr,a
      000070                        635 00113$:
      000070 90 FE 82         [24]  636 	mov	dptr,#0xfe82
      000073 E0               [24]  637 	movx	a,@dptr
      000074 30 E6 F9         [24]  638 	jnb	acc.6,00113$
      000077 90 FE 82         [24]  639 	mov	dptr,#0xfe82
      00007A E0               [24]  640 	movx	a,@dptr
      00007B 54 BF            [12]  641 	anl	a,#0xbf
      00007D F0               [24]  642 	movx	@dptr,a
                                    643 ;	C:\Users\RobinLee\Documents\sdcc\FwLib_STC8\src\fw_i2c.c:25: I2C_MasterRxAck();
      00007E 15 82            [12]  644 	dec	dpl
      000080 E0               [24]  645 	movx	a,@dptr
      000081 FF               [12]  646 	mov	r7,a
      000082 74 F0            [12]  647 	mov	a,#0xf0
      000084 5F               [12]  648 	anl	a,r7
      000085 44 03            [12]  649 	orl	a,#0x03
      000087 F0               [24]  650 	movx	@dptr,a
      000088                        651 00119$:
      000088 90 FE 82         [24]  652 	mov	dptr,#0xfe82
      00008B E0               [24]  653 	movx	a,@dptr
      00008C 30 E6 F9         [24]  654 	jnb	acc.6,00119$
      00008F 90 FE 82         [24]  655 	mov	dptr,#0xfe82
      000092 E0               [24]  656 	movx	a,@dptr
      000093 54 BF            [12]  657 	anl	a,#0xbf
      000095 F0               [24]  658 	movx	@dptr,a
                                    659 ;	C:\Users\RobinLee\Documents\sdcc\FwLib_STC8\src\fw_i2c.c:26: while(size--)
      000096 90r00r01         [24]  660 	mov	dptr,#_I2C_Write_PARM_3
      000099 E0               [24]  661 	movx	a,@dptr
      00009A FD               [12]  662 	mov	r5,a
      00009B A3               [24]  663 	inc	dptr
      00009C E0               [24]  664 	movx	a,@dptr
      00009D FE               [12]  665 	mov	r6,a
      00009E A3               [24]  666 	inc	dptr
      00009F E0               [24]  667 	movx	a,@dptr
      0000A0 FF               [12]  668 	mov	r7,a
      0000A1 90r00r04         [24]  669 	mov	dptr,#_I2C_Write_PARM_4
      0000A4 E0               [24]  670 	movx	a,@dptr
      0000A5 FB               [12]  671 	mov	r3,a
      0000A6 A3               [24]  672 	inc	dptr
      0000A7 E0               [24]  673 	movx	a,@dptr
      0000A8 FC               [12]  674 	mov	r4,a
      0000A9                        675 00131$:
      0000A9 8B 01            [24]  676 	mov	ar1,r3
      0000AB 8C 02            [24]  677 	mov	ar2,r4
      0000AD 1B               [12]  678 	dec	r3
      0000AE BB FF 01         [24]  679 	cjne	r3,#0xff,00253$
      0000B1 1C               [12]  680 	dec	r4
      0000B2                        681 00253$:
      0000B2 E9               [12]  682 	mov	a,r1
      0000B3 4A               [12]  683 	orl	a,r2
      0000B4 60 47            [24]  684 	jz	00133$
                                    685 ;	C:\Users\RobinLee\Documents\sdcc\FwLib_STC8\src\fw_i2c.c:28: I2C_MasterSendData(*dat++);
      0000B6 8D 82            [24]  686 	mov	dpl,r5
      0000B8 8E 83            [24]  687 	mov	dph,r6
      0000BA 8F F0            [24]  688 	mov	b,r7
      0000BC 12r00r00         [24]  689 	lcall	__gptrget
      0000BF FA               [12]  690 	mov	r2,a
      0000C0 A3               [24]  691 	inc	dptr
      0000C1 AD 82            [24]  692 	mov	r5,dpl
      0000C3 AE 83            [24]  693 	mov	r6,dph
      0000C5 90 FE 86         [24]  694 	mov	dptr,#0xfe86
      0000C8 EA               [12]  695 	mov	a,r2
      0000C9 F0               [24]  696 	movx	@dptr,a
      0000CA 90 FE 81         [24]  697 	mov	dptr,#0xfe81
      0000CD E0               [24]  698 	movx	a,@dptr
      0000CE FA               [12]  699 	mov	r2,a
      0000CF 74 F0            [12]  700 	mov	a,#0xf0
      0000D1 5A               [12]  701 	anl	a,r2
      0000D2 44 02            [12]  702 	orl	a,#0x02
      0000D4 F0               [24]  703 	movx	@dptr,a
      0000D5                        704 00122$:
      0000D5 90 FE 82         [24]  705 	mov	dptr,#0xfe82
      0000D8 E0               [24]  706 	movx	a,@dptr
      0000D9 30 E6 F9         [24]  707 	jnb	acc.6,00122$
      0000DC 90 FE 82         [24]  708 	mov	dptr,#0xfe82
      0000DF E0               [24]  709 	movx	a,@dptr
      0000E0 54 BF            [12]  710 	anl	a,#0xbf
      0000E2 F0               [24]  711 	movx	@dptr,a
                                    712 ;	C:\Users\RobinLee\Documents\sdcc\FwLib_STC8\src\fw_i2c.c:29: I2C_MasterRxAck();
      0000E3 15 82            [12]  713 	dec	dpl
      0000E5 E0               [24]  714 	movx	a,@dptr
      0000E6 FA               [12]  715 	mov	r2,a
      0000E7 74 F0            [12]  716 	mov	a,#0xf0
      0000E9 5A               [12]  717 	anl	a,r2
      0000EA 44 03            [12]  718 	orl	a,#0x03
      0000EC F0               [24]  719 	movx	@dptr,a
      0000ED                        720 00128$:
      0000ED 90 FE 82         [24]  721 	mov	dptr,#0xfe82
      0000F0 E0               [24]  722 	movx	a,@dptr
      0000F1 30 E6 F9         [24]  723 	jnb	acc.6,00128$
      0000F4 90 FE 82         [24]  724 	mov	dptr,#0xfe82
      0000F7 E0               [24]  725 	movx	a,@dptr
      0000F8 54 BF            [12]  726 	anl	a,#0xbf
      0000FA F0               [24]  727 	movx	@dptr,a
      0000FB 80 AC            [24]  728 	sjmp	00131$
      0000FD                        729 00133$:
                                    730 ;	C:\Users\RobinLee\Documents\sdcc\FwLib_STC8\src\fw_i2c.c:31: I2C_MasterStop();
      0000FD 90 FE 81         [24]  731 	mov	dptr,#0xfe81
      000100 E0               [24]  732 	movx	a,@dptr
      000101 FF               [12]  733 	mov	r7,a
      000102 74 F0            [12]  734 	mov	a,#0xf0
      000104 5F               [12]  735 	anl	a,r7
      000105 44 06            [12]  736 	orl	a,#0x06
      000107 F0               [24]  737 	movx	@dptr,a
      000108                        738 00134$:
      000108 90 FE 82         [24]  739 	mov	dptr,#0xfe82
      00010B E0               [24]  740 	movx	a,@dptr
      00010C 30 E6 F9         [24]  741 	jnb	acc.6,00134$
      00010F 90 FE 82         [24]  742 	mov	dptr,#0xfe82
      000112 E0               [24]  743 	movx	a,@dptr
      000113 54 BF            [12]  744 	anl	a,#0xbf
      000115 F0               [24]  745 	movx	@dptr,a
                                    746 ;	C:\Users\RobinLee\Documents\sdcc\FwLib_STC8\src\fw_i2c.c:32: SFRX_OFF();
      000116 53 BA 7F         [24]  747 	anl	_P_SW2,#0x7f
                                    748 ;	C:\Users\RobinLee\Documents\sdcc\FwLib_STC8\src\fw_i2c.c:33: return HAL_OK;
      000119 75 82 00         [24]  749 	mov	dpl, #0x00
                                    750 ;	C:\Users\RobinLee\Documents\sdcc\FwLib_STC8\src\fw_i2c.c:34: }
      00011C 22               [24]  751 	ret
                                    752 ;------------------------------------------------------------
                                    753 ;Allocation info for local variables in function 'I2C_Read'
                                    754 ;------------------------------------------------------------
                                    755 ;memAddr       Allocated with name '_I2C_Read_PARM_2'
                                    756 ;buf           Allocated with name '_I2C_Read_PARM_3'
                                    757 ;size          Allocated with name '_I2C_Read_PARM_4'
                                    758 ;devAddr       Allocated with name '_I2C_Read_devAddr_10000_19'
                                    759 ;------------------------------------------------------------
                                    760 ;	C:\Users\RobinLee\Documents\sdcc\FwLib_STC8\src\fw_i2c.c:36: uint8_t I2C_Read(uint8_t devAddr, uint8_t memAddr, uint8_t *buf, uint16_t size)
                                    761 ;	-----------------------------------------
                                    762 ;	 function I2C_Read
                                    763 ;	-----------------------------------------
      00011D                        764 _I2C_Read:
      00011D E5 82            [12]  765 	mov	a,dpl
      00011F 90r00r0D         [24]  766 	mov	dptr,#_I2C_Read_devAddr_10000_19
      000122 F0               [24]  767 	movx	@dptr,a
                                    768 ;	C:\Users\RobinLee\Documents\sdcc\FwLib_STC8\src\fw_i2c.c:38: SFRX_ON();
      000123 43 BA 80         [24]  769 	orl	_P_SW2,#0x80
                                    770 ;	C:\Users\RobinLee\Documents\sdcc\FwLib_STC8\src\fw_i2c.c:39: I2C_MasterStart();
      000126 90 FE 81         [24]  771 	mov	dptr,#0xfe81
      000129 E0               [24]  772 	movx	a,@dptr
      00012A FF               [12]  773 	mov	r7,a
      00012B 74 F0            [12]  774 	mov	a,#0xf0
      00012D 5F               [12]  775 	anl	a,r7
      00012E 44 01            [12]  776 	orl	a,#0x01
      000130 F0               [24]  777 	movx	@dptr,a
      000131                        778 00101$:
      000131 90 FE 82         [24]  779 	mov	dptr,#0xfe82
      000134 E0               [24]  780 	movx	a,@dptr
      000135 30 E6 F9         [24]  781 	jnb	acc.6,00101$
      000138 90 FE 82         [24]  782 	mov	dptr,#0xfe82
      00013B E0               [24]  783 	movx	a,@dptr
      00013C 54 BF            [12]  784 	anl	a,#0xbf
      00013E F0               [24]  785 	movx	@dptr,a
                                    786 ;	C:\Users\RobinLee\Documents\sdcc\FwLib_STC8\src\fw_i2c.c:40: I2C_MasterSendData(devAddr & 0xFE);
      00013F 90r00r0D         [24]  787 	mov	dptr,#_I2C_Read_devAddr_10000_19
      000142 E0               [24]  788 	movx	a,@dptr
      000143 54 FE            [12]  789 	anl	a,#0xfe
      000145 90 FE 86         [24]  790 	mov	dptr,#0xfe86
      000148 F0               [24]  791 	movx	@dptr,a
      000149 90 FE 81         [24]  792 	mov	dptr,#0xfe81
      00014C E0               [24]  793 	movx	a,@dptr
      00014D FF               [12]  794 	mov	r7,a
      00014E 74 F0            [12]  795 	mov	a,#0xf0
      000150 5F               [12]  796 	anl	a,r7
      000151 44 02            [12]  797 	orl	a,#0x02
      000153 F0               [24]  798 	movx	@dptr,a
      000154                        799 00104$:
      000154 90 FE 82         [24]  800 	mov	dptr,#0xfe82
      000157 E0               [24]  801 	movx	a,@dptr
      000158 30 E6 F9         [24]  802 	jnb	acc.6,00104$
      00015B 90 FE 82         [24]  803 	mov	dptr,#0xfe82
      00015E E0               [24]  804 	movx	a,@dptr
      00015F 54 BF            [12]  805 	anl	a,#0xbf
      000161 F0               [24]  806 	movx	@dptr,a
                                    807 ;	C:\Users\RobinLee\Documents\sdcc\FwLib_STC8\src\fw_i2c.c:41: I2C_MasterRxAck();
      000162 15 82            [12]  808 	dec	dpl
      000164 E0               [24]  809 	movx	a,@dptr
      000165 FF               [12]  810 	mov	r7,a
      000166 74 F0            [12]  811 	mov	a,#0xf0
      000168 5F               [12]  812 	anl	a,r7
      000169 44 03            [12]  813 	orl	a,#0x03
      00016B F0               [24]  814 	movx	@dptr,a
      00016C                        815 00110$:
      00016C 90 FE 82         [24]  816 	mov	dptr,#0xfe82
      00016F E0               [24]  817 	movx	a,@dptr
      000170 30 E6 F9         [24]  818 	jnb	acc.6,00110$
      000173 90 FE 82         [24]  819 	mov	dptr,#0xfe82
      000176 E0               [24]  820 	movx	a,@dptr
      000177 54 BF            [12]  821 	anl	a,#0xbf
      000179 F0               [24]  822 	movx	@dptr,a
                                    823 ;	C:\Users\RobinLee\Documents\sdcc\FwLib_STC8\src\fw_i2c.c:42: I2C_MasterSendData(memAddr);
      00017A 90r00r07         [24]  824 	mov	dptr,#_I2C_Read_PARM_2
      00017D E0               [24]  825 	movx	a,@dptr
      00017E 90 FE 86         [24]  826 	mov	dptr,#0xfe86
      000181 F0               [24]  827 	movx	@dptr,a
      000182 90 FE 81         [24]  828 	mov	dptr,#0xfe81
      000185 E0               [24]  829 	movx	a,@dptr
      000186 FF               [12]  830 	mov	r7,a
      000187 74 F0            [12]  831 	mov	a,#0xf0
      000189 5F               [12]  832 	anl	a,r7
      00018A 44 02            [12]  833 	orl	a,#0x02
      00018C F0               [24]  834 	movx	@dptr,a
      00018D                        835 00113$:
      00018D 90 FE 82         [24]  836 	mov	dptr,#0xfe82
      000190 E0               [24]  837 	movx	a,@dptr
      000191 30 E6 F9         [24]  838 	jnb	acc.6,00113$
      000194 90 FE 82         [24]  839 	mov	dptr,#0xfe82
      000197 E0               [24]  840 	movx	a,@dptr
      000198 54 BF            [12]  841 	anl	a,#0xbf
      00019A F0               [24]  842 	movx	@dptr,a
                                    843 ;	C:\Users\RobinLee\Documents\sdcc\FwLib_STC8\src\fw_i2c.c:43: I2C_MasterRxAck();
      00019B 15 82            [12]  844 	dec	dpl
      00019D E0               [24]  845 	movx	a,@dptr
      00019E FF               [12]  846 	mov	r7,a
      00019F 74 F0            [12]  847 	mov	a,#0xf0
      0001A1 5F               [12]  848 	anl	a,r7
      0001A2 44 03            [12]  849 	orl	a,#0x03
      0001A4 F0               [24]  850 	movx	@dptr,a
      0001A5                        851 00119$:
      0001A5 90 FE 82         [24]  852 	mov	dptr,#0xfe82
      0001A8 E0               [24]  853 	movx	a,@dptr
      0001A9 30 E6 F9         [24]  854 	jnb	acc.6,00119$
      0001AC 90 FE 82         [24]  855 	mov	dptr,#0xfe82
      0001AF E0               [24]  856 	movx	a,@dptr
      0001B0 54 BF            [12]  857 	anl	a,#0xbf
      0001B2 F0               [24]  858 	movx	@dptr,a
                                    859 ;	C:\Users\RobinLee\Documents\sdcc\FwLib_STC8\src\fw_i2c.c:44: I2C_MasterStart();
      0001B3 15 82            [12]  860 	dec	dpl
      0001B5 E0               [24]  861 	movx	a,@dptr
      0001B6 FF               [12]  862 	mov	r7,a
      0001B7 74 F0            [12]  863 	mov	a,#0xf0
      0001B9 5F               [12]  864 	anl	a,r7
      0001BA 44 01            [12]  865 	orl	a,#0x01
      0001BC F0               [24]  866 	movx	@dptr,a
      0001BD                        867 00122$:
      0001BD 90 FE 82         [24]  868 	mov	dptr,#0xfe82
      0001C0 E0               [24]  869 	movx	a,@dptr
      0001C1 30 E6 F9         [24]  870 	jnb	acc.6,00122$
      0001C4 90 FE 82         [24]  871 	mov	dptr,#0xfe82
      0001C7 E0               [24]  872 	movx	a,@dptr
      0001C8 54 BF            [12]  873 	anl	a,#0xbf
      0001CA F0               [24]  874 	movx	@dptr,a
                                    875 ;	C:\Users\RobinLee\Documents\sdcc\FwLib_STC8\src\fw_i2c.c:45: I2C_MasterSendData(devAddr | 0x01);
      0001CB 90r00r0D         [24]  876 	mov	dptr,#_I2C_Read_devAddr_10000_19
      0001CE E0               [24]  877 	movx	a,@dptr
      0001CF 44 01            [12]  878 	orl	a,#0x01
      0001D1 90 FE 86         [24]  879 	mov	dptr,#0xfe86
      0001D4 F0               [24]  880 	movx	@dptr,a
      0001D5 90 FE 81         [24]  881 	mov	dptr,#0xfe81
      0001D8 E0               [24]  882 	movx	a,@dptr
      0001D9 FF               [12]  883 	mov	r7,a
      0001DA 74 F0            [12]  884 	mov	a,#0xf0
      0001DC 5F               [12]  885 	anl	a,r7
      0001DD 44 02            [12]  886 	orl	a,#0x02
      0001DF F0               [24]  887 	movx	@dptr,a
      0001E0                        888 00125$:
      0001E0 90 FE 82         [24]  889 	mov	dptr,#0xfe82
      0001E3 E0               [24]  890 	movx	a,@dptr
      0001E4 30 E6 F9         [24]  891 	jnb	acc.6,00125$
      0001E7 90 FE 82         [24]  892 	mov	dptr,#0xfe82
      0001EA E0               [24]  893 	movx	a,@dptr
      0001EB 54 BF            [12]  894 	anl	a,#0xbf
      0001ED F0               [24]  895 	movx	@dptr,a
                                    896 ;	C:\Users\RobinLee\Documents\sdcc\FwLib_STC8\src\fw_i2c.c:46: I2C_MasterRxAck();
      0001EE 15 82            [12]  897 	dec	dpl
      0001F0 E0               [24]  898 	movx	a,@dptr
      0001F1 FF               [12]  899 	mov	r7,a
      0001F2 74 F0            [12]  900 	mov	a,#0xf0
      0001F4 5F               [12]  901 	anl	a,r7
      0001F5 44 03            [12]  902 	orl	a,#0x03
      0001F7 F0               [24]  903 	movx	@dptr,a
      0001F8                        904 00131$:
      0001F8 90 FE 82         [24]  905 	mov	dptr,#0xfe82
      0001FB E0               [24]  906 	movx	a,@dptr
      0001FC 30 E6 F9         [24]  907 	jnb	acc.6,00131$
      0001FF 90 FE 82         [24]  908 	mov	dptr,#0xfe82
      000202 E0               [24]  909 	movx	a,@dptr
      000203 54 BF            [12]  910 	anl	a,#0xbf
      000205 F0               [24]  911 	movx	@dptr,a
                                    912 ;	C:\Users\RobinLee\Documents\sdcc\FwLib_STC8\src\fw_i2c.c:47: while(size--)
      000206 90r00r08         [24]  913 	mov	dptr,#_I2C_Read_PARM_3
      000209 E0               [24]  914 	movx	a,@dptr
      00020A FD               [12]  915 	mov	r5,a
      00020B A3               [24]  916 	inc	dptr
      00020C E0               [24]  917 	movx	a,@dptr
      00020D FE               [12]  918 	mov	r6,a
      00020E A3               [24]  919 	inc	dptr
      00020F E0               [24]  920 	movx	a,@dptr
      000210 FF               [12]  921 	mov	r7,a
      000211 90r00r0B         [24]  922 	mov	dptr,#_I2C_Read_PARM_4
      000214 E0               [24]  923 	movx	a,@dptr
      000215 FB               [12]  924 	mov	r3,a
      000216 A3               [24]  925 	inc	dptr
      000217 E0               [24]  926 	movx	a,@dptr
      000218 FC               [12]  927 	mov	r4,a
      000219                        928 00152$:
      000219 8B 01            [24]  929 	mov	ar1,r3
      00021B 8C 02            [24]  930 	mov	ar2,r4
      00021D 1B               [12]  931 	dec	r3
      00021E BB FF 01         [24]  932 	cjne	r3,#0xff,00331$
      000221 1C               [12]  933 	dec	r4
      000222                        934 00331$:
      000222 E9               [12]  935 	mov	a,r1
      000223 4A               [12]  936 	orl	a,r2
      000224 60 71            [24]  937 	jz	00154$
                                    938 ;	C:\Users\RobinLee\Documents\sdcc\FwLib_STC8\src\fw_i2c.c:49: I2C_SendMasterCmd(I2C_MasterCmd_Recv);
      000226 90 FE 81         [24]  939 	mov	dptr,#0xfe81
      000229 E0               [24]  940 	movx	a,@dptr
      00022A FA               [12]  941 	mov	r2,a
      00022B 74 F0            [12]  942 	mov	a,#0xf0
      00022D 5A               [12]  943 	anl	a,r2
      00022E 44 04            [12]  944 	orl	a,#0x04
      000230 F0               [24]  945 	movx	@dptr,a
      000231                        946 00134$:
      000231 90 FE 82         [24]  947 	mov	dptr,#0xfe82
      000234 E0               [24]  948 	movx	a,@dptr
      000235 30 E6 F9         [24]  949 	jnb	acc.6,00134$
      000238 90 FE 82         [24]  950 	mov	dptr,#0xfe82
      00023B E0               [24]  951 	movx	a,@dptr
      00023C 54 BF            [12]  952 	anl	a,#0xbf
      00023E F0               [24]  953 	movx	@dptr,a
                                    954 ;	C:\Users\RobinLee\Documents\sdcc\FwLib_STC8\src\fw_i2c.c:50: *buf++ = I2CRXD;
      00023F 90 FE 87         [24]  955 	mov	dptr,#0xfe87
      000242 E0               [24]  956 	movx	a,@dptr
      000243 8D 82            [24]  957 	mov	dpl,r5
      000245 8E 83            [24]  958 	mov	dph,r6
      000247 8F F0            [24]  959 	mov	b,r7
      000249 12r00r00         [24]  960 	lcall	__gptrput
      00024C A3               [24]  961 	inc	dptr
      00024D AD 82            [24]  962 	mov	r5,dpl
      00024F AE 83            [24]  963 	mov	r6,dph
                                    964 ;	C:\Users\RobinLee\Documents\sdcc\FwLib_STC8\src\fw_i2c.c:51: if (size == 0)
      000251 EB               [12]  965 	mov	a,r3
      000252 4C               [12]  966 	orl	a,r4
      000253 70 21            [24]  967 	jnz	00146$
                                    968 ;	C:\Users\RobinLee\Documents\sdcc\FwLib_STC8\src\fw_i2c.c:53: I2C_MasterNAck();
      000255 90 FE 82         [24]  969 	mov	dptr,#0xfe82
      000258 E0               [24]  970 	movx	a,@dptr
      000259 44 01            [12]  971 	orl	a,#0x01
      00025B F0               [24]  972 	movx	@dptr,a
      00025C 15 82            [12]  973 	dec	dpl
      00025E E0               [24]  974 	movx	a,@dptr
      00025F FA               [12]  975 	mov	r2,a
      000260 74 F0            [12]  976 	mov	a,#0xf0
      000262 5A               [12]  977 	anl	a,r2
      000263 44 05            [12]  978 	orl	a,#0x05
      000265 F0               [24]  979 	movx	@dptr,a
      000266                        980 00137$:
      000266 90 FE 82         [24]  981 	mov	dptr,#0xfe82
      000269 E0               [24]  982 	movx	a,@dptr
      00026A 30 E6 F9         [24]  983 	jnb	acc.6,00137$
      00026D 90 FE 82         [24]  984 	mov	dptr,#0xfe82
      000270 E0               [24]  985 	movx	a,@dptr
      000271 54 BF            [12]  986 	anl	a,#0xbf
      000273 F0               [24]  987 	movx	@dptr,a
                                    988 ;	C:\Users\RobinLee\Documents\sdcc\FwLib_STC8\src\fw_i2c.c:57: I2C_MasterAck();
      000274 80 A3            [24]  989 	sjmp	00152$
      000276                        990 00146$:
      000276 90 FE 82         [24]  991 	mov	dptr,#0xfe82
      000279 E0               [24]  992 	movx	a,@dptr
      00027A 54 FE            [12]  993 	anl	a,#0xfe
      00027C F0               [24]  994 	movx	@dptr,a
      00027D 15 82            [12]  995 	dec	dpl
      00027F E0               [24]  996 	movx	a,@dptr
      000280 FA               [12]  997 	mov	r2,a
      000281 74 F0            [12]  998 	mov	a,#0xf0
      000283 5A               [12]  999 	anl	a,r2
      000284 44 05            [12] 1000 	orl	a,#0x05
      000286 F0               [24] 1001 	movx	@dptr,a
      000287                       1002 00143$:
      000287 90 FE 82         [24] 1003 	mov	dptr,#0xfe82
      00028A E0               [24] 1004 	movx	a,@dptr
      00028B 30 E6 F9         [24] 1005 	jnb	acc.6,00143$
      00028E 90 FE 82         [24] 1006 	mov	dptr,#0xfe82
      000291 E0               [24] 1007 	movx	a,@dptr
      000292 54 BF            [12] 1008 	anl	a,#0xbf
      000294 F0               [24] 1009 	movx	@dptr,a
      000295 80 82            [24] 1010 	sjmp	00152$
      000297                       1011 00154$:
                                   1012 ;	C:\Users\RobinLee\Documents\sdcc\FwLib_STC8\src\fw_i2c.c:60: I2C_MasterStop();
      000297 90 FE 81         [24] 1013 	mov	dptr,#0xfe81
      00029A E0               [24] 1014 	movx	a,@dptr
      00029B FF               [12] 1015 	mov	r7,a
      00029C 74 F0            [12] 1016 	mov	a,#0xf0
      00029E 5F               [12] 1017 	anl	a,r7
      00029F 44 06            [12] 1018 	orl	a,#0x06
      0002A1 F0               [24] 1019 	movx	@dptr,a
      0002A2                       1020 00155$:
      0002A2 90 FE 82         [24] 1021 	mov	dptr,#0xfe82
      0002A5 E0               [24] 1022 	movx	a,@dptr
      0002A6 30 E6 F9         [24] 1023 	jnb	acc.6,00155$
      0002A9 90 FE 82         [24] 1024 	mov	dptr,#0xfe82
      0002AC E0               [24] 1025 	movx	a,@dptr
      0002AD 54 BF            [12] 1026 	anl	a,#0xbf
      0002AF F0               [24] 1027 	movx	@dptr,a
                                   1028 ;	C:\Users\RobinLee\Documents\sdcc\FwLib_STC8\src\fw_i2c.c:61: SFRX_OFF();
      0002B0 53 BA 7F         [24] 1029 	anl	_P_SW2,#0x7f
                                   1030 ;	C:\Users\RobinLee\Documents\sdcc\FwLib_STC8\src\fw_i2c.c:62: return HAL_OK;
      0002B3 75 82 00         [24] 1031 	mov	dpl, #0x00
                                   1032 ;	C:\Users\RobinLee\Documents\sdcc\FwLib_STC8\src\fw_i2c.c:63: }
      0002B6 22               [24] 1033 	ret
                                   1034 ;------------------------------------------------------------
                                   1035 ;Allocation info for local variables in function 'I2C_Write16BitAddr'
                                   1036 ;------------------------------------------------------------
                                   1037 ;memAddr       Allocated with name '_I2C_Write16BitAddr_PARM_2'
                                   1038 ;dat           Allocated with name '_I2C_Write16BitAddr_PARM_3'
                                   1039 ;size          Allocated with name '_I2C_Write16BitAddr_PARM_4'
                                   1040 ;devAddr       Allocated with name '_I2C_Write16BitAddr_devAddr_10000_41'
                                   1041 ;------------------------------------------------------------
                                   1042 ;	C:\Users\RobinLee\Documents\sdcc\FwLib_STC8\src\fw_i2c.c:65: uint8_t I2C_Write16BitAddr(uint8_t devAddr, uint16_t memAddr, uint8_t *dat, uint16_t size)
                                   1043 ;	-----------------------------------------
                                   1044 ;	 function I2C_Write16BitAddr
                                   1045 ;	-----------------------------------------
      0002B7                       1046 _I2C_Write16BitAddr:
      0002B7 E5 82            [12] 1047 	mov	a,dpl
      0002B9 90r00r15         [24] 1048 	mov	dptr,#_I2C_Write16BitAddr_devAddr_10000_41
      0002BC F0               [24] 1049 	movx	@dptr,a
                                   1050 ;	C:\Users\RobinLee\Documents\sdcc\FwLib_STC8\src\fw_i2c.c:67: SFRX_ON();
      0002BD 43 BA 80         [24] 1051 	orl	_P_SW2,#0x80
                                   1052 ;	C:\Users\RobinLee\Documents\sdcc\FwLib_STC8\src\fw_i2c.c:68: I2C_MasterStart();
      0002C0 90 FE 81         [24] 1053 	mov	dptr,#0xfe81
      0002C3 E0               [24] 1054 	movx	a,@dptr
      0002C4 FF               [12] 1055 	mov	r7,a
      0002C5 74 F0            [12] 1056 	mov	a,#0xf0
      0002C7 5F               [12] 1057 	anl	a,r7
      0002C8 44 01            [12] 1058 	orl	a,#0x01
      0002CA F0               [24] 1059 	movx	@dptr,a
      0002CB                       1060 00101$:
      0002CB 90 FE 82         [24] 1061 	mov	dptr,#0xfe82
      0002CE E0               [24] 1062 	movx	a,@dptr
      0002CF 30 E6 F9         [24] 1063 	jnb	acc.6,00101$
      0002D2 90 FE 82         [24] 1064 	mov	dptr,#0xfe82
      0002D5 E0               [24] 1065 	movx	a,@dptr
      0002D6 54 BF            [12] 1066 	anl	a,#0xbf
      0002D8 F0               [24] 1067 	movx	@dptr,a
                                   1068 ;	C:\Users\RobinLee\Documents\sdcc\FwLib_STC8\src\fw_i2c.c:69: I2C_MasterSendData(devAddr & 0xFE);
      0002D9 90r00r15         [24] 1069 	mov	dptr,#_I2C_Write16BitAddr_devAddr_10000_41
      0002DC E0               [24] 1070 	movx	a,@dptr
      0002DD 54 FE            [12] 1071 	anl	a,#0xfe
      0002DF 90 FE 86         [24] 1072 	mov	dptr,#0xfe86
      0002E2 F0               [24] 1073 	movx	@dptr,a
      0002E3 90 FE 81         [24] 1074 	mov	dptr,#0xfe81
      0002E6 E0               [24] 1075 	movx	a,@dptr
      0002E7 FF               [12] 1076 	mov	r7,a
      0002E8 74 F0            [12] 1077 	mov	a,#0xf0
      0002EA 5F               [12] 1078 	anl	a,r7
      0002EB 44 02            [12] 1079 	orl	a,#0x02
      0002ED F0               [24] 1080 	movx	@dptr,a
      0002EE                       1081 00104$:
      0002EE 90 FE 82         [24] 1082 	mov	dptr,#0xfe82
      0002F1 E0               [24] 1083 	movx	a,@dptr
      0002F2 30 E6 F9         [24] 1084 	jnb	acc.6,00104$
      0002F5 90 FE 82         [24] 1085 	mov	dptr,#0xfe82
      0002F8 E0               [24] 1086 	movx	a,@dptr
      0002F9 54 BF            [12] 1087 	anl	a,#0xbf
      0002FB F0               [24] 1088 	movx	@dptr,a
                                   1089 ;	C:\Users\RobinLee\Documents\sdcc\FwLib_STC8\src\fw_i2c.c:70: I2C_MasterRxAck();
      0002FC 15 82            [12] 1090 	dec	dpl
      0002FE E0               [24] 1091 	movx	a,@dptr
      0002FF FF               [12] 1092 	mov	r7,a
      000300 74 F0            [12] 1093 	mov	a,#0xf0
      000302 5F               [12] 1094 	anl	a,r7
      000303 44 03            [12] 1095 	orl	a,#0x03
      000305 F0               [24] 1096 	movx	@dptr,a
      000306                       1097 00110$:
      000306 90 FE 82         [24] 1098 	mov	dptr,#0xfe82
      000309 E0               [24] 1099 	movx	a,@dptr
      00030A 30 E6 F9         [24] 1100 	jnb	acc.6,00110$
      00030D 90 FE 82         [24] 1101 	mov	dptr,#0xfe82
      000310 E0               [24] 1102 	movx	a,@dptr
      000311 54 BF            [12] 1103 	anl	a,#0xbf
      000313 F0               [24] 1104 	movx	@dptr,a
                                   1105 ;	C:\Users\RobinLee\Documents\sdcc\FwLib_STC8\src\fw_i2c.c:71: I2C_MasterSendData(memAddr >> 8);
      000314 90r00r0E         [24] 1106 	mov	dptr,#_I2C_Write16BitAddr_PARM_2
      000317 E0               [24] 1107 	movx	a,@dptr
      000318 FE               [12] 1108 	mov	r6,a
      000319 A3               [24] 1109 	inc	dptr
      00031A E0               [24] 1110 	movx	a,@dptr
      00031B 90 FE 86         [24] 1111 	mov	dptr,#0xfe86
      00031E F0               [24] 1112 	movx	@dptr,a
      00031F 90 FE 81         [24] 1113 	mov	dptr,#0xfe81
      000322 E0               [24] 1114 	movx	a,@dptr
      000323 FD               [12] 1115 	mov	r5,a
      000324 74 F0            [12] 1116 	mov	a,#0xf0
      000326 5D               [12] 1117 	anl	a,r5
      000327 44 02            [12] 1118 	orl	a,#0x02
      000329 F0               [24] 1119 	movx	@dptr,a
      00032A                       1120 00113$:
      00032A 90 FE 82         [24] 1121 	mov	dptr,#0xfe82
      00032D E0               [24] 1122 	movx	a,@dptr
      00032E 30 E6 F9         [24] 1123 	jnb	acc.6,00113$
      000331 90 FE 82         [24] 1124 	mov	dptr,#0xfe82
      000334 E0               [24] 1125 	movx	a,@dptr
      000335 54 BF            [12] 1126 	anl	a,#0xbf
      000337 F0               [24] 1127 	movx	@dptr,a
                                   1128 ;	C:\Users\RobinLee\Documents\sdcc\FwLib_STC8\src\fw_i2c.c:72: I2C_MasterRxAck();
      000338 15 82            [12] 1129 	dec	dpl
      00033A E0               [24] 1130 	movx	a,@dptr
      00033B FD               [12] 1131 	mov	r5,a
      00033C 74 F0            [12] 1132 	mov	a,#0xf0
      00033E 5D               [12] 1133 	anl	a,r5
      00033F 44 03            [12] 1134 	orl	a,#0x03
      000341 F0               [24] 1135 	movx	@dptr,a
      000342                       1136 00119$:
      000342 90 FE 82         [24] 1137 	mov	dptr,#0xfe82
      000345 E0               [24] 1138 	movx	a,@dptr
      000346 30 E6 F9         [24] 1139 	jnb	acc.6,00119$
      000349 90 FE 82         [24] 1140 	mov	dptr,#0xfe82
      00034C E0               [24] 1141 	movx	a,@dptr
      00034D 54 BF            [12] 1142 	anl	a,#0xbf
      00034F F0               [24] 1143 	movx	@dptr,a
                                   1144 ;	C:\Users\RobinLee\Documents\sdcc\FwLib_STC8\src\fw_i2c.c:73: I2C_MasterSendData(memAddr & 0xFF);
      000350 90 FE 86         [24] 1145 	mov	dptr,#0xfe86
      000353 EE               [12] 1146 	mov	a,r6
      000354 F0               [24] 1147 	movx	@dptr,a
      000355 90 FE 81         [24] 1148 	mov	dptr,#0xfe81
      000358 E0               [24] 1149 	movx	a,@dptr
      000359 FF               [12] 1150 	mov	r7,a
      00035A 74 F0            [12] 1151 	mov	a,#0xf0
      00035C 5F               [12] 1152 	anl	a,r7
      00035D 44 02            [12] 1153 	orl	a,#0x02
      00035F F0               [24] 1154 	movx	@dptr,a
      000360                       1155 00122$:
      000360 90 FE 82         [24] 1156 	mov	dptr,#0xfe82
      000363 E0               [24] 1157 	movx	a,@dptr
      000364 30 E6 F9         [24] 1158 	jnb	acc.6,00122$
      000367 90 FE 82         [24] 1159 	mov	dptr,#0xfe82
      00036A E0               [24] 1160 	movx	a,@dptr
      00036B 54 BF            [12] 1161 	anl	a,#0xbf
      00036D F0               [24] 1162 	movx	@dptr,a
                                   1163 ;	C:\Users\RobinLee\Documents\sdcc\FwLib_STC8\src\fw_i2c.c:74: I2C_MasterRxAck();
      00036E 15 82            [12] 1164 	dec	dpl
      000370 E0               [24] 1165 	movx	a,@dptr
      000371 FF               [12] 1166 	mov	r7,a
      000372 74 F0            [12] 1167 	mov	a,#0xf0
      000374 5F               [12] 1168 	anl	a,r7
      000375 44 03            [12] 1169 	orl	a,#0x03
      000377 F0               [24] 1170 	movx	@dptr,a
      000378                       1171 00128$:
      000378 90 FE 82         [24] 1172 	mov	dptr,#0xfe82
      00037B E0               [24] 1173 	movx	a,@dptr
      00037C 30 E6 F9         [24] 1174 	jnb	acc.6,00128$
      00037F 90 FE 82         [24] 1175 	mov	dptr,#0xfe82
      000382 E0               [24] 1176 	movx	a,@dptr
      000383 54 BF            [12] 1177 	anl	a,#0xbf
      000385 F0               [24] 1178 	movx	@dptr,a
                                   1179 ;	C:\Users\RobinLee\Documents\sdcc\FwLib_STC8\src\fw_i2c.c:75: while(size--)
      000386 90r00r10         [24] 1180 	mov	dptr,#_I2C_Write16BitAddr_PARM_3
      000389 E0               [24] 1181 	movx	a,@dptr
      00038A FD               [12] 1182 	mov	r5,a
      00038B A3               [24] 1183 	inc	dptr
      00038C E0               [24] 1184 	movx	a,@dptr
      00038D FE               [12] 1185 	mov	r6,a
      00038E A3               [24] 1186 	inc	dptr
      00038F E0               [24] 1187 	movx	a,@dptr
      000390 FF               [12] 1188 	mov	r7,a
      000391 90r00r13         [24] 1189 	mov	dptr,#_I2C_Write16BitAddr_PARM_4
      000394 E0               [24] 1190 	movx	a,@dptr
      000395 FB               [12] 1191 	mov	r3,a
      000396 A3               [24] 1192 	inc	dptr
      000397 E0               [24] 1193 	movx	a,@dptr
      000398 FC               [12] 1194 	mov	r4,a
      000399                       1195 00140$:
      000399 8B 01            [24] 1196 	mov	ar1,r3
      00039B 8C 02            [24] 1197 	mov	ar2,r4
      00039D 1B               [12] 1198 	dec	r3
      00039E BB FF 01         [24] 1199 	cjne	r3,#0xff,00288$
      0003A1 1C               [12] 1200 	dec	r4
      0003A2                       1201 00288$:
      0003A2 E9               [12] 1202 	mov	a,r1
      0003A3 4A               [12] 1203 	orl	a,r2
      0003A4 60 47            [24] 1204 	jz	00142$
                                   1205 ;	C:\Users\RobinLee\Documents\sdcc\FwLib_STC8\src\fw_i2c.c:77: I2C_MasterSendData(*dat++);
      0003A6 8D 82            [24] 1206 	mov	dpl,r5
      0003A8 8E 83            [24] 1207 	mov	dph,r6
      0003AA 8F F0            [24] 1208 	mov	b,r7
      0003AC 12r00r00         [24] 1209 	lcall	__gptrget
      0003AF FA               [12] 1210 	mov	r2,a
      0003B0 A3               [24] 1211 	inc	dptr
      0003B1 AD 82            [24] 1212 	mov	r5,dpl
      0003B3 AE 83            [24] 1213 	mov	r6,dph
      0003B5 90 FE 86         [24] 1214 	mov	dptr,#0xfe86
      0003B8 EA               [12] 1215 	mov	a,r2
      0003B9 F0               [24] 1216 	movx	@dptr,a
      0003BA 90 FE 81         [24] 1217 	mov	dptr,#0xfe81
      0003BD E0               [24] 1218 	movx	a,@dptr
      0003BE FA               [12] 1219 	mov	r2,a
      0003BF 74 F0            [12] 1220 	mov	a,#0xf0
      0003C1 5A               [12] 1221 	anl	a,r2
      0003C2 44 02            [12] 1222 	orl	a,#0x02
      0003C4 F0               [24] 1223 	movx	@dptr,a
      0003C5                       1224 00131$:
      0003C5 90 FE 82         [24] 1225 	mov	dptr,#0xfe82
      0003C8 E0               [24] 1226 	movx	a,@dptr
      0003C9 30 E6 F9         [24] 1227 	jnb	acc.6,00131$
      0003CC 90 FE 82         [24] 1228 	mov	dptr,#0xfe82
      0003CF E0               [24] 1229 	movx	a,@dptr
      0003D0 54 BF            [12] 1230 	anl	a,#0xbf
      0003D2 F0               [24] 1231 	movx	@dptr,a
                                   1232 ;	C:\Users\RobinLee\Documents\sdcc\FwLib_STC8\src\fw_i2c.c:78: I2C_MasterRxAck();
      0003D3 15 82            [12] 1233 	dec	dpl
      0003D5 E0               [24] 1234 	movx	a,@dptr
      0003D6 FA               [12] 1235 	mov	r2,a
      0003D7 74 F0            [12] 1236 	mov	a,#0xf0
      0003D9 5A               [12] 1237 	anl	a,r2
      0003DA 44 03            [12] 1238 	orl	a,#0x03
      0003DC F0               [24] 1239 	movx	@dptr,a
      0003DD                       1240 00137$:
      0003DD 90 FE 82         [24] 1241 	mov	dptr,#0xfe82
      0003E0 E0               [24] 1242 	movx	a,@dptr
      0003E1 30 E6 F9         [24] 1243 	jnb	acc.6,00137$
      0003E4 90 FE 82         [24] 1244 	mov	dptr,#0xfe82
      0003E7 E0               [24] 1245 	movx	a,@dptr
      0003E8 54 BF            [12] 1246 	anl	a,#0xbf
      0003EA F0               [24] 1247 	movx	@dptr,a
      0003EB 80 AC            [24] 1248 	sjmp	00140$
      0003ED                       1249 00142$:
                                   1250 ;	C:\Users\RobinLee\Documents\sdcc\FwLib_STC8\src\fw_i2c.c:80: I2C_MasterStop();
      0003ED 90 FE 81         [24] 1251 	mov	dptr,#0xfe81
      0003F0 E0               [24] 1252 	movx	a,@dptr
      0003F1 FF               [12] 1253 	mov	r7,a
      0003F2 74 F0            [12] 1254 	mov	a,#0xf0
      0003F4 5F               [12] 1255 	anl	a,r7
      0003F5 44 06            [12] 1256 	orl	a,#0x06
      0003F7 F0               [24] 1257 	movx	@dptr,a
      0003F8                       1258 00143$:
      0003F8 90 FE 82         [24] 1259 	mov	dptr,#0xfe82
      0003FB E0               [24] 1260 	movx	a,@dptr
      0003FC 30 E6 F9         [24] 1261 	jnb	acc.6,00143$
      0003FF 90 FE 82         [24] 1262 	mov	dptr,#0xfe82
      000402 E0               [24] 1263 	movx	a,@dptr
      000403 54 BF            [12] 1264 	anl	a,#0xbf
      000405 F0               [24] 1265 	movx	@dptr,a
                                   1266 ;	C:\Users\RobinLee\Documents\sdcc\FwLib_STC8\src\fw_i2c.c:81: SFRX_OFF();
      000406 53 BA 7F         [24] 1267 	anl	_P_SW2,#0x7f
                                   1268 ;	C:\Users\RobinLee\Documents\sdcc\FwLib_STC8\src\fw_i2c.c:82: return HAL_OK;
      000409 75 82 00         [24] 1269 	mov	dpl, #0x00
                                   1270 ;	C:\Users\RobinLee\Documents\sdcc\FwLib_STC8\src\fw_i2c.c:83: }
      00040C 22               [24] 1271 	ret
                                   1272 ;------------------------------------------------------------
                                   1273 ;Allocation info for local variables in function 'I2C_Read16BitAddr'
                                   1274 ;------------------------------------------------------------
                                   1275 ;memAddr       Allocated with name '_I2C_Read16BitAddr_PARM_2'
                                   1276 ;buf           Allocated with name '_I2C_Read16BitAddr_PARM_3'
                                   1277 ;size          Allocated with name '_I2C_Read16BitAddr_PARM_4'
                                   1278 ;devAddr       Allocated with name '_I2C_Read16BitAddr_devAddr_10000_58'
                                   1279 ;------------------------------------------------------------
                                   1280 ;	C:\Users\RobinLee\Documents\sdcc\FwLib_STC8\src\fw_i2c.c:85: uint8_t I2C_Read16BitAddr(uint8_t devAddr, uint16_t memAddr, uint8_t *buf, uint16_t size)
                                   1281 ;	-----------------------------------------
                                   1282 ;	 function I2C_Read16BitAddr
                                   1283 ;	-----------------------------------------
      00040D                       1284 _I2C_Read16BitAddr:
      00040D E5 82            [12] 1285 	mov	a,dpl
      00040F 90r00r1D         [24] 1286 	mov	dptr,#_I2C_Read16BitAddr_devAddr_10000_58
      000412 F0               [24] 1287 	movx	@dptr,a
                                   1288 ;	C:\Users\RobinLee\Documents\sdcc\FwLib_STC8\src\fw_i2c.c:87: SFRX_ON();
      000413 43 BA 80         [24] 1289 	orl	_P_SW2,#0x80
                                   1290 ;	C:\Users\RobinLee\Documents\sdcc\FwLib_STC8\src\fw_i2c.c:88: I2C_MasterStart();
      000416 90 FE 81         [24] 1291 	mov	dptr,#0xfe81
      000419 E0               [24] 1292 	movx	a,@dptr
      00041A FF               [12] 1293 	mov	r7,a
      00041B 74 F0            [12] 1294 	mov	a,#0xf0
      00041D 5F               [12] 1295 	anl	a,r7
      00041E 44 01            [12] 1296 	orl	a,#0x01
      000420 F0               [24] 1297 	movx	@dptr,a
      000421                       1298 00101$:
      000421 90 FE 82         [24] 1299 	mov	dptr,#0xfe82
      000424 E0               [24] 1300 	movx	a,@dptr
      000425 30 E6 F9         [24] 1301 	jnb	acc.6,00101$
      000428 90 FE 82         [24] 1302 	mov	dptr,#0xfe82
      00042B E0               [24] 1303 	movx	a,@dptr
      00042C 54 BF            [12] 1304 	anl	a,#0xbf
      00042E F0               [24] 1305 	movx	@dptr,a
                                   1306 ;	C:\Users\RobinLee\Documents\sdcc\FwLib_STC8\src\fw_i2c.c:89: I2C_MasterSendData(devAddr & 0xFE);
      00042F 90r00r1D         [24] 1307 	mov	dptr,#_I2C_Read16BitAddr_devAddr_10000_58
      000432 E0               [24] 1308 	movx	a,@dptr
      000433 54 FE            [12] 1309 	anl	a,#0xfe
      000435 90 FE 86         [24] 1310 	mov	dptr,#0xfe86
      000438 F0               [24] 1311 	movx	@dptr,a
      000439 90 FE 81         [24] 1312 	mov	dptr,#0xfe81
      00043C E0               [24] 1313 	movx	a,@dptr
      00043D FF               [12] 1314 	mov	r7,a
      00043E 74 F0            [12] 1315 	mov	a,#0xf0
      000440 5F               [12] 1316 	anl	a,r7
      000441 44 02            [12] 1317 	orl	a,#0x02
      000443 F0               [24] 1318 	movx	@dptr,a
      000444                       1319 00104$:
      000444 90 FE 82         [24] 1320 	mov	dptr,#0xfe82
      000447 E0               [24] 1321 	movx	a,@dptr
      000448 30 E6 F9         [24] 1322 	jnb	acc.6,00104$
      00044B 90 FE 82         [24] 1323 	mov	dptr,#0xfe82
      00044E E0               [24] 1324 	movx	a,@dptr
      00044F 54 BF            [12] 1325 	anl	a,#0xbf
      000451 F0               [24] 1326 	movx	@dptr,a
                                   1327 ;	C:\Users\RobinLee\Documents\sdcc\FwLib_STC8\src\fw_i2c.c:90: I2C_MasterRxAck();
      000452 15 82            [12] 1328 	dec	dpl
      000454 E0               [24] 1329 	movx	a,@dptr
      000455 FF               [12] 1330 	mov	r7,a
      000456 74 F0            [12] 1331 	mov	a,#0xf0
      000458 5F               [12] 1332 	anl	a,r7
      000459 44 03            [12] 1333 	orl	a,#0x03
      00045B F0               [24] 1334 	movx	@dptr,a
      00045C                       1335 00110$:
      00045C 90 FE 82         [24] 1336 	mov	dptr,#0xfe82
      00045F E0               [24] 1337 	movx	a,@dptr
      000460 30 E6 F9         [24] 1338 	jnb	acc.6,00110$
      000463 90 FE 82         [24] 1339 	mov	dptr,#0xfe82
      000466 E0               [24] 1340 	movx	a,@dptr
      000467 54 BF            [12] 1341 	anl	a,#0xbf
      000469 F0               [24] 1342 	movx	@dptr,a
                                   1343 ;	C:\Users\RobinLee\Documents\sdcc\FwLib_STC8\src\fw_i2c.c:91: I2C_MasterSendData(memAddr >> 8);
      00046A 90r00r16         [24] 1344 	mov	dptr,#_I2C_Read16BitAddr_PARM_2
      00046D E0               [24] 1345 	movx	a,@dptr
      00046E FE               [12] 1346 	mov	r6,a
      00046F A3               [24] 1347 	inc	dptr
      000470 E0               [24] 1348 	movx	a,@dptr
      000471 90 FE 86         [24] 1349 	mov	dptr,#0xfe86
      000474 F0               [24] 1350 	movx	@dptr,a
      000475 90 FE 81         [24] 1351 	mov	dptr,#0xfe81
      000478 E0               [24] 1352 	movx	a,@dptr
      000479 FD               [12] 1353 	mov	r5,a
      00047A 74 F0            [12] 1354 	mov	a,#0xf0
      00047C 5D               [12] 1355 	anl	a,r5
      00047D 44 02            [12] 1356 	orl	a,#0x02
      00047F F0               [24] 1357 	movx	@dptr,a
      000480                       1358 00113$:
      000480 90 FE 82         [24] 1359 	mov	dptr,#0xfe82
      000483 E0               [24] 1360 	movx	a,@dptr
      000484 30 E6 F9         [24] 1361 	jnb	acc.6,00113$
      000487 90 FE 82         [24] 1362 	mov	dptr,#0xfe82
      00048A E0               [24] 1363 	movx	a,@dptr
      00048B 54 BF            [12] 1364 	anl	a,#0xbf
      00048D F0               [24] 1365 	movx	@dptr,a
                                   1366 ;	C:\Users\RobinLee\Documents\sdcc\FwLib_STC8\src\fw_i2c.c:92: I2C_MasterRxAck();
      00048E 15 82            [12] 1367 	dec	dpl
      000490 E0               [24] 1368 	movx	a,@dptr
      000491 FD               [12] 1369 	mov	r5,a
      000492 74 F0            [12] 1370 	mov	a,#0xf0
      000494 5D               [12] 1371 	anl	a,r5
      000495 44 03            [12] 1372 	orl	a,#0x03
      000497 F0               [24] 1373 	movx	@dptr,a
      000498                       1374 00119$:
      000498 90 FE 82         [24] 1375 	mov	dptr,#0xfe82
      00049B E0               [24] 1376 	movx	a,@dptr
      00049C 30 E6 F9         [24] 1377 	jnb	acc.6,00119$
      00049F 90 FE 82         [24] 1378 	mov	dptr,#0xfe82
      0004A2 E0               [24] 1379 	movx	a,@dptr
      0004A3 54 BF            [12] 1380 	anl	a,#0xbf
      0004A5 F0               [24] 1381 	movx	@dptr,a
                                   1382 ;	C:\Users\RobinLee\Documents\sdcc\FwLib_STC8\src\fw_i2c.c:93: I2C_MasterSendData(memAddr & 0xFF);
      0004A6 90 FE 86         [24] 1383 	mov	dptr,#0xfe86
      0004A9 EE               [12] 1384 	mov	a,r6
      0004AA F0               [24] 1385 	movx	@dptr,a
      0004AB 90 FE 81         [24] 1386 	mov	dptr,#0xfe81
      0004AE E0               [24] 1387 	movx	a,@dptr
      0004AF FF               [12] 1388 	mov	r7,a
      0004B0 74 F0            [12] 1389 	mov	a,#0xf0
      0004B2 5F               [12] 1390 	anl	a,r7
      0004B3 44 02            [12] 1391 	orl	a,#0x02
      0004B5 F0               [24] 1392 	movx	@dptr,a
      0004B6                       1393 00122$:
      0004B6 90 FE 82         [24] 1394 	mov	dptr,#0xfe82
      0004B9 E0               [24] 1395 	movx	a,@dptr
      0004BA 30 E6 F9         [24] 1396 	jnb	acc.6,00122$
      0004BD 90 FE 82         [24] 1397 	mov	dptr,#0xfe82
      0004C0 E0               [24] 1398 	movx	a,@dptr
      0004C1 54 BF            [12] 1399 	anl	a,#0xbf
      0004C3 F0               [24] 1400 	movx	@dptr,a
                                   1401 ;	C:\Users\RobinLee\Documents\sdcc\FwLib_STC8\src\fw_i2c.c:94: I2C_MasterRxAck();
      0004C4 15 82            [12] 1402 	dec	dpl
      0004C6 E0               [24] 1403 	movx	a,@dptr
      0004C7 FF               [12] 1404 	mov	r7,a
      0004C8 74 F0            [12] 1405 	mov	a,#0xf0
      0004CA 5F               [12] 1406 	anl	a,r7
      0004CB 44 03            [12] 1407 	orl	a,#0x03
      0004CD F0               [24] 1408 	movx	@dptr,a
      0004CE                       1409 00128$:
      0004CE 90 FE 82         [24] 1410 	mov	dptr,#0xfe82
      0004D1 E0               [24] 1411 	movx	a,@dptr
      0004D2 30 E6 F9         [24] 1412 	jnb	acc.6,00128$
      0004D5 90 FE 82         [24] 1413 	mov	dptr,#0xfe82
      0004D8 E0               [24] 1414 	movx	a,@dptr
      0004D9 54 BF            [12] 1415 	anl	a,#0xbf
      0004DB F0               [24] 1416 	movx	@dptr,a
                                   1417 ;	C:\Users\RobinLee\Documents\sdcc\FwLib_STC8\src\fw_i2c.c:95: I2C_MasterStart();
      0004DC 15 82            [12] 1418 	dec	dpl
      0004DE E0               [24] 1419 	movx	a,@dptr
      0004DF FF               [12] 1420 	mov	r7,a
      0004E0 74 F0            [12] 1421 	mov	a,#0xf0
      0004E2 5F               [12] 1422 	anl	a,r7
      0004E3 44 01            [12] 1423 	orl	a,#0x01
      0004E5 F0               [24] 1424 	movx	@dptr,a
      0004E6                       1425 00131$:
      0004E6 90 FE 82         [24] 1426 	mov	dptr,#0xfe82
      0004E9 E0               [24] 1427 	movx	a,@dptr
      0004EA 30 E6 F9         [24] 1428 	jnb	acc.6,00131$
      0004ED 90 FE 82         [24] 1429 	mov	dptr,#0xfe82
      0004F0 E0               [24] 1430 	movx	a,@dptr
      0004F1 54 BF            [12] 1431 	anl	a,#0xbf
      0004F3 F0               [24] 1432 	movx	@dptr,a
                                   1433 ;	C:\Users\RobinLee\Documents\sdcc\FwLib_STC8\src\fw_i2c.c:96: I2C_MasterSendData(devAddr | 0x01);
      0004F4 90r00r1D         [24] 1434 	mov	dptr,#_I2C_Read16BitAddr_devAddr_10000_58
      0004F7 E0               [24] 1435 	movx	a,@dptr
      0004F8 44 01            [12] 1436 	orl	a,#0x01
      0004FA 90 FE 86         [24] 1437 	mov	dptr,#0xfe86
      0004FD F0               [24] 1438 	movx	@dptr,a
      0004FE 90 FE 81         [24] 1439 	mov	dptr,#0xfe81
      000501 E0               [24] 1440 	movx	a,@dptr
      000502 FF               [12] 1441 	mov	r7,a
      000503 74 F0            [12] 1442 	mov	a,#0xf0
      000505 5F               [12] 1443 	anl	a,r7
      000506 44 02            [12] 1444 	orl	a,#0x02
      000508 F0               [24] 1445 	movx	@dptr,a
      000509                       1446 00134$:
      000509 90 FE 82         [24] 1447 	mov	dptr,#0xfe82
      00050C E0               [24] 1448 	movx	a,@dptr
      00050D 30 E6 F9         [24] 1449 	jnb	acc.6,00134$
      000510 90 FE 82         [24] 1450 	mov	dptr,#0xfe82
      000513 E0               [24] 1451 	movx	a,@dptr
      000514 54 BF            [12] 1452 	anl	a,#0xbf
      000516 F0               [24] 1453 	movx	@dptr,a
                                   1454 ;	C:\Users\RobinLee\Documents\sdcc\FwLib_STC8\src\fw_i2c.c:97: I2C_MasterRxAck();
      000517 15 82            [12] 1455 	dec	dpl
      000519 E0               [24] 1456 	movx	a,@dptr
      00051A FF               [12] 1457 	mov	r7,a
      00051B 74 F0            [12] 1458 	mov	a,#0xf0
      00051D 5F               [12] 1459 	anl	a,r7
      00051E 44 03            [12] 1460 	orl	a,#0x03
      000520 F0               [24] 1461 	movx	@dptr,a
      000521                       1462 00140$:
      000521 90 FE 82         [24] 1463 	mov	dptr,#0xfe82
      000524 E0               [24] 1464 	movx	a,@dptr
      000525 30 E6 F9         [24] 1465 	jnb	acc.6,00140$
      000528 90 FE 82         [24] 1466 	mov	dptr,#0xfe82
      00052B E0               [24] 1467 	movx	a,@dptr
      00052C 54 BF            [12] 1468 	anl	a,#0xbf
      00052E F0               [24] 1469 	movx	@dptr,a
                                   1470 ;	C:\Users\RobinLee\Documents\sdcc\FwLib_STC8\src\fw_i2c.c:98: while(size--)
      00052F 90r00r18         [24] 1471 	mov	dptr,#_I2C_Read16BitAddr_PARM_3
      000532 E0               [24] 1472 	movx	a,@dptr
      000533 FD               [12] 1473 	mov	r5,a
      000534 A3               [24] 1474 	inc	dptr
      000535 E0               [24] 1475 	movx	a,@dptr
      000536 FE               [12] 1476 	mov	r6,a
      000537 A3               [24] 1477 	inc	dptr
      000538 E0               [24] 1478 	movx	a,@dptr
      000539 FF               [12] 1479 	mov	r7,a
      00053A 90r00r1B         [24] 1480 	mov	dptr,#_I2C_Read16BitAddr_PARM_4
      00053D E0               [24] 1481 	movx	a,@dptr
      00053E FB               [12] 1482 	mov	r3,a
      00053F A3               [24] 1483 	inc	dptr
      000540 E0               [24] 1484 	movx	a,@dptr
      000541 FC               [12] 1485 	mov	r4,a
      000542                       1486 00161$:
      000542 8B 01            [24] 1487 	mov	ar1,r3
      000544 8C 02            [24] 1488 	mov	ar2,r4
      000546 1B               [12] 1489 	dec	r3
      000547 BB FF 01         [24] 1490 	cjne	r3,#0xff,00366$
      00054A 1C               [12] 1491 	dec	r4
      00054B                       1492 00366$:
      00054B E9               [12] 1493 	mov	a,r1
      00054C 4A               [12] 1494 	orl	a,r2
      00054D 60 71            [24] 1495 	jz	00163$
                                   1496 ;	C:\Users\RobinLee\Documents\sdcc\FwLib_STC8\src\fw_i2c.c:100: I2C_SendMasterCmd(I2C_MasterCmd_Recv);
      00054F 90 FE 81         [24] 1497 	mov	dptr,#0xfe81
      000552 E0               [24] 1498 	movx	a,@dptr
      000553 FA               [12] 1499 	mov	r2,a
      000554 74 F0            [12] 1500 	mov	a,#0xf0
      000556 5A               [12] 1501 	anl	a,r2
      000557 44 04            [12] 1502 	orl	a,#0x04
      000559 F0               [24] 1503 	movx	@dptr,a
      00055A                       1504 00143$:
      00055A 90 FE 82         [24] 1505 	mov	dptr,#0xfe82
      00055D E0               [24] 1506 	movx	a,@dptr
      00055E 30 E6 F9         [24] 1507 	jnb	acc.6,00143$
      000561 90 FE 82         [24] 1508 	mov	dptr,#0xfe82
      000564 E0               [24] 1509 	movx	a,@dptr
      000565 54 BF            [12] 1510 	anl	a,#0xbf
      000567 F0               [24] 1511 	movx	@dptr,a
                                   1512 ;	C:\Users\RobinLee\Documents\sdcc\FwLib_STC8\src\fw_i2c.c:101: *buf++ = I2CRXD;
      000568 90 FE 87         [24] 1513 	mov	dptr,#0xfe87
      00056B E0               [24] 1514 	movx	a,@dptr
      00056C 8D 82            [24] 1515 	mov	dpl,r5
      00056E 8E 83            [24] 1516 	mov	dph,r6
      000570 8F F0            [24] 1517 	mov	b,r7
      000572 12r00r00         [24] 1518 	lcall	__gptrput
      000575 A3               [24] 1519 	inc	dptr
      000576 AD 82            [24] 1520 	mov	r5,dpl
      000578 AE 83            [24] 1521 	mov	r6,dph
                                   1522 ;	C:\Users\RobinLee\Documents\sdcc\FwLib_STC8\src\fw_i2c.c:102: if (size == 0)
      00057A EB               [12] 1523 	mov	a,r3
      00057B 4C               [12] 1524 	orl	a,r4
      00057C 70 21            [24] 1525 	jnz	00155$
                                   1526 ;	C:\Users\RobinLee\Documents\sdcc\FwLib_STC8\src\fw_i2c.c:104: I2C_MasterNAck();
      00057E 90 FE 82         [24] 1527 	mov	dptr,#0xfe82
      000581 E0               [24] 1528 	movx	a,@dptr
      000582 44 01            [12] 1529 	orl	a,#0x01
      000584 F0               [24] 1530 	movx	@dptr,a
      000585 15 82            [12] 1531 	dec	dpl
      000587 E0               [24] 1532 	movx	a,@dptr
      000588 FA               [12] 1533 	mov	r2,a
      000589 74 F0            [12] 1534 	mov	a,#0xf0
      00058B 5A               [12] 1535 	anl	a,r2
      00058C 44 05            [12] 1536 	orl	a,#0x05
      00058E F0               [24] 1537 	movx	@dptr,a
      00058F                       1538 00146$:
      00058F 90 FE 82         [24] 1539 	mov	dptr,#0xfe82
      000592 E0               [24] 1540 	movx	a,@dptr
      000593 30 E6 F9         [24] 1541 	jnb	acc.6,00146$
      000596 90 FE 82         [24] 1542 	mov	dptr,#0xfe82
      000599 E0               [24] 1543 	movx	a,@dptr
      00059A 54 BF            [12] 1544 	anl	a,#0xbf
      00059C F0               [24] 1545 	movx	@dptr,a
                                   1546 ;	C:\Users\RobinLee\Documents\sdcc\FwLib_STC8\src\fw_i2c.c:108: I2C_MasterAck();
      00059D 80 A3            [24] 1547 	sjmp	00161$
      00059F                       1548 00155$:
      00059F 90 FE 82         [24] 1549 	mov	dptr,#0xfe82
      0005A2 E0               [24] 1550 	movx	a,@dptr
      0005A3 54 FE            [12] 1551 	anl	a,#0xfe
      0005A5 F0               [24] 1552 	movx	@dptr,a
      0005A6 15 82            [12] 1553 	dec	dpl
      0005A8 E0               [24] 1554 	movx	a,@dptr
      0005A9 FA               [12] 1555 	mov	r2,a
      0005AA 74 F0            [12] 1556 	mov	a,#0xf0
      0005AC 5A               [12] 1557 	anl	a,r2
      0005AD 44 05            [12] 1558 	orl	a,#0x05
      0005AF F0               [24] 1559 	movx	@dptr,a
      0005B0                       1560 00152$:
      0005B0 90 FE 82         [24] 1561 	mov	dptr,#0xfe82
      0005B3 E0               [24] 1562 	movx	a,@dptr
      0005B4 30 E6 F9         [24] 1563 	jnb	acc.6,00152$
      0005B7 90 FE 82         [24] 1564 	mov	dptr,#0xfe82
      0005BA E0               [24] 1565 	movx	a,@dptr
      0005BB 54 BF            [12] 1566 	anl	a,#0xbf
      0005BD F0               [24] 1567 	movx	@dptr,a
      0005BE 80 82            [24] 1568 	sjmp	00161$
      0005C0                       1569 00163$:
                                   1570 ;	C:\Users\RobinLee\Documents\sdcc\FwLib_STC8\src\fw_i2c.c:111: I2C_MasterStop();
      0005C0 90 FE 81         [24] 1571 	mov	dptr,#0xfe81
      0005C3 E0               [24] 1572 	movx	a,@dptr
      0005C4 FF               [12] 1573 	mov	r7,a
      0005C5 74 F0            [12] 1574 	mov	a,#0xf0
      0005C7 5F               [12] 1575 	anl	a,r7
      0005C8 44 06            [12] 1576 	orl	a,#0x06
      0005CA F0               [24] 1577 	movx	@dptr,a
      0005CB                       1578 00164$:
      0005CB 90 FE 82         [24] 1579 	mov	dptr,#0xfe82
      0005CE E0               [24] 1580 	movx	a,@dptr
      0005CF 30 E6 F9         [24] 1581 	jnb	acc.6,00164$
      0005D2 90 FE 82         [24] 1582 	mov	dptr,#0xfe82
      0005D5 E0               [24] 1583 	movx	a,@dptr
      0005D6 54 BF            [12] 1584 	anl	a,#0xbf
      0005D8 F0               [24] 1585 	movx	@dptr,a
                                   1586 ;	C:\Users\RobinLee\Documents\sdcc\FwLib_STC8\src\fw_i2c.c:112: SFRX_OFF();
      0005D9 53 BA 7F         [24] 1587 	anl	_P_SW2,#0x7f
                                   1588 ;	C:\Users\RobinLee\Documents\sdcc\FwLib_STC8\src\fw_i2c.c:113: return HAL_OK;
      0005DC 75 82 00         [24] 1589 	mov	dpl, #0x00
                                   1590 ;	C:\Users\RobinLee\Documents\sdcc\FwLib_STC8\src\fw_i2c.c:114: }
      0005DF 22               [24] 1591 	ret
                                   1592 	.area CSEG    (CODE)
                                   1593 	.area CONST   (CODE)
                                   1594 	.area XINIT   (CODE)
                                   1595 	.area CABS    (ABS,CODE)
