ASxxxx Linker V03.00/V05.40 + sdld,  page 1.
Hexadecimal  [32-Bits]

Area                                    Addr        Size        Decimal Bytes (Attributes)
--------------------------------        ----        ----        ------- ----- ------------
CABS                                00000000    00000000 =           0. bytes (ABS,CON,CODE)

      Value  Global                              Global Defined In Module
      -----  --------------------------------   ------------------------
C:   00000000  l_BIT_BANK                      
C:   00000000  l_BSEG                          
C:   00000000  l_BSEG_BYTES                    
C:   00000000  l_CABS                          
C:   00000000  l_GSINIT1                       
C:   00000000  l_GSINIT5                       
C:   00000000  l_IABS                          
C:   00000000  l_ISEG                          
C:   00000000  l_PSEG                          
C:   00000000  l_REG_BANK_1                    
C:   00000000  l_REG_BANK_2                    
C:   00000000  l_REG_BANK_3                    
C:   00000000  l_RSEG                          
C:   00000000  l_RSEG0                         
C:   00000000  l_RSEG1                         
C:   00000000  l_XABS                          
C:   00000000  l__CODE                         
C:   00000000  s_BSEG                          
C:   00000000  s_CABS                          
C:   00000000  s_DSEG                          
C:   00000000  s_HOME                          
C:   00000000  s_IABS                          
C:   00000000  s_ISEG                          
C:   00000000  s_REG_BANK_0                    
C:   00000000  s_RSEG                          
C:   00000000  s_RSEG0                         
C:   00000000  s_RSEG1                         
C:   00000000  s_XABS                          
C:   00000001  s_PSEG                          
C:   00000001  s_XSEG                          
C:   00000003  l_GSFINAL                       
C:   00000003  l_GSINIT0                       
C:   00000005  l_GSINIT                        
C:   00000006  l_OSEG                          
C:   00000008  l_REG_BANK_0                    
C:   00000008  s_REG_BANK_1                    
C:   0000000A  l_GSINIT2                       
C:   0000000E  l_XINIT                         
C:   0000000E  l_XISEG                         
C:   00000010  s_REG_BANK_2                    
C:   00000018  s_BIT_BANK                      
C:   00000018  s_REG_BANK_3                    
C:   00000020  s_BSEG_BYTES                    
C:   00000020  s__CODE                         
C:   00000022  l_GSINIT3                       
C:   0000002A  l_GSINIT4                       
C:   00000039  s_OSEG                          
C:   0000003F  s_SSEG                          
C:   00000060  l_SSEG                          
C:   00000080  l_DSEG                          
ASxxxx Linker V03.00/V05.40 + sdld,  page 2.
Hexadecimal  [32-Bits]

Area                                    Addr        Size        Decimal Bytes (Attributes)
--------------------------------        ----        ----        ------- ----- ------------
CABS                                00000000    00000000 =           0. bytes (ABS,CON,CODE)

      Value  Global                              Global Defined In Module
      -----  --------------------------------   ------------------------
C:   0000008C  l_HOME                          
C:   0000008C  s_GSINIT0                       
C:   0000008F  s_GSINIT1                       
C:   0000008F  s_GSINIT2                       
C:   00000099  s_GSINIT3                       
C:   000000BB  s_GSINIT4                       
C:   000000E5  s_GSINIT                        
C:   000000E5  s_GSINIT5                       
C:   000000EA  s_GSFINAL                       
C:   000000ED  s_CSEG                          
C:   00000100  l_IRAM                          
C:   000001C6  l_XSEG                          
C:   000001C7  s_XISEG                         
C:   0000032A  l_CONST                         
C:   00002599  l_CSEG                          
C:   00002686  s_CONST                         
C:   000029B0  s_XINIT                         

ASxxxx Linker V03.00/V05.40 + sdld,  page 3.
Hexadecimal  [32-Bits]

Area                                    Addr        Size        Decimal Bytes (Attributes)
--------------------------------        ----        ----        ------- ----- ------------
.  .ABS.                            00000000    00000000 =           0. bytes (ABS,CON)

      Value  Global                              Global Defined In Module
      -----  --------------------------------   ------------------------
     00000000  .__.ABS.                           _startup
     00000080  _P0                                uart
     00000080  _P00                               uart
     00000081  _P01                               uart
     00000081  _SP                                uart
     00000082  _DPL                               uart
     00000082  _P02                               uart
     00000083  _DPH                               uart
     00000083  _P03                               uart
     00000084  _P04                               uart
     00000084  _S4CON                             uart
     00000085  _P05                               uart
     00000085  _S4BUF                             uart
     00000086  _P06                               uart
     00000087  _P07                               uart
     00000087  _PCON                              uart
     00000088  _IT0                               uart
     00000088  _TCON                              uart
     00000089  _IE0                               uart
     00000089  _TMOD                              uart
     0000008A  _IT1                               uart
     0000008A  _TL0                               uart
     0000008B  _IE1                               uart
     0000008B  _TL1                               uart
     0000008C  _TH0                               uart
     0000008C  _TR0                               uart
     0000008D  _TF0                               uart
     0000008D  _TH1                               uart
     0000008E  _AUXR                              uart
     0000008E  _TR1                               uart
     0000008F  _INTCLKO                           uart
     0000008F  _TF1                               uart
     00000090  _P1                                uart
     00000090  _P10                               uart
     00000091  _P11                               uart
     00000091  _P1M1                              uart
     00000092  _P12                               uart
     00000092  _P1M0                              uart
     00000093  _P0M1                              uart
     00000093  _P13                               uart
     00000094  _P0M0                              uart
     00000094  _P14                               uart
     00000095  _P15                               uart
     00000095  _P2M1                              uart
     00000096  _P16                               uart
     00000096  _P2M0                              uart
     00000097  _P17                               uart
     00000098  _RI                                uart
     00000098  _SCON                              uart
     00000099  _SBUF                              uart
ASxxxx Linker V03.00/V05.40 + sdld,  page 4.
Hexadecimal  [32-Bits]

Area                                    Addr        Size        Decimal Bytes (Attributes)
--------------------------------        ----        ----        ------- ----- ------------
.  .ABS.                            00000000    00000000 =           0. bytes (ABS,CON)

      Value  Global                              Global Defined In Module
      -----  --------------------------------   ------------------------
     00000099  _TI                                uart
     0000009A  _RB8                               uart
     0000009A  _S2CON                             uart
     0000009B  _S2BUF                             uart
     0000009B  _TB8                               uart
     0000009C  _REN                               uart
     0000009D  _IRCBAND                           uart
     0000009D  _SM2                               uart
     0000009E  _LIRTRIM                           uart
     0000009E  _SM1                               uart
     0000009F  _IRTRIM                            uart
     0000009F  _SM0                               uart
     000000A0  _P2                                uart
     000000A0  _P20                               uart
     000000A0  __XPAGE                            
     000000A1  _BUS_SPEED                         uart
     000000A1  _P21                               uart
     000000A2  _P22                               uart
     000000A2  _P_SW1                             uart
     000000A3  _P23                               uart
     000000A4  _P24                               uart
     000000A5  _P25                               uart
     000000A6  _P26                               uart
     000000A6  _VRTRIM                            uart
     000000A7  _P27                               uart
     000000A8  _EX0                               uart
     000000A8  _IE                                uart
     000000A9  _ET0                               uart
     000000A9  _SADDR                             uart
     000000AA  _EX1                               uart
     000000AA  _WKTCL                             uart
     000000AB  _ET1                               uart
     000000AB  _WKTCH                             uart
     000000AC  _ES                                uart
     000000AC  _S3CON                             uart
     000000AD  _EADC                              uart
     000000AD  _S3BUF                             uart
     000000AE  _ELVD                              uart
     000000AE  _TA                                uart
     000000AF  _EA                                uart
     000000AF  _IE2                               uart
     000000B0  _P3                                uart
     000000B0  _P30                               uart
     000000B1  _P31                               uart
     000000B1  _P3M1                              uart
     000000B2  _P32                               uart
     000000B2  _P3M0                              uart
     000000B3  _P33                               uart
     000000B3  _P4M1                              uart
     000000B4  _P34                               uart
     000000B4  _P4M0                              uart
ASxxxx Linker V03.00/V05.40 + sdld,  page 5.
Hexadecimal  [32-Bits]

Area                                    Addr        Size        Decimal Bytes (Attributes)
--------------------------------        ----        ----        ------- ----- ------------
.  .ABS.                            00000000    00000000 =           0. bytes (ABS,CON)

      Value  Global                              Global Defined In Module
      -----  --------------------------------   ------------------------
     000000B5  _IP2                               uart
     000000B5  _P35                               uart
     000000B6  _IP2H                              uart
     000000B6  _P36                               uart
     000000B7  _IPH                               uart
     000000B7  _P37                               uart
     000000B8  _IP                                uart
     000000B8  _PX0                               uart
     000000B9  _PT0                               uart
     000000B9  _SADEN                             uart
     000000BA  _PX1                               uart
     000000BA  _P_SW2                             uart
     000000BB  _PT1                               uart
     000000BC  _ADC_CONTR                         uart
     000000BC  _PS                                uart
     000000BD  _ADC_RES                           uart
     000000BD  _PADC                              uart
     000000BE  _ADC_RESL                          uart
     000000BE  _PLVD                              uart
     000000BF  _PPCA                              uart
     000000C0  _P4                                uart
     000000C0  _P40                               uart
     000000C1  _P41                               uart
     000000C1  _WDT_CONTR                         uart
     000000C2  _IAP_DATA                          uart
     000000C2  _P42                               uart
     000000C3  _IAP_ADDRH                         uart
     000000C3  _P43                               uart
     000000C4  _IAP_ADDRL                         uart
     000000C4  _P44                               uart
     000000C5  _IAP_CMD                           uart
     000000C5  _P45                               uart
     000000C6  _IAP_TRIG                          uart
     000000C6  _P46                               uart
     000000C7  _IAP_CONTR                         uart
     000000C7  _P47                               uart
     000000C8  _P5                                uart
     000000C8  _P50                               uart
     000000C9  _P51                               uart
     000000C9  _P5M1                              uart
     000000CA  _P52                               uart
     000000CA  _P5M0                              uart
     000000CB  _P53                               uart
     000000CB  _P6M1                              uart
     000000CC  _P54                               uart
     000000CC  _P6M0                              uart
     000000CD  _P55                               uart
     000000CD  _SPSTAT                            uart
     000000CE  _P56                               uart
     000000CE  _SPCTL                             uart
     000000CF  _P57                               uart
ASxxxx Linker V03.00/V05.40 + sdld,  page 6.
Hexadecimal  [32-Bits]

Area                                    Addr        Size        Decimal Bytes (Attributes)
--------------------------------        ----        ----        ------- ----- ------------
.  .ABS.                            00000000    00000000 =           0. bytes (ABS,CON)

      Value  Global                              Global Defined In Module
      -----  --------------------------------   ------------------------
     000000CF  _SPDAT                             uart
     000000D0  _P                                 uart
     000000D0  _PSW                               uart
     000000D1  _F1                                uart
     000000D1  _T4T3M                             uart
     000000D2  _OV                                uart
     000000D2  _T4H                               uart
     000000D3  _RS0                               uart
     000000D3  _T4L                               uart
     000000D4  _RS1                               uart
     000000D4  _T3H                               uart
     000000D5  _F0                                uart
     000000D5  _T3L                               uart
     000000D6  _AC                                uart
     000000D6  _T2H                               uart
     000000D7  _CY                                uart
     000000D7  _T2L                               uart
     000000DC  _USBCLK                            uart
     000000DE  _ADCCFG                            uart
     000000DF  _IP3                               uart
     000000E0  _ACC                               uart
     000000E1  _P7M1                              uart
     000000E2  _P7M0                              uart
     000000E3  _DPS                               uart
     000000E4  _DPL1                              uart
     000000E5  _DPH1                              uart
     000000E6  _CMPCR1                            uart
     000000E7  _CMPCR2                            uart
     000000E8  _P6                                uart
     000000E8  _P60                               uart
     000000E9  _P61                               uart
     000000EA  _P62                               uart
     000000EB  _P63                               uart
     000000EC  _P64                               uart
     000000EC  _USBDAT                            uart
     000000ED  _P65                               uart
     000000EE  _IP3H                              uart
     000000EE  _P66                               uart
     000000EF  _AUXINTIF                          uart
     000000EF  _P67                               uart
     000000F0  _B                                 uart
     000000F4  _USBCON                            uart
     000000F5  _B_5                               _gptrget
     000000F5  _IAP_TPS                           uart
     000000F6  _B_6                               _gptrget
     000000F7  _B_7                               _gptrget
     000000F8  _P7                                uart
     000000F8  _P70                               uart
     000000F9  _P71                               uart
     000000FA  _P72                               uart
     000000FB  _P73                               uart
ASxxxx Linker V03.00/V05.40 + sdld,  page 7.
Hexadecimal  [32-Bits]

Area                                    Addr        Size        Decimal Bytes (Attributes)
--------------------------------        ----        ----        ------- ----- ------------
.  .ABS.                            00000000    00000000 =           0. bytes (ABS,CON)

      Value  Global                              Global Defined In Module
      -----  --------------------------------   ------------------------
     000000FC  _P74                               uart
     000000FC  _USBADR                            uart
     000000FD  _P75                               uart
     000000FE  _P76                               uart
     000000FF  _P77                               uart
     000000FF  _RSTCFG                            uart

ASxxxx Linker V03.00/V05.40 + sdld,  page 8.
Hexadecimal  [32-Bits]

Area                                    Addr        Size        Decimal Bytes (Attributes)
--------------------------------        ----        ----        ------- ----- ------------
REG_BANK_0                          00000000    00000008 =           8. bytes (REL,OVR)

      Value  Global                              Global Defined In Module
      -----  --------------------------------   ------------------------
ASxxxx Linker V03.00/V05.40 + sdld,  page 9.
Hexadecimal  [32-Bits]

Area                                    Addr        Size        Decimal Bytes (Attributes)
--------------------------------        ----        ----        ------- ----- ------------
DSEG                                00000000    00000080 =         128. bytes (REL,CON)

      Value  Global                              Global Defined In Module
      -----  --------------------------------   ------------------------
ASxxxx Linker V03.00/V05.40 + sdld,  page 10.
Hexadecimal  [32-Bits]

Area                                    Addr        Size        Decimal Bytes (Attributes)
--------------------------------        ----        ----        ------- ----- ------------
OSEG                                00000039    00000006 =           6. bytes (REL,OVR)

      Value  Global                              Global Defined In Module
      -----  --------------------------------   ------------------------
ASxxxx Linker V03.00/V05.40 + sdld,  page 11.
Hexadecimal  [32-Bits]

Area                                    Addr        Size        Decimal Bytes (Attributes)
--------------------------------        ----        ----        ------- ----- ------------
SSEG                                0000003F    00000060 =          96. bytes (REL,OVR)

      Value  Global                              Global Defined In Module
      -----  --------------------------------   ------------------------
     0000003F  __start__stack                     main

ASxxxx Linker V03.00/V05.40 + sdld,  page 12.
Hexadecimal  [32-Bits]

Area                                    Addr        Size        Decimal Bytes (Attributes)
--------------------------------        ----        ----        ------- ----- ------------
XSEG                                00000001    000001C6 =         454. bytes (REL,CON,XDATA)

      Value  Global                              Global Defined In Module
      -----  --------------------------------   ------------------------
D:   00000003  _SYS_TrimClock_PARM_2              fw_sys
D:   00000038  _mb_crc16_PARM_2                   modbus_server
D:   0000006F  _reg_adc_raw_value                 reg_table
D:   00000073  _reg_measuring_val                 reg_table
D:   00000077  _reg_station_id                    reg_table
D:   0000007B  _reg_offset_val                    reg_table
D:   0000007F  _reg_cal_points_num                reg_table
D:   00000083  _reg_avp                           reg_table
D:   000000A7  _reg_pvp                           reg_table
D:   000000CB  _reg_adc_speed                     reg_table
D:   000000CF  _reg_fir_filter_on                 reg_table
D:   000000D3  _reg_filter_level                  reg_table
D:   000000D7  _reg_filter_band                   reg_table
D:   000000DB  _reg_baud_rate                     reg_table
D:   000000DF  _reg_zero_trace_delay              reg_table
D:   000000E3  _reg_zero_trace_band               reg_table
D:   000000E7  _reg_stable_delay                  reg_table
D:   000000EB  _reg_stable_band                   reg_table
D:   000000EF  _reg_output_round                  reg_table
D:   000000F3  _reg_parity                        reg_table
D:   000000F7  _reg_can_rate                      reg_table
D:   000000FB  _reg_can_send_interval             reg_table
D:   000000FF  _reg_can_send_type                 reg_table
D:   00000103  _reg_stable_mark                   reg_table
D:   00000107  _reg_cal_trigger                   reg_table
D:   0000010B  _reg_magic_key                     reg_table
D:   0000011D  _reg_write_PARM_2                  reg_table
D:   0000012B  _mb_buf                            uart
D:   0000016D  _UART_SendBuffer_PARM_2            uart
D:   00000193  _UART2_SendBuffer_PARM_2           uart
D:   00000197  __divuint_PARM_2                   _divuint
D:   0000019E  __modulong_PARM_2                  _modulong
D:   000001A7  __divslong_PARM_2                  _divslong
D:   000001AF  __divulong_PARM_2                  _divulong
D:   000001BC  __mulint_PARM_2                    _mulint
D:   000001BE  __mullong_PARM_2                   _mullong
D:   000001C2  __moduint_PARM_2                   _moduint

ASxxxx Linker V03.00/V05.40 + sdld,  page 13.
Hexadecimal  [32-Bits]

Area                                    Addr        Size        Decimal Bytes (Attributes)
--------------------------------        ----        ----        ------- ----- ------------
XISEG                               000001C7    0000000E =          14. bytes (REL,CON,XDATA)

      Value  Global                              Global Defined In Module
      -----  --------------------------------   ------------------------
D:   000001D3  _mb_idx                            uart
D:   000001D4  _mb_frame_ready                    uart

ASxxxx Linker V03.00/V05.40 + sdld,  page 14.
Hexadecimal  [32-Bits]

Area                                    Addr        Size        Decimal Bytes (Attributes)
--------------------------------        ----        ----        ------- ----- ------------
HOME                                00000000    0000008C =         140. bytes (REL,CON,CODE)

      Value  Global                              Global Defined In Module
      -----  --------------------------------   ------------------------
C:   00000048  sdcc_atomic_exchange_rollback_st   main
C:   0000006F  sdcc_atomic_exchange_gptr_impl     main
C:   0000006F  sdcc_atomic_exchange_rollback_en   main
C:   0000007F  sdcc_atomic_compare_exchange_gpt   main
C:   00000089  __sdcc_program_startup             main

ASxxxx Linker V03.00/V05.40 + sdld,  page 15.
Hexadecimal  [32-Bits]

Area                                    Addr        Size        Decimal Bytes (Attributes)
--------------------------------        ----        ----        ------- ----- ------------
GSINIT0                             0000008C    00000003 =           3. bytes (REL,CON,CODE)

      Value  Global                              Global Defined In Module
      -----  --------------------------------   ------------------------
C:   0000008C  __sdcc_gsinit_startup              

ASxxxx Linker V03.00/V05.40 + sdld,  page 16.
Hexadecimal  [32-Bits]

Area                                    Addr        Size        Decimal Bytes (Attributes)
--------------------------------        ----        ----        ------- ----- ------------
GSINIT2                             0000008F    0000000A =          10. bytes (REL,CON,CODE)

      Value  Global                              Global Defined In Module
      -----  --------------------------------   ------------------------
ASxxxx Linker V03.00/V05.40 + sdld,  page 17.
Hexadecimal  [32-Bits]

Area                                    Addr        Size        Decimal Bytes (Attributes)
--------------------------------        ----        ----        ------- ----- ------------
GSINIT3                             00000099    00000022 =          34. bytes (REL,CON,CODE)

      Value  Global                              Global Defined In Module
      -----  --------------------------------   ------------------------
C:   00000099  __mcs51_genXINIT                   

ASxxxx Linker V03.00/V05.40 + sdld,  page 18.
Hexadecimal  [32-Bits]

Area                                    Addr        Size        Decimal Bytes (Attributes)
--------------------------------        ----        ----        ------- ----- ------------
GSINIT4                             000000BB    0000002A =          42. bytes (REL,CON,CODE)

      Value  Global                              Global Defined In Module
      -----  --------------------------------   ------------------------
C:   000000BB  __mcs51_genRAMCLEAR                
C:   000000C1  __mcs51_genXRAMCLEAR               

ASxxxx Linker V03.00/V05.40 + sdld,  page 19.
Hexadecimal  [32-Bits]

Area                                    Addr        Size        Decimal Bytes (Attributes)
--------------------------------        ----        ----        ------- ----- ------------
GSINIT                              000000E5    00000005 =           5. bytes (REL,CON,CODE)

      Value  Global                              Global Defined In Module
      -----  --------------------------------   ------------------------
ASxxxx Linker V03.00/V05.40 + sdld,  page 20.
Hexadecimal  [32-Bits]

Area                                    Addr        Size        Decimal Bytes (Attributes)
--------------------------------        ----        ----        ------- ----- ------------
GSFINAL                             000000EA    00000003 =           3. bytes (REL,CON,CODE)

      Value  Global                              Global Defined In Module
      -----  --------------------------------   ------------------------
ASxxxx Linker V03.00/V05.40 + sdld,  page 21.
Hexadecimal  [32-Bits]

Area                                    Addr        Size        Decimal Bytes (Attributes)
--------------------------------        ----        ----        ------- ----- ------------
CSEG                                000000ED    00002599 =        9625. bytes (REL,CON,CODE)

      Value  Global                              Global Defined In Module
      -----  --------------------------------   ------------------------
C:   000000ED  _main                              main
C:   00000129  _SYS_SetClock                      fw_sys
C:   00000175  _SYS_TrimClock                     fw_sys
C:   00000198  _SYS_Delay                         fw_sys
C:   000001D8  _SYS_DelayUs                       fw_sys
C:   0000020D  _UTIL_Uart1_24M_9600_Init          fw_util
C:   00000224  _UTIL_Uart1_24M_115200_Init        fw_util
C:   0000023B  _UTIL_Uart1_33M1776_9600_Init      fw_util
C:   00000252  _UTIL_Uart1_33M1776_115200_Init    fw_util
C:   00000269  _UTIL_Uart1_35M_9600_Init          fw_util
C:   00000280  _UTIL_Uart1_36M864_9600_Init       fw_util
C:   00000297  _UTIL_Uart1_36M864_115200_Init     fw_util
C:   000002AE  _HX_Init                           hx71708
C:   000002C2  _Read_HX71708_Raw                  hx71708
C:   000003B6  _Get_Steady_Weight                 hx71708
C:   00000458  _mb_crc16                          modbus_server
C:   000004E4  _find_reg                          modbus_server
C:   0000084B  _mb_parse_request                  modbus_server
C:   000009B9  _MEAS_Init                         measurement
C:   000009E9  _scale_value                       measurement
C:   00000CCC  _MEAS_Process                      measurement
C:   0000120C  _MEAS_SetZero                      measurement
C:   00001261  _reg_save_all                      reg_table
C:   0000142F  _reg_load                          reg_table
C:   00001754  _reg_write                         reg_table
C:   000018A7  _reg_load_all                      reg_table
C:   000018CC  _reg_init                          reg_table
C:   00001912  _reg_reset_defaults                reg_table
C:   00001A2B  _UART_Init                         uart
C:   00001A60  _UART_ISR                          uart
C:   00001AB9  _Timer0_ISR                        uart
C:   00001AD6  _UART_SendChar                     uart
C:   00001AEA  _UART_SendBuffer                   uart
C:   00001B5F  _UART_SendString                   uart
C:   00001BB5  _UART_SendInt                      uart
C:   00001C61  _UART_SendLong                     uart
C:   00001D8E  _UART_CheckRx                      uart
C:   00001D95  _UART_GetRxChar                    uart
C:   00001DAC  _UART2_Init                        uart
C:   00001DCB  _UART2_ISR                         uart
C:   00001E32  _UART2_SendChar                    uart
C:   00001E4A  _UART2_SendBuffer                  uart
C:   00001EC0  __divuint                          _divuint
C:   00001F4D  __modulong                         _modulong
C:   0000208C  ___fsmul                           _fsmul
C:   0000212F  __divslong                         _divslong
C:   000021EB  fsgetargs                          _fsget2args
C:   00002219  __divulong                         _divulong
C:   0000230D  fs_normalize_a                     _fsnormalize
C:   00002340  ___slong2fs                        _slong2fs
ASxxxx Linker V03.00/V05.40 + sdld,  page 22.
Hexadecimal  [32-Bits]

Area                                    Addr        Size        Decimal Bytes (Attributes)
--------------------------------        ----        ----        ------- ----- ------------
CSEG                                000000ED    00002599 =        9625. bytes (REL,CON,CODE)

      Value  Global                              Global Defined In Module
      -----  --------------------------------   ------------------------
C:   00002349  slong2fs_doit                      _slong2fs
C:   0000236D  ___fs2slong                        _fs2slong
C:   000023C8  fsgetarg                           _fsget1arg
C:   000023DA  __mulint                           _mulint
C:   000023FA  __mullong                          _mullong
C:   000023FA  __mullong_dummy                    _mullong
C:   00002466  __moduint                          _moduint
C:   00002511  fs_round_and_return                _fsreturnval
C:   00002529  fs_zerocheck_return                _fsreturnval
C:   00002532  fs_return_zero                     _fsreturnval
C:   0000253A  fs_direct_return                   _fsreturnval
C:   00002548  fs_return_inf                      _fsreturnval
C:   00002555  fs_return_nan                      _fsreturnval
C:   00002560  ___fsdiv                           _fsdiv
C:   00002623  __gptrget                          _gptrget
C:   0000263F  fs_rshift_a                        _fsrshift
C:   00002682  ___sdcc_external_startup           _startup

ASxxxx Linker V03.00/V05.40 + sdld,  page 23.
Hexadecimal  [32-Bits]

Area                                    Addr        Size        Decimal Bytes (Attributes)
--------------------------------        ----        ----        ------- ----- ------------
CONST                               00002686    0000032A =         810. bytes (REL,CON,CODE)

      Value  Global                              Global Defined In Module
      -----  --------------------------------   ------------------------
C:   00002690  _ticks_ms                          fw_sys
C:   00002692  _ticks_us                          fw_sys
C:   00002693  _HEX_TABLE                         fw_util
C:   000026A3  _reg_table                         reg_table

ASxxxx Linker V03.00/V05.40 + sdld,  page 24.
Hexadecimal  [32-Bits]

Area                                    Addr        Size        Decimal Bytes (Attributes)
--------------------------------        ----        ----        ------- ----- ------------
XINIT                               000029B0    0000000E =          14. bytes (REL,CON,CODE)

      Value  Global                              Global Defined In Module
      -----  --------------------------------   ------------------------
ASxxxx Linker V03.00/V05.40 + sdld,  page 25.

Files Linked                              [ module(s) ]

main.rel                                  [  ]
fw_sys.rel                                [  ]
fw_util.rel                               [  ]
hx71708.rel                               [  ]
modbus_server.rel                         [  ]
measurement.rel                           [  ]
reg_table.rel                             [  ]
uart.rel                                  [  ]


Libraries Linked                          [ object file ]

C:\Program Files\SDCC\bin\..\lib\large/libint.lib
                                          [ _divuint.rel ]
C:\Program Files\SDCC\bin\..\lib\large/liblong.lib
                                          [ _modulong.rel ]
C:\Program Files\SDCC\bin\..\lib\large/libfloat.lib
                                          [ _fsmul.rel ]
C:\Program Files\SDCC\bin\..\lib\large/liblong.lib
                                          [ _divslong.rel ]
C:\Program Files\SDCC\bin\..\lib\large/libfloat.lib
                                          [ _fsget2args.rel ]
C:\Program Files\SDCC\bin\..\lib\large/liblong.lib
                                          [ _divulong.rel ]
C:\Program Files\SDCC\bin\..\lib\large/mcs51.lib
                                          [ crtclear.rel ]
C:\Program Files\SDCC\bin\..\lib\large/libfloat.lib
                                          [ _fsnormalize.rel ]
C:\Program Files\SDCC\bin\..\lib\large/libfloat.lib
                                          [ _slong2fs.rel ]
C:\Program Files\SDCC\bin\..\lib\large/libfloat.lib
                                          [ _fs2slong.rel ]
C:\Program Files\SDCC\bin\..\lib\large/mcs51.lib
                                          [ crtxinit.rel ]
C:\Program Files\SDCC\bin\..\lib\large/libfloat.lib
                                          [ _fsget1arg.rel ]
C:\Program Files\SDCC\bin\..\lib\large/libint.lib
                                          [ _mulint.rel ]
C:\Program Files\SDCC\bin\..\lib\large/liblong.lib
                                          [ _mullong.rel ]
C:\Program Files\SDCC\bin\..\lib\large/libint.lib
                                          [ _moduint.rel ]
C:\Program Files\SDCC\bin\..\lib\large/mcs51.lib
                                          [ crtxclear.rel ]
C:\Program Files\SDCC\bin\..\lib\large/libfloat.lib
                                          [ _fsreturnval.rel ]
C:\Program Files\SDCC\bin\..\lib\large/mcs51.lib
                                          [ crtpagesfr.rel ]
C:\Program Files\SDCC\bin\..\lib\large/libfloat.lib
                                          [ _fsdiv.rel ]
C:\Program Files\SDCC\bin\..\lib\large/mcs51.lib
                                          [ crtstart.rel ]
C:\Program Files\SDCC\bin\..\lib\large/libsdcc.lib
                                          [ _gptrget.rel ]
C:\Program Files\SDCC\bin\..\lib\large/libfloat.lib
                                          [ _fsrshift.rel ]
C:\Program Files\SDCC\bin\..\lib\large/libsdcc.lib
                                          [ _startup.rel ]

ASxxxx Linker V03.00/V05.40 + sdld,  page 26.

User Base Address Definitions

HOME = 0x0000
XSEG = 0x0001
PSEG = 0x0001
ISEG = 0x0000
BSEG = 0x0000

