                                      1 ;--------------------------------------------------------
                                      2 ; File Created by SDCC : free open source ISO C Compiler
                                      3 ; Version 4.5.0 #15242 (MINGW64)
                                      4 ;--------------------------------------------------------
                                      5 	.module main
                                      6 	
                                      7 	.optsdcc -mmcs51 --model-large
                                      8 ;--------------------------------------------------------
                                      9 ; Public variables in this module
                                     10 ;--------------------------------------------------------
                                     11 	.globl _main
                                     12 	.globl _MEAS_Process
                                     13 	.globl _reg_init
                                     14 	.globl _mb_parse_request
                                     15 	.globl _UART_SendString
                                     16 	.globl _UART_Init
                                     17 	.globl _P77
                                     18 	.globl _P76
                                     19 	.globl _P75
                                     20 	.globl _P74
                                     21 	.globl _P73
                                     22 	.globl _P72
                                     23 	.globl _P71
                                     24 	.globl _P70
                                     25 	.globl _P67
                                     26 	.globl _P66
                                     27 	.globl _P65
                                     28 	.globl _P64
                                     29 	.globl _P63
                                     30 	.globl _P62
                                     31 	.globl _P61
                                     32 	.globl _P60
                                     33 	.globl _P
                                     34 	.globl _F1
                                     35 	.globl _OV
                                     36 	.globl _RS0
                                     37 	.globl _RS1
                                     38 	.globl _F0
                                     39 	.globl _AC
                                     40 	.globl _CY
                                     41 	.globl _P57
                                     42 	.globl _P56
                                     43 	.globl _P55
                                     44 	.globl _P54
                                     45 	.globl _P53
                                     46 	.globl _P52
                                     47 	.globl _P51
                                     48 	.globl _P50
                                     49 	.globl _P47
                                     50 	.globl _P46
                                     51 	.globl _P45
                                     52 	.globl _P44
                                     53 	.globl _P43
                                     54 	.globl _P42
                                     55 	.globl _P41
                                     56 	.globl _P40
                                     57 	.globl _PX0
                                     58 	.globl _PT0
                                     59 	.globl _PX1
                                     60 	.globl _PT1
                                     61 	.globl _PS
                                     62 	.globl _PADC
                                     63 	.globl _PLVD
                                     64 	.globl _PPCA
                                     65 	.globl _P37
                                     66 	.globl _P36
                                     67 	.globl _P35
                                     68 	.globl _P34
                                     69 	.globl _P33
                                     70 	.globl _P32
                                     71 	.globl _P31
                                     72 	.globl _P30
                                     73 	.globl _EX0
                                     74 	.globl _ET0
                                     75 	.globl _EX1
                                     76 	.globl _ET1
                                     77 	.globl _ES
                                     78 	.globl _EADC
                                     79 	.globl _ELVD
                                     80 	.globl _EA
                                     81 	.globl _P27
                                     82 	.globl _P26
                                     83 	.globl _P25
                                     84 	.globl _P24
                                     85 	.globl _P23
                                     86 	.globl _P22
                                     87 	.globl _P21
                                     88 	.globl _P20
                                     89 	.globl _RI
                                     90 	.globl _TI
                                     91 	.globl _RB8
                                     92 	.globl _TB8
                                     93 	.globl _REN
                                     94 	.globl _SM2
                                     95 	.globl _SM1
                                     96 	.globl _SM0
                                     97 	.globl _P17
                                     98 	.globl _P16
                                     99 	.globl _P15
                                    100 	.globl _P14
                                    101 	.globl _P13
                                    102 	.globl _P12
                                    103 	.globl _P11
                                    104 	.globl _P10
                                    105 	.globl _IT0
                                    106 	.globl _IE0
                                    107 	.globl _IT1
                                    108 	.globl _IE1
                                    109 	.globl _TR0
                                    110 	.globl _TF0
                                    111 	.globl _TR1
                                    112 	.globl _TF1
                                    113 	.globl _P07
                                    114 	.globl _P06
                                    115 	.globl _P05
                                    116 	.globl _P04
                                    117 	.globl _P03
                                    118 	.globl _P02
                                    119 	.globl _P01
                                    120 	.globl _P00
                                    121 	.globl _RSTCFG
                                    122 	.globl _USBADR
                                    123 	.globl _IAP_TPS
                                    124 	.globl _USBCON
                                    125 	.globl _AUXINTIF
                                    126 	.globl _IP3H
                                    127 	.globl _USBDAT
                                    128 	.globl _CMPCR2
                                    129 	.globl _CMPCR1
                                    130 	.globl _DPH1
                                    131 	.globl _DPL1
                                    132 	.globl _DPS
                                    133 	.globl _P7M0
                                    134 	.globl _P7M1
                                    135 	.globl _IP3
                                    136 	.globl _ADCCFG
                                    137 	.globl _USBCLK
                                    138 	.globl _VRTRIM
                                    139 	.globl _P7
                                    140 	.globl _B
                                    141 	.globl _P6
                                    142 	.globl _ACC
                                    143 	.globl _T2L
                                    144 	.globl _T2H
                                    145 	.globl _T3L
                                    146 	.globl _T3H
                                    147 	.globl _T4L
                                    148 	.globl _T4H
                                    149 	.globl _T4T3M
                                    150 	.globl _PSW
                                    151 	.globl _SPDAT
                                    152 	.globl _SPCTL
                                    153 	.globl _SPSTAT
                                    154 	.globl _P6M0
                                    155 	.globl _P6M1
                                    156 	.globl _P5M0
                                    157 	.globl _P5M1
                                    158 	.globl _P5
                                    159 	.globl _IAP_CONTR
                                    160 	.globl _IAP_TRIG
                                    161 	.globl _IAP_CMD
                                    162 	.globl _IAP_ADDRL
                                    163 	.globl _IAP_ADDRH
                                    164 	.globl _IAP_DATA
                                    165 	.globl _WDT_CONTR
                                    166 	.globl _P4
                                    167 	.globl _ADC_RESL
                                    168 	.globl _ADC_RES
                                    169 	.globl _ADC_CONTR
                                    170 	.globl _P_SW2
                                    171 	.globl _SADEN
                                    172 	.globl _IP
                                    173 	.globl _IPH
                                    174 	.globl _IP2H
                                    175 	.globl _IP2
                                    176 	.globl _P4M0
                                    177 	.globl _P4M1
                                    178 	.globl _P3M0
                                    179 	.globl _P3M1
                                    180 	.globl _P3
                                    181 	.globl _IE2
                                    182 	.globl _TA
                                    183 	.globl _S3BUF
                                    184 	.globl _S3CON
                                    185 	.globl _WKTCH
                                    186 	.globl _WKTCL
                                    187 	.globl _SADDR
                                    188 	.globl _IE
                                    189 	.globl _P_SW1
                                    190 	.globl _BUS_SPEED
                                    191 	.globl _P2
                                    192 	.globl _IRTRIM
                                    193 	.globl _LIRTRIM
                                    194 	.globl _IRCBAND
                                    195 	.globl _S2BUF
                                    196 	.globl _S2CON
                                    197 	.globl _SBUF
                                    198 	.globl _SCON
                                    199 	.globl _P2M0
                                    200 	.globl _P2M1
                                    201 	.globl _P0M0
                                    202 	.globl _P0M1
                                    203 	.globl _P1M0
                                    204 	.globl _P1M1
                                    205 	.globl _P1
                                    206 	.globl _INTCLKO
                                    207 	.globl _AUXR
                                    208 	.globl _TH1
                                    209 	.globl _TH0
                                    210 	.globl _TL1
                                    211 	.globl _TL0
                                    212 	.globl _TMOD
                                    213 	.globl _TCON
                                    214 	.globl _PCON
                                    215 	.globl _S4BUF
                                    216 	.globl _S4CON
                                    217 	.globl _DPH
                                    218 	.globl _DPL
                                    219 	.globl _SP
                                    220 	.globl _P0
                                    221 ;--------------------------------------------------------
                                    222 ; special function registers
                                    223 ;--------------------------------------------------------
                                    224 	.area RSEG    (ABS,DATA)
      000000                        225 	.org 0x0000
                           000080   226 _P0	=	0x0080
                           000081   227 _SP	=	0x0081
                           000082   228 _DPL	=	0x0082
                           000083   229 _DPH	=	0x0083
                           000084   230 _S4CON	=	0x0084
                           000085   231 _S4BUF	=	0x0085
                           000087   232 _PCON	=	0x0087
                           000088   233 _TCON	=	0x0088
                           000089   234 _TMOD	=	0x0089
                           00008A   235 _TL0	=	0x008a
                           00008B   236 _TL1	=	0x008b
                           00008C   237 _TH0	=	0x008c
                           00008D   238 _TH1	=	0x008d
                           00008E   239 _AUXR	=	0x008e
                           00008F   240 _INTCLKO	=	0x008f
                           000090   241 _P1	=	0x0090
                           000091   242 _P1M1	=	0x0091
                           000092   243 _P1M0	=	0x0092
                           000093   244 _P0M1	=	0x0093
                           000094   245 _P0M0	=	0x0094
                           000095   246 _P2M1	=	0x0095
                           000096   247 _P2M0	=	0x0096
                           000098   248 _SCON	=	0x0098
                           000099   249 _SBUF	=	0x0099
                           00009A   250 _S2CON	=	0x009a
                           00009B   251 _S2BUF	=	0x009b
                           00009D   252 _IRCBAND	=	0x009d
                           00009E   253 _LIRTRIM	=	0x009e
                           00009F   254 _IRTRIM	=	0x009f
                           0000A0   255 _P2	=	0x00a0
                           0000A1   256 _BUS_SPEED	=	0x00a1
                           0000A2   257 _P_SW1	=	0x00a2
                           0000A8   258 _IE	=	0x00a8
                           0000A9   259 _SADDR	=	0x00a9
                           0000AA   260 _WKTCL	=	0x00aa
                           0000AB   261 _WKTCH	=	0x00ab
                           0000AC   262 _S3CON	=	0x00ac
                           0000AD   263 _S3BUF	=	0x00ad
                           0000AE   264 _TA	=	0x00ae
                           0000AF   265 _IE2	=	0x00af
                           0000B0   266 _P3	=	0x00b0
                           0000B1   267 _P3M1	=	0x00b1
                           0000B2   268 _P3M0	=	0x00b2
                           0000B3   269 _P4M1	=	0x00b3
                           0000B4   270 _P4M0	=	0x00b4
                           0000B5   271 _IP2	=	0x00b5
                           0000B6   272 _IP2H	=	0x00b6
                           0000B7   273 _IPH	=	0x00b7
                           0000B8   274 _IP	=	0x00b8
                           0000B9   275 _SADEN	=	0x00b9
                           0000BA   276 _P_SW2	=	0x00ba
                           0000BC   277 _ADC_CONTR	=	0x00bc
                           0000BD   278 _ADC_RES	=	0x00bd
                           0000BE   279 _ADC_RESL	=	0x00be
                           0000C0   280 _P4	=	0x00c0
                           0000C1   281 _WDT_CONTR	=	0x00c1
                           0000C2   282 _IAP_DATA	=	0x00c2
                           0000C3   283 _IAP_ADDRH	=	0x00c3
                           0000C4   284 _IAP_ADDRL	=	0x00c4
                           0000C5   285 _IAP_CMD	=	0x00c5
                           0000C6   286 _IAP_TRIG	=	0x00c6
                           0000C7   287 _IAP_CONTR	=	0x00c7
                           0000C8   288 _P5	=	0x00c8
                           0000C9   289 _P5M1	=	0x00c9
                           0000CA   290 _P5M0	=	0x00ca
                           0000CB   291 _P6M1	=	0x00cb
                           0000CC   292 _P6M0	=	0x00cc
                           0000CD   293 _SPSTAT	=	0x00cd
                           0000CE   294 _SPCTL	=	0x00ce
                           0000CF   295 _SPDAT	=	0x00cf
                           0000D0   296 _PSW	=	0x00d0
                           0000D1   297 _T4T3M	=	0x00d1
                           0000D2   298 _T4H	=	0x00d2
                           0000D3   299 _T4L	=	0x00d3
                           0000D4   300 _T3H	=	0x00d4
                           0000D5   301 _T3L	=	0x00d5
                           0000D6   302 _T2H	=	0x00d6
                           0000D7   303 _T2L	=	0x00d7
                           0000E0   304 _ACC	=	0x00e0
                           0000E8   305 _P6	=	0x00e8
                           0000F0   306 _B	=	0x00f0
                           0000F8   307 _P7	=	0x00f8
                           0000A6   308 _VRTRIM	=	0x00a6
                           0000DC   309 _USBCLK	=	0x00dc
                           0000DE   310 _ADCCFG	=	0x00de
                           0000DF   311 _IP3	=	0x00df
                           0000E1   312 _P7M1	=	0x00e1
                           0000E2   313 _P7M0	=	0x00e2
                           0000E3   314 _DPS	=	0x00e3
                           0000E4   315 _DPL1	=	0x00e4
                           0000E5   316 _DPH1	=	0x00e5
                           0000E6   317 _CMPCR1	=	0x00e6
                           0000E7   318 _CMPCR2	=	0x00e7
                           0000EC   319 _USBDAT	=	0x00ec
                           0000EE   320 _IP3H	=	0x00ee
                           0000EF   321 _AUXINTIF	=	0x00ef
                           0000F4   322 _USBCON	=	0x00f4
                           0000F5   323 _IAP_TPS	=	0x00f5
                           0000FC   324 _USBADR	=	0x00fc
                           0000FF   325 _RSTCFG	=	0x00ff
                                    326 ;--------------------------------------------------------
                                    327 ; special function bits
                                    328 ;--------------------------------------------------------
                                    329 	.area RSEG    (ABS,DATA)
      000000                        330 	.org 0x0000
                           000080   331 _P00	=	0x0080
                           000081   332 _P01	=	0x0081
                           000082   333 _P02	=	0x0082
                           000083   334 _P03	=	0x0083
                           000084   335 _P04	=	0x0084
                           000085   336 _P05	=	0x0085
                           000086   337 _P06	=	0x0086
                           000087   338 _P07	=	0x0087
                           00008F   339 _TF1	=	0x008f
                           00008E   340 _TR1	=	0x008e
                           00008D   341 _TF0	=	0x008d
                           00008C   342 _TR0	=	0x008c
                           00008B   343 _IE1	=	0x008b
                           00008A   344 _IT1	=	0x008a
                           000089   345 _IE0	=	0x0089
                           000088   346 _IT0	=	0x0088
                           000090   347 _P10	=	0x0090
                           000091   348 _P11	=	0x0091
                           000092   349 _P12	=	0x0092
                           000093   350 _P13	=	0x0093
                           000094   351 _P14	=	0x0094
                           000095   352 _P15	=	0x0095
                           000096   353 _P16	=	0x0096
                           000097   354 _P17	=	0x0097
                           00009F   355 _SM0	=	0x009f
                           00009E   356 _SM1	=	0x009e
                           00009D   357 _SM2	=	0x009d
                           00009C   358 _REN	=	0x009c
                           00009B   359 _TB8	=	0x009b
                           00009A   360 _RB8	=	0x009a
                           000099   361 _TI	=	0x0099
                           000098   362 _RI	=	0x0098
                           0000A0   363 _P20	=	0x00a0
                           0000A1   364 _P21	=	0x00a1
                           0000A2   365 _P22	=	0x00a2
                           0000A3   366 _P23	=	0x00a3
                           0000A4   367 _P24	=	0x00a4
                           0000A5   368 _P25	=	0x00a5
                           0000A6   369 _P26	=	0x00a6
                           0000A7   370 _P27	=	0x00a7
                           0000AF   371 _EA	=	0x00af
                           0000AE   372 _ELVD	=	0x00ae
                           0000AD   373 _EADC	=	0x00ad
                           0000AC   374 _ES	=	0x00ac
                           0000AB   375 _ET1	=	0x00ab
                           0000AA   376 _EX1	=	0x00aa
                           0000A9   377 _ET0	=	0x00a9
                           0000A8   378 _EX0	=	0x00a8
                           0000B0   379 _P30	=	0x00b0
                           0000B1   380 _P31	=	0x00b1
                           0000B2   381 _P32	=	0x00b2
                           0000B3   382 _P33	=	0x00b3
                           0000B4   383 _P34	=	0x00b4
                           0000B5   384 _P35	=	0x00b5
                           0000B6   385 _P36	=	0x00b6
                           0000B7   386 _P37	=	0x00b7
                           0000BF   387 _PPCA	=	0x00bf
                           0000BE   388 _PLVD	=	0x00be
                           0000BD   389 _PADC	=	0x00bd
                           0000BC   390 _PS	=	0x00bc
                           0000BB   391 _PT1	=	0x00bb
                           0000BA   392 _PX1	=	0x00ba
                           0000B9   393 _PT0	=	0x00b9
                           0000B8   394 _PX0	=	0x00b8
                           0000C0   395 _P40	=	0x00c0
                           0000C1   396 _P41	=	0x00c1
                           0000C2   397 _P42	=	0x00c2
                           0000C3   398 _P43	=	0x00c3
                           0000C4   399 _P44	=	0x00c4
                           0000C5   400 _P45	=	0x00c5
                           0000C6   401 _P46	=	0x00c6
                           0000C7   402 _P47	=	0x00c7
                           0000C8   403 _P50	=	0x00c8
                           0000C9   404 _P51	=	0x00c9
                           0000CA   405 _P52	=	0x00ca
                           0000CB   406 _P53	=	0x00cb
                           0000CC   407 _P54	=	0x00cc
                           0000CD   408 _P55	=	0x00cd
                           0000CE   409 _P56	=	0x00ce
                           0000CF   410 _P57	=	0x00cf
                           0000D7   411 _CY	=	0x00d7
                           0000D6   412 _AC	=	0x00d6
                           0000D5   413 _F0	=	0x00d5
                           0000D4   414 _RS1	=	0x00d4
                           0000D3   415 _RS0	=	0x00d3
                           0000D2   416 _OV	=	0x00d2
                           0000D1   417 _F1	=	0x00d1
                           0000D0   418 _P	=	0x00d0
                           0000E8   419 _P60	=	0x00e8
                           0000E9   420 _P61	=	0x00e9
                           0000EA   421 _P62	=	0x00ea
                           0000EB   422 _P63	=	0x00eb
                           0000EC   423 _P64	=	0x00ec
                           0000ED   424 _P65	=	0x00ed
                           0000EE   425 _P66	=	0x00ee
                           0000EF   426 _P67	=	0x00ef
                           0000F8   427 _P70	=	0x00f8
                           0000F9   428 _P71	=	0x00f9
                           0000FA   429 _P72	=	0x00fa
                           0000FB   430 _P73	=	0x00fb
                           0000FC   431 _P74	=	0x00fc
                           0000FD   432 _P75	=	0x00fd
                           0000FE   433 _P76	=	0x00fe
                           0000FF   434 _P77	=	0x00ff
                                    435 ;--------------------------------------------------------
                                    436 ; overlayable register banks
                                    437 ;--------------------------------------------------------
                                    438 	.area REG_BANK_0	(REL,OVR,DATA)
      000000                        439 	.ds 8
                                    440 ;--------------------------------------------------------
                                    441 ; internal ram data
                                    442 ;--------------------------------------------------------
                                    443 	.area DSEG    (DATA)
                                    444 ;--------------------------------------------------------
                                    445 ; overlayable items in internal ram
                                    446 ;--------------------------------------------------------
                                    447 ;--------------------------------------------------------
                                    448 ; Stack segment in internal ram
                                    449 ;--------------------------------------------------------
                                    450 	.area SSEG
      000000                        451 __start__stack:
      000000                        452 	.ds	1
                                    453 
                                    454 ;--------------------------------------------------------
                                    455 ; indirectly addressable internal ram data
                                    456 ;--------------------------------------------------------
                                    457 	.area ISEG    (DATA)
                                    458 ;--------------------------------------------------------
                                    459 ; absolute internal ram data
                                    460 ;--------------------------------------------------------
                                    461 	.area IABS    (ABS,DATA)
                                    462 	.area IABS    (ABS,DATA)
                                    463 ;--------------------------------------------------------
                                    464 ; bit data
                                    465 ;--------------------------------------------------------
                                    466 	.area BSEG    (BIT)
                                    467 ;--------------------------------------------------------
                                    468 ; paged external ram data
                                    469 ;--------------------------------------------------------
                                    470 	.area PSEG    (PAG,XDATA)
                                    471 ;--------------------------------------------------------
                                    472 ; uninitialized external ram data
                                    473 ;--------------------------------------------------------
                                    474 	.area XSEG    (XDATA)
                                    475 ;--------------------------------------------------------
                                    476 ; absolute external ram data
                                    477 ;--------------------------------------------------------
                                    478 	.area XABS    (ABS,XDATA)
                                    479 ;--------------------------------------------------------
                                    480 ; initialized external ram data
                                    481 ;--------------------------------------------------------
                                    482 	.area XISEG   (XDATA)
                                    483 	.area HOME    (CODE)
                                    484 	.area GSINIT0 (CODE)
                                    485 	.area GSINIT1 (CODE)
                                    486 	.area GSINIT2 (CODE)
                                    487 	.area GSINIT3 (CODE)
                                    488 	.area GSINIT4 (CODE)
                                    489 	.area GSINIT5 (CODE)
                                    490 	.area GSINIT  (CODE)
                                    491 	.area GSFINAL (CODE)
                                    492 	.area CSEG    (CODE)
                                    493 ;--------------------------------------------------------
                                    494 ; interrupt vector
                                    495 ;--------------------------------------------------------
                                    496 	.area HOME    (CODE)
      000000                        497 __interrupt_vect:
      000000 02r00r00         [24]  498 	ljmp	__sdcc_gsinit_startup
      000003 32               [24]  499 	reti
      000004                        500 	.ds	7
      00000B 02r00r00         [24]  501 	ljmp	_Timer0_ISR
      00000E                        502 	.ds	5
      000013 32               [24]  503 	reti
      000014                        504 	.ds	7
      00001B 32               [24]  505 	reti
      00001C                        506 	.ds	7
      000023 02r00r00         [24]  507 	ljmp	_UART_ISR
                                    508 ; restartable atomic support routines
      000026                        509 	.ds	2
      000028                        510 sdcc_atomic_exchange_rollback_start::
      000028 00               [12]  511 	nop
      000029 00               [12]  512 	nop
      00002A                        513 sdcc_atomic_exchange_pdata_impl:
      00002A E2               [24]  514 	movx	a, @r0
      00002B FB               [12]  515 	mov	r3, a
      00002C EA               [12]  516 	mov	a, r2
      00002D F2               [24]  517 	movx	@r0, a
      00002E 80 2C            [24]  518 	sjmp	sdcc_atomic_exchange_exit
      000030 00               [12]  519 	nop
      000031 00               [12]  520 	nop
      000032                        521 sdcc_atomic_exchange_xdata_impl:
      000032 E0               [24]  522 	movx	a, @dptr
      000033 FB               [12]  523 	mov	r3, a
      000034 EA               [12]  524 	mov	a, r2
      000035 F0               [24]  525 	movx	@dptr, a
      000036 80 24            [24]  526 	sjmp	sdcc_atomic_exchange_exit
      000038                        527 sdcc_atomic_compare_exchange_idata_impl:
      000038 E6               [12]  528 	mov	a, @r0
      000039 B5 02 02         [24]  529 	cjne	a, ar2, .+#5
      00003C EB               [12]  530 	mov	a, r3
      00003D F6               [12]  531 	mov	@r0, a
      00003E 22               [24]  532 	ret
      00003F 00               [12]  533 	nop
      000040                        534 sdcc_atomic_compare_exchange_pdata_impl:
      000040 E2               [24]  535 	movx	a, @r0
      000041 B5 02 02         [24]  536 	cjne	a, ar2, .+#5
      000044 EB               [12]  537 	mov	a, r3
      000045 F2               [24]  538 	movx	@r0, a
      000046 22               [24]  539 	ret
      000047 00               [12]  540 	nop
      000048                        541 sdcc_atomic_compare_exchange_xdata_impl:
      000048 E0               [24]  542 	movx	a, @dptr
      000049 B5 02 02         [24]  543 	cjne	a, ar2, .+#5
      00004C EB               [12]  544 	mov	a, r3
      00004D F0               [24]  545 	movx	@dptr, a
      00004E 22               [24]  546 	ret
      00004F                        547 sdcc_atomic_exchange_rollback_end::
                                    548 
      00004F                        549 sdcc_atomic_exchange_gptr_impl::
      00004F 30 F6 E0         [24]  550 	jnb	b.6, sdcc_atomic_exchange_xdata_impl
      000052 A8 82            [24]  551 	mov	r0, dpl
      000054 20 F5 D3         [24]  552 	jb	b.5, sdcc_atomic_exchange_pdata_impl
      000057                        553 sdcc_atomic_exchange_idata_impl:
      000057 EA               [12]  554 	mov	a, r2
      000058 C6               [12]  555 	xch	a, @r0
      000059 F5 82            [12]  556 	mov	dpl, a
      00005B 22               [24]  557 	ret
      00005C                        558 sdcc_atomic_exchange_exit:
      00005C 8B 82            [24]  559 	mov	dpl, r3
      00005E 22               [24]  560 	ret
      00005F                        561 sdcc_atomic_compare_exchange_gptr_impl::
      00005F 30 F6 E6         [24]  562 	jnb	b.6, sdcc_atomic_compare_exchange_xdata_impl
      000062 A8 82            [24]  563 	mov	r0, dpl
      000064 20 F5 D9         [24]  564 	jb	b.5, sdcc_atomic_compare_exchange_pdata_impl
      000067 80 CF            [24]  565 	sjmp	sdcc_atomic_compare_exchange_idata_impl
                                    566 ;--------------------------------------------------------
                                    567 ; global & static initialisations
                                    568 ;--------------------------------------------------------
                                    569 	.area HOME    (CODE)
                                    570 	.area GSINIT  (CODE)
                                    571 	.area GSFINAL (CODE)
                                    572 	.area GSINIT  (CODE)
                                    573 	.globl __sdcc_gsinit_startup
                                    574 	.globl __sdcc_program_startup
                                    575 	.globl __start__stack
                                    576 	.globl __mcs51_genXINIT
                                    577 	.globl __mcs51_genXRAMCLEAR
                                    578 	.globl __mcs51_genRAMCLEAR
                                    579 	.area GSFINAL (CODE)
      000000 02r00r69         [24]  580 	ljmp	__sdcc_program_startup
                                    581 ;--------------------------------------------------------
                                    582 ; Home
                                    583 ;--------------------------------------------------------
                                    584 	.area HOME    (CODE)
                                    585 	.area HOME    (CODE)
      000069                        586 __sdcc_program_startup:
      000069 02r00r00         [24]  587 	ljmp	_main
                                    588 ;	return from main will return to caller
                                    589 ;--------------------------------------------------------
                                    590 ; code
                                    591 ;--------------------------------------------------------
                                    592 	.area CSEG    (CODE)
                                    593 ;------------------------------------------------------------
                                    594 ;Allocation info for local variables in function 'main'
                                    595 ;------------------------------------------------------------
                                    596 ;	.\FwLib_STC8\user\main.c:20: void main(void)
                                    597 ;	-----------------------------------------
                                    598 ;	 function main
                                    599 ;	-----------------------------------------
      000000                        600 _main:
                           000007   601 	ar7 = 0x07
                           000006   602 	ar6 = 0x06
                           000005   603 	ar5 = 0x05
                           000004   604 	ar4 = 0x04
                           000003   605 	ar3 = 0x03
                           000002   606 	ar2 = 0x02
                           000001   607 	ar1 = 0x01
                           000000   608 	ar0 = 0x00
                                    609 ;	.\FwLib_STC8\user\main.c:22: ENABLE_XRAM();
      000000 43 BA 80         [24]  610 	orl	_P_SW2,#0x80
                                    611 ;	.\FwLib_STC8\user\main.c:23: UART_Init(); 
      000003 12r00r00         [24]  612 	lcall	_UART_Init
                                    613 ;	.\FwLib_STC8\user\main.c:24: reg_init(); 
      000006 12r00r00         [24]  614 	lcall	_reg_init
                                    615 ;	.\FwLib_STC8\user\main.c:27: cached_id = (uint8_t)reg_station_id; 
      000009 90r00r00         [24]  616 	mov	dptr,#_reg_station_id
      00000C E0               [24]  617 	movx	a,@dptr
      00000D 90r00r00         [24]  618 	mov	dptr,#_cached_id
      000010 F0               [24]  619 	movx	@dptr,a
                                    620 ;	.\FwLib_STC8\user\main.c:28: if(cached_id == 0) cached_id = 0x01; // 防止初始化失败变为 0
      000011 E0               [24]  621 	movx	a,@dptr
      000012 70 06            [24]  622 	jnz	00102$
      000014 90r00r00         [24]  623 	mov	dptr,#_cached_id
      000017 74 01            [12]  624 	mov	a,#0x01
      000019 F0               [24]  625 	movx	@dptr,a
      00001A                        626 00102$:
                                    627 ;	.\FwLib_STC8\user\main.c:29: UART_SendString("BOOT_OK\r\n"); // 只要重启，串口助手就会看到这句话
      00001A 90r00r00         [24]  628 	mov	dptr,#___str_0
      00001D 75 F0 80         [24]  629 	mov	b, #0x80
      000020 12r00r00         [24]  630 	lcall	_UART_SendString
                                    631 ;	.\FwLib_STC8\user\main.c:30: ET0 = 1; ES = 1; EA = 1; 
                                    632 ;	assignBit
      000023 D2 A9            [12]  633 	setb	_ET0
                                    634 ;	assignBit
      000025 D2 AC            [12]  635 	setb	_ES
                                    636 ;	assignBit
      000027 D2 AF            [12]  637 	setb	_EA
                                    638 ;	.\FwLib_STC8\user\main.c:32: while (1)
      000029                        639 00109$:
                                    640 ;	.\FwLib_STC8\user\main.c:34: WDT_CONTR = 0x35;
      000029 75 C1 35         [24]  641 	mov	_WDT_CONTR,#0x35
                                    642 ;	.\FwLib_STC8\user\main.c:38: if (HX_DOUT == 0 && !mb_frame_ready) 
      00002C 20 B2 09         [24]  643 	jb	_P32,00104$
      00002F 90r00r00         [24]  644 	mov	dptr,#_mb_frame_ready
      000032 E0               [24]  645 	movx	a,@dptr
      000033 70 03            [24]  646 	jnz	00104$
                                    647 ;	.\FwLib_STC8\user\main.c:40: MEAS_Process(); 
      000035 12r00r00         [24]  648 	lcall	_MEAS_Process
      000038                        649 00104$:
                                    650 ;	.\FwLib_STC8\user\main.c:44: if (mb_frame_ready)
      000038 90r00r00         [24]  651 	mov	dptr,#_mb_frame_ready
      00003B E0               [24]  652 	movx	a,@dptr
      00003C 60 EB            [24]  653 	jz	00109$
                                    654 ;	.\FwLib_STC8\user\main.c:46: EA = 0; // 执行解析时关闭中断，释放所有 CPU 资源给 Modbus
                                    655 ;	assignBit
      00003E C2 AF            [12]  656 	clr	_EA
                                    657 ;	.\FwLib_STC8\user\main.c:47: mb_parse_request(); 
      000040 12r00r00         [24]  658 	lcall	_mb_parse_request
                                    659 ;	.\FwLib_STC8\user\main.c:48: mb_idx = 0;
      000043 90r00r00         [24]  660 	mov	dptr,#_mb_idx
      000046 E4               [12]  661 	clr	a
      000047 F0               [24]  662 	movx	@dptr,a
                                    663 ;	.\FwLib_STC8\user\main.c:49: mb_frame_ready = 0;
      000048 90r00r00         [24]  664 	mov	dptr,#_mb_frame_ready
      00004B F0               [24]  665 	movx	@dptr,a
                                    666 ;	.\FwLib_STC8\user\main.c:50: EA = 1;
                                    667 ;	assignBit
      00004C D2 AF            [12]  668 	setb	_EA
                                    669 ;	.\FwLib_STC8\user\main.c:53: }
      00004E 80 D9            [24]  670 	sjmp	00109$
                                    671 	.area CSEG    (CODE)
                                    672 	.area CONST   (CODE)
                                    673 	.area CONST   (CODE)
      000000                        674 ___str_0:
      000000 42 4F 4F 54 5F 4F 4B   675 	.ascii "BOOT_OK"
      000007 0D                     676 	.db 0x0d
      000008 0A                     677 	.db 0x0a
      000009 00                     678 	.db 0x00
                                    679 	.area CSEG    (CODE)
                                    680 	.area XINIT   (CODE)
                                    681 	.area CABS    (ABS,CODE)
