ASxxxx Linker V03.00/V05.40 + sdld,  page 1.
Hexadecimal  [32-Bits]

Area                                    Addr        Size        Decimal Bytes (Attributes)
--------------------------------        ----        ----        ------- ----- ------------
CABS                                00000000    00000000 =           0. bytes (ABS,CON,CODE)

      Value  Global                              Global Defined In Module
      -----  --------------------------------   ------------------------
C:   00000000  l_BIT_BANK                      
C:   00000000  l_BSEG                          
C:   00000000  l_BSEG_BYTES                    
C:   00000000  l_CABS                          
C:   00000000  l_GSINIT                        
C:   00000000  l_GSINIT1                       
C:   00000000  l_GSINIT5                       
C:   00000000  l_IABS                          
C:   00000000  l_ISEG                          
C:   00000000  l_PSEG                          
C:   00000000  l_REG_BANK_1                    
C:   00000000  l_REG_BANK_2                    
C:   00000000  l_REG_BANK_3                    
C:   00000000  l_RSEG                          
C:   00000000  l_RSEG0                         
C:   00000000  l_RSEG1                         
C:   00000000  l_XABS                          
C:   00000000  l_XINIT                         
C:   00000000  l_XISEG                         
C:   00000000  l__CODE                         
C:   00000000  s_BSEG                          
C:   00000000  s_CABS                          
C:   00000000  s_DSEG                          
C:   00000000  s_HOME                          
C:   00000000  s_IABS                          
C:   00000000  s_ISEG                          
C:   00000000  s_REG_BANK_0                    
C:   00000000  s_RSEG                          
C:   00000000  s_RSEG0                         
C:   00000000  s_RSEG1                         
C:   00000000  s_XABS                          
C:   00000001  s_PSEG                          
C:   00000001  s_XSEG                          
C:   00000003  l_GSFINAL                       
C:   00000003  l_GSINIT0                       
C:   00000004  l_OSEG                          
C:   00000008  l_REG_BANK_0                    
C:   00000008  s_OSEG                          
C:   00000008  s_REG_BANK_1                    
C:   0000000A  l_GSINIT2                       
C:   0000000C  s_SSEG                          
C:   00000010  s_REG_BANK_2                    
C:   00000018  s_BIT_BANK                      
C:   00000018  s_REG_BANK_3                    
C:   0000001B  l_CONST                         
C:   00000020  s_BSEG_BYTES                    
C:   00000020  s__CODE                         
C:   00000022  l_GSINIT3                       
C:   0000002A  l_GSINIT4                       
C:   0000004C  l_HOME                          
ASxxxx Linker V03.00/V05.40 + sdld,  page 2.
Hexadecimal  [32-Bits]

Area                                    Addr        Size        Decimal Bytes (Attributes)
--------------------------------        ----        ----        ------- ----- ------------
CABS                                00000000    00000000 =           0. bytes (ABS,CON,CODE)

      Value  Global                              Global Defined In Module
      -----  --------------------------------   ------------------------
C:   0000004C  s_GSINIT0                       
C:   0000004F  s_GSINIT1                       
C:   0000004F  s_GSINIT2                       
C:   00000059  s_GSINIT3                       
C:   0000005C  l_XSEG                          
C:   0000005D  s_XISEG                         
C:   00000060  l_SSEG                          
C:   0000006C  l_DSEG                          
C:   0000007B  s_GSINIT4                       
C:   000000A5  s_GSFINAL                       
C:   000000A5  s_GSINIT                        
C:   000000A5  s_GSINIT5                       
C:   000000A8  s_CSEG                          
C:   00000100  l_IRAM                          
C:   00000840  l_CSEG                          
C:   000008E8  s_CONST                         
C:   00000903  s_XINIT                         

ASxxxx Linker V03.00/V05.40 + sdld,  page 3.
Hexadecimal  [32-Bits]

Area                                    Addr        Size        Decimal Bytes (Attributes)
--------------------------------        ----        ----        ------- ----- ------------
.  .ABS.                            00000000    00000000 =           0. bytes (ABS,CON)

      Value  Global                              Global Defined In Module
      -----  --------------------------------   ------------------------
     00000000  .__.ABS.                           _startup
     00000080  _P0                                fw_util
     00000080  _P00                               fw_util
     00000081  _P01                               fw_util
     00000081  _SP                                fw_util
     00000082  _DPL                               fw_util
     00000082  _P02                               fw_util
     00000083  _DPH                               fw_util
     00000083  _P03                               fw_util
     00000084  _P04                               fw_util
     00000084  _S4CON                             fw_util
     00000085  _P05                               fw_util
     00000085  _S4BUF                             fw_util
     00000086  _P06                               fw_util
     00000087  _P07                               fw_util
     00000087  _PCON                              fw_util
     00000088  _IT0                               fw_util
     00000088  _TCON                              fw_util
     00000089  _IE0                               fw_util
     00000089  _TMOD                              fw_util
     0000008A  _IT1                               fw_util
     0000008A  _TL0                               fw_util
     0000008B  _IE1                               fw_util
     0000008B  _TL1                               fw_util
     0000008C  _TH0                               fw_util
     0000008C  _TR0                               fw_util
     0000008D  _TF0                               fw_util
     0000008D  _TH1                               fw_util
     0000008E  _AUXR                              fw_util
     0000008E  _TR1                               fw_util
     0000008F  _INTCLKO                           fw_util
     0000008F  _TF1                               fw_util
     00000090  _P1                                fw_util
     00000090  _P10                               fw_util
     00000091  _P11                               fw_util
     00000091  _P1M1                              fw_util
     00000092  _P12                               fw_util
     00000092  _P1M0                              fw_util
     00000093  _P0M1                              fw_util
     00000093  _P13                               fw_util
     00000094  _P0M0                              fw_util
     00000094  _P14                               fw_util
     00000095  _P15                               fw_util
     00000095  _P2M1                              fw_util
     00000096  _P16                               fw_util
     00000096  _P2M0                              fw_util
     00000097  _P17                               fw_util
     00000098  _RI                                fw_util
     00000098  _SCON                              fw_util
     00000099  _SBUF                              fw_util
ASxxxx Linker V03.00/V05.40 + sdld,  page 4.
Hexadecimal  [32-Bits]

Area                                    Addr        Size        Decimal Bytes (Attributes)
--------------------------------        ----        ----        ------- ----- ------------
.  .ABS.                            00000000    00000000 =           0. bytes (ABS,CON)

      Value  Global                              Global Defined In Module
      -----  --------------------------------   ------------------------
     00000099  _TI                                fw_util
     0000009A  _RB8                               fw_util
     0000009A  _S2CON                             fw_util
     0000009B  _S2BUF                             fw_util
     0000009B  _TB8                               fw_util
     0000009C  _REN                               fw_util
     0000009D  _IRCBAND                           fw_util
     0000009D  _SM2                               fw_util
     0000009E  _LIRTRIM                           fw_util
     0000009E  _SM1                               fw_util
     0000009F  _IRTRIM                            fw_util
     0000009F  _SM0                               fw_util
     000000A0  _P2                                fw_util
     000000A0  _P20                               fw_util
     000000A0  __XPAGE                            
     000000A1  _BUS_SPEED                         fw_util
     000000A1  _P21                               fw_util
     000000A2  _P22                               fw_util
     000000A2  _P_SW1                             fw_util
     000000A3  _P23                               fw_util
     000000A4  _P24                               fw_util
     000000A5  _P25                               fw_util
     000000A6  _P26                               fw_util
     000000A6  _VRTRIM                            fw_util
     000000A7  _P27                               fw_util
     000000A8  _EX0                               fw_util
     000000A8  _IE                                fw_util
     000000A9  _ET0                               fw_util
     000000A9  _SADDR                             fw_util
     000000AA  _EX1                               fw_util
     000000AA  _WKTCL                             fw_util
     000000AB  _ET1                               fw_util
     000000AB  _WKTCH                             fw_util
     000000AC  _ES                                fw_util
     000000AC  _S3CON                             fw_util
     000000AD  _EADC                              fw_util
     000000AD  _S3BUF                             fw_util
     000000AE  _ELVD                              fw_util
     000000AE  _TA                                fw_util
     000000AF  _EA                                fw_util
     000000AF  _IE2                               fw_util
     000000B0  _P3                                fw_util
     000000B0  _P30                               fw_util
     000000B1  _P31                               fw_util
     000000B1  _P3M1                              fw_util
     000000B2  _P32                               fw_util
     000000B2  _P3M0                              fw_util
     000000B3  _P33                               fw_util
     000000B3  _P4M1                              fw_util
     000000B4  _P34                               fw_util
     000000B4  _P4M0                              fw_util
ASxxxx Linker V03.00/V05.40 + sdld,  page 5.
Hexadecimal  [32-Bits]

Area                                    Addr        Size        Decimal Bytes (Attributes)
--------------------------------        ----        ----        ------- ----- ------------
.  .ABS.                            00000000    00000000 =           0. bytes (ABS,CON)

      Value  Global                              Global Defined In Module
      -----  --------------------------------   ------------------------
     000000B5  _IP2                               fw_util
     000000B5  _P35                               fw_util
     000000B6  _IP2H                              fw_util
     000000B6  _P36                               fw_util
     000000B7  _IPH                               fw_util
     000000B7  _P37                               fw_util
     000000B8  _IP                                fw_util
     000000B8  _PX0                               fw_util
     000000B9  _PT0                               fw_util
     000000B9  _SADEN                             fw_util
     000000BA  _PX1                               fw_util
     000000BA  _P_SW2                             fw_util
     000000BB  _PT1                               fw_util
     000000BC  _ADC_CONTR                         fw_util
     000000BC  _PS                                fw_util
     000000BD  _ADC_RES                           fw_util
     000000BD  _PADC                              fw_util
     000000BE  _ADC_RESL                          fw_util
     000000BE  _PLVD                              fw_util
     000000BF  _PPCA                              fw_util
     000000C0  _P4                                fw_util
     000000C0  _P40                               fw_util
     000000C1  _P41                               fw_util
     000000C1  _WDT_CONTR                         fw_util
     000000C2  _IAP_DATA                          fw_util
     000000C2  _P42                               fw_util
     000000C3  _IAP_ADDRH                         fw_util
     000000C3  _P43                               fw_util
     000000C4  _IAP_ADDRL                         fw_util
     000000C4  _P44                               fw_util
     000000C5  _IAP_CMD                           fw_util
     000000C5  _P45                               fw_util
     000000C6  _IAP_TRIG                          fw_util
     000000C6  _P46                               fw_util
     000000C7  _IAP_CONTR                         fw_util
     000000C7  _P47                               fw_util
     000000C8  _P5                                fw_util
     000000C8  _P50                               fw_util
     000000C9  _P51                               fw_util
     000000C9  _P5M1                              fw_util
     000000CA  _P52                               fw_util
     000000CA  _P5M0                              fw_util
     000000CB  _P53                               fw_util
     000000CB  _P6M1                              fw_util
     000000CC  _P54                               fw_util
     000000CC  _P6M0                              fw_util
     000000CD  _P55                               fw_util
     000000CD  _SPSTAT                            fw_util
     000000CE  _P56                               fw_util
     000000CE  _SPCTL                             fw_util
     000000CF  _P57                               fw_util
ASxxxx Linker V03.00/V05.40 + sdld,  page 6.
Hexadecimal  [32-Bits]

Area                                    Addr        Size        Decimal Bytes (Attributes)
--------------------------------        ----        ----        ------- ----- ------------
.  .ABS.                            00000000    00000000 =           0. bytes (ABS,CON)

      Value  Global                              Global Defined In Module
      -----  --------------------------------   ------------------------
     000000CF  _SPDAT                             fw_util
     000000D0  _P                                 fw_util
     000000D0  _PSW                               fw_util
     000000D1  _F1                                fw_util
     000000D1  _T4T3M                             fw_util
     000000D2  _OV                                fw_util
     000000D2  _T4H                               fw_util
     000000D3  _RS0                               fw_util
     000000D3  _T4L                               fw_util
     000000D4  _RS1                               fw_util
     000000D4  _T3H                               fw_util
     000000D5  _F0                                fw_util
     000000D5  _T3L                               fw_util
     000000D6  _AC                                fw_util
     000000D6  _T2H                               fw_util
     000000D7  _CY                                fw_util
     000000D7  _T2L                               fw_util
     000000DC  _USBCLK                            fw_util
     000000DE  _ADCCFG                            fw_util
     000000DF  _IP3                               fw_util
     000000E0  _ACC                               fw_util
     000000E1  _P7M1                              fw_util
     000000E2  _P7M0                              fw_util
     000000E3  _DPS                               fw_util
     000000E4  _DPL1                              fw_util
     000000E5  _DPH1                              fw_util
     000000E6  _CMPCR1                            fw_util
     000000E7  _CMPCR2                            fw_util
     000000E8  _P6                                fw_util
     000000E8  _P60                               fw_util
     000000E9  _P61                               fw_util
     000000EA  _P62                               fw_util
     000000EB  _P63                               fw_util
     000000EC  _P64                               fw_util
     000000EC  _USBDAT                            fw_util
     000000ED  _P65                               fw_util
     000000EE  _IP3H                              fw_util
     000000EE  _P66                               fw_util
     000000EF  _AUXINTIF                          fw_util
     000000EF  _P67                               fw_util
     000000F0  _B                                 fw_util
     000000F4  _USBCON                            fw_util
     000000F5  _B_5                               _gptrget
     000000F5  _IAP_TPS                           fw_util
     000000F6  _B_6                               _gptrget
     000000F7  _B_7                               _gptrget
     000000F8  _P7                                fw_util
     000000F8  _P70                               fw_util
     000000F9  _P71                               fw_util
     000000FA  _P72                               fw_util
     000000FB  _P73                               fw_util
ASxxxx Linker V03.00/V05.40 + sdld,  page 7.
Hexadecimal  [32-Bits]

Area                                    Addr        Size        Decimal Bytes (Attributes)
--------------------------------        ----        ----        ------- ----- ------------
.  .ABS.                            00000000    00000000 =           0. bytes (ABS,CON)

      Value  Global                              Global Defined In Module
      -----  --------------------------------   ------------------------
     000000FC  _P74                               fw_util
     000000FC  _USBADR                            fw_util
     000000FD  _P75                               fw_util
     000000FE  _P76                               fw_util
     000000FF  _P77                               fw_util
     000000FF  _RSTCFG                            fw_util

ASxxxx Linker V03.00/V05.40 + sdld,  page 8.
Hexadecimal  [32-Bits]

Area                                    Addr        Size        Decimal Bytes (Attributes)
--------------------------------        ----        ----        ------- ----- ------------
REG_BANK_0                          00000000    00000008 =           8. bytes (REL,OVR)

      Value  Global                              Global Defined In Module
      -----  --------------------------------   ------------------------
ASxxxx Linker V03.00/V05.40 + sdld,  page 9.
Hexadecimal  [32-Bits]

Area                                    Addr        Size        Decimal Bytes (Attributes)
--------------------------------        ----        ----        ------- ----- ------------
DSEG                                00000000    0000006C =         108. bytes (REL,CON)

      Value  Global                              Global Defined In Module
      -----  --------------------------------   ------------------------
ASxxxx Linker V03.00/V05.40 + sdld,  page 10.
Hexadecimal  [32-Bits]

Area                                    Addr        Size        Decimal Bytes (Attributes)
--------------------------------        ----        ----        ------- ----- ------------
OSEG                                00000008    00000004 =           4. bytes (REL,OVR)

      Value  Global                              Global Defined In Module
      -----  --------------------------------   ------------------------
ASxxxx Linker V03.00/V05.40 + sdld,  page 11.
Hexadecimal  [32-Bits]

Area                                    Addr        Size        Decimal Bytes (Attributes)
--------------------------------        ----        ----        ------- ----- ------------
SSEG                                0000000C    00000060 =          96. bytes (REL,OVR)

      Value  Global                              Global Defined In Module
      -----  --------------------------------   ------------------------
     0000000C  __start__stack                     main

ASxxxx Linker V03.00/V05.40 + sdld,  page 12.
Hexadecimal  [32-Bits]

Area                                    Addr        Size        Decimal Bytes (Attributes)
--------------------------------        ----        ----        ------- ----- ------------
XSEG                                00000001    0000005C =          92. bytes (REL,CON,XDATA)

      Value  Global                              Global Defined In Module
      -----  --------------------------------   ------------------------
D:   00000006  _UART_Timer_InitValueCalculate_P   fw_uart
D:   00000007  _UART_Timer_InitValueCalculate_P   fw_uart
D:   00000013  __UART1_ConfigDynUart_PARM_2       fw_uart
D:   00000014  __UART1_ConfigDynUart_PARM_3       fw_uart
D:   00000017  _UART1_Config8bitUart_PARM_2       fw_uart
D:   00000018  _UART1_Config8bitUart_PARM_3       fw_uart
D:   0000001D  _UART1_Config9bitUart_PARM_2       fw_uart
D:   0000001E  _UART1_Config9bitUart_PARM_3       fw_uart
D:   0000002A  _UART2_Config_PARM_2               fw_uart
D:   00000034  _UART3_ConfigOnTimer2_PARM_2       fw_uart
D:   00000039  _UART3_ConfigOnTimer3_PARM_2       fw_uart
D:   0000003E  _UART4_ConfigOnTimer2_PARM_2       fw_uart
D:   00000043  _UART4_ConfigOnTimer4_PARM_2       fw_uart
D:   0000004A  _SYS_TrimClock_PARM_2              fw_sys
D:   00000050  __divulong_PARM_2                  _divulong
ASxxxx Linker V03.00/V05.40 + sdld,  page 13.
Hexadecimal  [32-Bits]

Area                                    Addr        Size        Decimal Bytes (Attributes)
--------------------------------        ----        ----        ------- ----- ------------
HOME                                00000000    0000004C =          76. bytes (REL,CON,CODE)

      Value  Global                              Global Defined In Module
      -----  --------------------------------   ------------------------
C:   00000008  sdcc_atomic_exchange_rollback_st   main
C:   0000002F  sdcc_atomic_exchange_gptr_impl     main
C:   0000002F  sdcc_atomic_exchange_rollback_en   main
C:   0000003F  sdcc_atomic_compare_exchange_gpt   main
C:   00000049  __sdcc_program_startup             main

ASxxxx Linker V03.00/V05.40 + sdld,  page 14.
Hexadecimal  [32-Bits]

Area                                    Addr        Size        Decimal Bytes (Attributes)
--------------------------------        ----        ----        ------- ----- ------------
GSINIT0                             0000004C    00000003 =           3. bytes (REL,CON,CODE)

      Value  Global                              Global Defined In Module
      -----  --------------------------------   ------------------------
C:   0000004C  __sdcc_gsinit_startup              

ASxxxx Linker V03.00/V05.40 + sdld,  page 15.
Hexadecimal  [32-Bits]

Area                                    Addr        Size        Decimal Bytes (Attributes)
--------------------------------        ----        ----        ------- ----- ------------
GSINIT2                             0000004F    0000000A =          10. bytes (REL,CON,CODE)

      Value  Global                              Global Defined In Module
      -----  --------------------------------   ------------------------
ASxxxx Linker V03.00/V05.40 + sdld,  page 16.
Hexadecimal  [32-Bits]

Area                                    Addr        Size        Decimal Bytes (Attributes)
--------------------------------        ----        ----        ------- ----- ------------
GSINIT3                             00000059    00000022 =          34. bytes (REL,CON,CODE)

      Value  Global                              Global Defined In Module
      -----  --------------------------------   ------------------------
C:   00000059  __mcs51_genXINIT                   

ASxxxx Linker V03.00/V05.40 + sdld,  page 17.
Hexadecimal  [32-Bits]

Area                                    Addr        Size        Decimal Bytes (Attributes)
--------------------------------        ----        ----        ------- ----- ------------
GSINIT4                             0000007B    0000002A =          42. bytes (REL,CON,CODE)

      Value  Global                              Global Defined In Module
      -----  --------------------------------   ------------------------
C:   0000007B  __mcs51_genRAMCLEAR                
C:   00000081  __mcs51_genXRAMCLEAR               

ASxxxx Linker V03.00/V05.40 + sdld,  page 18.
Hexadecimal  [32-Bits]

Area                                    Addr        Size        Decimal Bytes (Attributes)
--------------------------------        ----        ----        ------- ----- ------------
GSFINAL                             000000A5    00000003 =           3. bytes (REL,CON,CODE)

      Value  Global                              Global Defined In Module
      -----  --------------------------------   ------------------------
ASxxxx Linker V03.00/V05.40 + sdld,  page 19.
Hexadecimal  [32-Bits]

Area                                    Addr        Size        Decimal Bytes (Attributes)
--------------------------------        ----        ----        ------- ----- ------------
CSEG                                000000A8    00000840 =        2112. bytes (REL,CON,CODE)

      Value  Global                              Global Defined In Module
      -----  --------------------------------   ------------------------
C:   000000A8  _UART2_SendByte                    main
C:   000000C1  _UART2_SendString                  main
C:   00000117  _main                              main
C:   00000165  _UART_Timer_InitValueCalculate     fw_uart
C:   00000237  __UART1_ConfigDynUart              fw_uart
C:   0000028F  _UART1_Config8bitUart              fw_uart
C:   000002E9  _UART1_Config9bitUart              fw_uart
C:   00000343  _UART1_TxChar                      fw_uart
C:   00000352  _UART1_TxHex                       fw_uart
C:   00000376  _UART1_TxString                    fw_uart
C:   000003CC  _putchar                           fw_uart
C:   000003EB  _UART2_Config                      fw_uart
C:   00000444  _UART2_TxChar                      fw_uart
C:   00000456  _UART2_TxHex                       fw_uart
C:   0000047A  _UART2_TxString                    fw_uart
C:   000004D0  _UART3_ConfigOnTimer2              fw_uart
C:   0000052F  _UART3_ConfigOnTimer3              fw_uart
C:   0000058E  _UART4_ConfigOnTimer2              fw_uart
C:   000005ED  _UART4_ConfigOnTimer4              fw_uart
C:   0000064F  _SYS_SetClock                      fw_sys
C:   0000069B  _SYS_TrimClock                     fw_sys
C:   000006BE  _SYS_Delay                         fw_sys
C:   000006FE  _SYS_DelayUs                       fw_sys
C:   00000733  _UTIL_Uart1_24M_9600_Init          fw_util
C:   0000074A  _UTIL_Uart1_24M_115200_Init        fw_util
C:   00000761  _UTIL_Uart1_33M1776_9600_Init      fw_util
C:   00000778  _UTIL_Uart1_33M1776_115200_Init    fw_util
C:   0000078F  _UTIL_Uart1_35M_9600_Init          fw_util
C:   000007A6  _UTIL_Uart1_36M864_9600_Init       fw_util
C:   000007BD  _UTIL_Uart1_36M864_115200_Init     fw_util
C:   000007D4  __divulong                         _divulong
C:   000008C8  __gptrget                          _gptrget
C:   000008E4  ___sdcc_external_startup           _startup
ASxxxx Linker V03.00/V05.40 + sdld,  page 20.
Hexadecimal  [32-Bits]

Area                                    Addr        Size        Decimal Bytes (Attributes)
--------------------------------        ----        ----        ------- ----- ------------
CONST                               000008E8    0000001B =          27. bytes (REL,CON,CODE)

      Value  Global                              Global Defined In Module
      -----  --------------------------------   ------------------------
C:   000008F0  _ticks_ms                          fw_sys
C:   000008F2  _ticks_us                          fw_sys
C:   000008F3  _HEX_TABLE                         fw_util
ASxxxx Linker V03.00/V05.40 + sdld,  page 21.

Files Linked                              [ module(s) ]

main.rel                                  [  ]
fw_uart.rel                               [  ]
fw_sys.rel                                [  ]
fw_util.rel                               [  ]


Libraries Linked                          [ object file ]

C:\Program Files\SDCC\bin\..\lib\large/liblong.lib
                                          [ _divulong.rel ]
C:\Program Files\SDCC\bin\..\lib\large/mcs51.lib
                                          [ crtclear.rel ]
C:\Program Files\SDCC\bin\..\lib\large/mcs51.lib
                                          [ crtxinit.rel ]
C:\Program Files\SDCC\bin\..\lib\large/mcs51.lib
                                          [ crtxclear.rel ]
C:\Program Files\SDCC\bin\..\lib\large/mcs51.lib
                                          [ crtpagesfr.rel ]
C:\Program Files\SDCC\bin\..\lib\large/mcs51.lib
                                          [ crtstart.rel ]
C:\Program Files\SDCC\bin\..\lib\large/libsdcc.lib
                                          [ _gptrget.rel ]
C:\Program Files\SDCC\bin\..\lib\large/libsdcc.lib
                                          [ _startup.rel ]

ASxxxx Linker V03.00/V05.40 + sdld,  page 22.

User Base Address Definitions

HOME = 0x0000
XSEG = 0x0001
PSEG = 0x0001
ISEG = 0x0000
BSEG = 0x0000

