                                      1 ;--------------------------------------------------------
                                      2 ; File Created by SDCC : free open source ISO C Compiler
                                      3 ; Version 4.5.0 #15242 (MINGW64)
                                      4 ;--------------------------------------------------------
                                      5 	.module modbus_server
                                      6 	
                                      7 	.optsdcc -mmcs51 --model-large
                                      8 ;--------------------------------------------------------
                                      9 ; Public variables in this module
                                     10 ;--------------------------------------------------------
                                     11 	.globl _find_reg
                                     12 	.globl _UART_SendBuffer
                                     13 	.globl _UART_SendChar
                                     14 	.globl _reg_write
                                     15 	.globl _P77
                                     16 	.globl _P76
                                     17 	.globl _P75
                                     18 	.globl _P74
                                     19 	.globl _P73
                                     20 	.globl _P72
                                     21 	.globl _P71
                                     22 	.globl _P70
                                     23 	.globl _P67
                                     24 	.globl _P66
                                     25 	.globl _P65
                                     26 	.globl _P64
                                     27 	.globl _P63
                                     28 	.globl _P62
                                     29 	.globl _P61
                                     30 	.globl _P60
                                     31 	.globl _P
                                     32 	.globl _F1
                                     33 	.globl _OV
                                     34 	.globl _RS0
                                     35 	.globl _RS1
                                     36 	.globl _F0
                                     37 	.globl _AC
                                     38 	.globl _CY
                                     39 	.globl _P57
                                     40 	.globl _P56
                                     41 	.globl _P55
                                     42 	.globl _P54
                                     43 	.globl _P53
                                     44 	.globl _P52
                                     45 	.globl _P51
                                     46 	.globl _P50
                                     47 	.globl _P47
                                     48 	.globl _P46
                                     49 	.globl _P45
                                     50 	.globl _P44
                                     51 	.globl _P43
                                     52 	.globl _P42
                                     53 	.globl _P41
                                     54 	.globl _P40
                                     55 	.globl _PX0
                                     56 	.globl _PT0
                                     57 	.globl _PX1
                                     58 	.globl _PT1
                                     59 	.globl _PS
                                     60 	.globl _PADC
                                     61 	.globl _PLVD
                                     62 	.globl _PPCA
                                     63 	.globl _P37
                                     64 	.globl _P36
                                     65 	.globl _P35
                                     66 	.globl _P34
                                     67 	.globl _P33
                                     68 	.globl _P32
                                     69 	.globl _P31
                                     70 	.globl _P30
                                     71 	.globl _EX0
                                     72 	.globl _ET0
                                     73 	.globl _EX1
                                     74 	.globl _ET1
                                     75 	.globl _ES
                                     76 	.globl _EADC
                                     77 	.globl _ELVD
                                     78 	.globl _EA
                                     79 	.globl _P27
                                     80 	.globl _P26
                                     81 	.globl _P25
                                     82 	.globl _P24
                                     83 	.globl _P23
                                     84 	.globl _P22
                                     85 	.globl _P21
                                     86 	.globl _P20
                                     87 	.globl _RI
                                     88 	.globl _TI
                                     89 	.globl _RB8
                                     90 	.globl _TB8
                                     91 	.globl _REN
                                     92 	.globl _SM2
                                     93 	.globl _SM1
                                     94 	.globl _SM0
                                     95 	.globl _P17
                                     96 	.globl _P16
                                     97 	.globl _P15
                                     98 	.globl _P14
                                     99 	.globl _P13
                                    100 	.globl _P12
                                    101 	.globl _P11
                                    102 	.globl _P10
                                    103 	.globl _IT0
                                    104 	.globl _IE0
                                    105 	.globl _IT1
                                    106 	.globl _IE1
                                    107 	.globl _TR0
                                    108 	.globl _TF0
                                    109 	.globl _TR1
                                    110 	.globl _TF1
                                    111 	.globl _P07
                                    112 	.globl _P06
                                    113 	.globl _P05
                                    114 	.globl _P04
                                    115 	.globl _P03
                                    116 	.globl _P02
                                    117 	.globl _P01
                                    118 	.globl _P00
                                    119 	.globl _RSTCFG
                                    120 	.globl _USBADR
                                    121 	.globl _IAP_TPS
                                    122 	.globl _USBCON
                                    123 	.globl _AUXINTIF
                                    124 	.globl _IP3H
                                    125 	.globl _USBDAT
                                    126 	.globl _CMPCR2
                                    127 	.globl _CMPCR1
                                    128 	.globl _DPH1
                                    129 	.globl _DPL1
                                    130 	.globl _DPS
                                    131 	.globl _P7M0
                                    132 	.globl _P7M1
                                    133 	.globl _IP3
                                    134 	.globl _ADCCFG
                                    135 	.globl _USBCLK
                                    136 	.globl _VRTRIM
                                    137 	.globl _P7
                                    138 	.globl _B
                                    139 	.globl _P6
                                    140 	.globl _ACC
                                    141 	.globl _T2L
                                    142 	.globl _T2H
                                    143 	.globl _T3L
                                    144 	.globl _T3H
                                    145 	.globl _T4L
                                    146 	.globl _T4H
                                    147 	.globl _T4T3M
                                    148 	.globl _PSW
                                    149 	.globl _SPDAT
                                    150 	.globl _SPCTL
                                    151 	.globl _SPSTAT
                                    152 	.globl _P6M0
                                    153 	.globl _P6M1
                                    154 	.globl _P5M0
                                    155 	.globl _P5M1
                                    156 	.globl _P5
                                    157 	.globl _IAP_CONTR
                                    158 	.globl _IAP_TRIG
                                    159 	.globl _IAP_CMD
                                    160 	.globl _IAP_ADDRL
                                    161 	.globl _IAP_ADDRH
                                    162 	.globl _IAP_DATA
                                    163 	.globl _WDT_CONTR
                                    164 	.globl _P4
                                    165 	.globl _ADC_RESL
                                    166 	.globl _ADC_RES
                                    167 	.globl _ADC_CONTR
                                    168 	.globl _P_SW2
                                    169 	.globl _SADEN
                                    170 	.globl _IP
                                    171 	.globl _IPH
                                    172 	.globl _IP2H
                                    173 	.globl _IP2
                                    174 	.globl _P4M0
                                    175 	.globl _P4M1
                                    176 	.globl _P3M0
                                    177 	.globl _P3M1
                                    178 	.globl _P3
                                    179 	.globl _IE2
                                    180 	.globl _TA
                                    181 	.globl _S3BUF
                                    182 	.globl _S3CON
                                    183 	.globl _WKTCH
                                    184 	.globl _WKTCL
                                    185 	.globl _SADDR
                                    186 	.globl _IE
                                    187 	.globl _P_SW1
                                    188 	.globl _BUS_SPEED
                                    189 	.globl _P2
                                    190 	.globl _IRTRIM
                                    191 	.globl _LIRTRIM
                                    192 	.globl _IRCBAND
                                    193 	.globl _S2BUF
                                    194 	.globl _S2CON
                                    195 	.globl _SBUF
                                    196 	.globl _SCON
                                    197 	.globl _P2M0
                                    198 	.globl _P2M1
                                    199 	.globl _P0M0
                                    200 	.globl _P0M1
                                    201 	.globl _P1M0
                                    202 	.globl _P1M1
                                    203 	.globl _P1
                                    204 	.globl _INTCLKO
                                    205 	.globl _AUXR
                                    206 	.globl _TH1
                                    207 	.globl _TH0
                                    208 	.globl _TL1
                                    209 	.globl _TL0
                                    210 	.globl _TMOD
                                    211 	.globl _TCON
                                    212 	.globl _PCON
                                    213 	.globl _S4BUF
                                    214 	.globl _S4CON
                                    215 	.globl _DPH
                                    216 	.globl _DPL
                                    217 	.globl _SP
                                    218 	.globl _P0
                                    219 	.globl _mb_crc16_PARM_2
                                    220 	.globl _mb_crc16
                                    221 	.globl _mb_parse_request
                                    222 ;--------------------------------------------------------
                                    223 ; special function registers
                                    224 ;--------------------------------------------------------
                                    225 	.area RSEG    (ABS,DATA)
      000000                        226 	.org 0x0000
                           000080   227 _P0	=	0x0080
                           000081   228 _SP	=	0x0081
                           000082   229 _DPL	=	0x0082
                           000083   230 _DPH	=	0x0083
                           000084   231 _S4CON	=	0x0084
                           000085   232 _S4BUF	=	0x0085
                           000087   233 _PCON	=	0x0087
                           000088   234 _TCON	=	0x0088
                           000089   235 _TMOD	=	0x0089
                           00008A   236 _TL0	=	0x008a
                           00008B   237 _TL1	=	0x008b
                           00008C   238 _TH0	=	0x008c
                           00008D   239 _TH1	=	0x008d
                           00008E   240 _AUXR	=	0x008e
                           00008F   241 _INTCLKO	=	0x008f
                           000090   242 _P1	=	0x0090
                           000091   243 _P1M1	=	0x0091
                           000092   244 _P1M0	=	0x0092
                           000093   245 _P0M1	=	0x0093
                           000094   246 _P0M0	=	0x0094
                           000095   247 _P2M1	=	0x0095
                           000096   248 _P2M0	=	0x0096
                           000098   249 _SCON	=	0x0098
                           000099   250 _SBUF	=	0x0099
                           00009A   251 _S2CON	=	0x009a
                           00009B   252 _S2BUF	=	0x009b
                           00009D   253 _IRCBAND	=	0x009d
                           00009E   254 _LIRTRIM	=	0x009e
                           00009F   255 _IRTRIM	=	0x009f
                           0000A0   256 _P2	=	0x00a0
                           0000A1   257 _BUS_SPEED	=	0x00a1
                           0000A2   258 _P_SW1	=	0x00a2
                           0000A8   259 _IE	=	0x00a8
                           0000A9   260 _SADDR	=	0x00a9
                           0000AA   261 _WKTCL	=	0x00aa
                           0000AB   262 _WKTCH	=	0x00ab
                           0000AC   263 _S3CON	=	0x00ac
                           0000AD   264 _S3BUF	=	0x00ad
                           0000AE   265 _TA	=	0x00ae
                           0000AF   266 _IE2	=	0x00af
                           0000B0   267 _P3	=	0x00b0
                           0000B1   268 _P3M1	=	0x00b1
                           0000B2   269 _P3M0	=	0x00b2
                           0000B3   270 _P4M1	=	0x00b3
                           0000B4   271 _P4M0	=	0x00b4
                           0000B5   272 _IP2	=	0x00b5
                           0000B6   273 _IP2H	=	0x00b6
                           0000B7   274 _IPH	=	0x00b7
                           0000B8   275 _IP	=	0x00b8
                           0000B9   276 _SADEN	=	0x00b9
                           0000BA   277 _P_SW2	=	0x00ba
                           0000BC   278 _ADC_CONTR	=	0x00bc
                           0000BD   279 _ADC_RES	=	0x00bd
                           0000BE   280 _ADC_RESL	=	0x00be
                           0000C0   281 _P4	=	0x00c0
                           0000C1   282 _WDT_CONTR	=	0x00c1
                           0000C2   283 _IAP_DATA	=	0x00c2
                           0000C3   284 _IAP_ADDRH	=	0x00c3
                           0000C4   285 _IAP_ADDRL	=	0x00c4
                           0000C5   286 _IAP_CMD	=	0x00c5
                           0000C6   287 _IAP_TRIG	=	0x00c6
                           0000C7   288 _IAP_CONTR	=	0x00c7
                           0000C8   289 _P5	=	0x00c8
                           0000C9   290 _P5M1	=	0x00c9
                           0000CA   291 _P5M0	=	0x00ca
                           0000CB   292 _P6M1	=	0x00cb
                           0000CC   293 _P6M0	=	0x00cc
                           0000CD   294 _SPSTAT	=	0x00cd
                           0000CE   295 _SPCTL	=	0x00ce
                           0000CF   296 _SPDAT	=	0x00cf
                           0000D0   297 _PSW	=	0x00d0
                           0000D1   298 _T4T3M	=	0x00d1
                           0000D2   299 _T4H	=	0x00d2
                           0000D3   300 _T4L	=	0x00d3
                           0000D4   301 _T3H	=	0x00d4
                           0000D5   302 _T3L	=	0x00d5
                           0000D6   303 _T2H	=	0x00d6
                           0000D7   304 _T2L	=	0x00d7
                           0000E0   305 _ACC	=	0x00e0
                           0000E8   306 _P6	=	0x00e8
                           0000F0   307 _B	=	0x00f0
                           0000F8   308 _P7	=	0x00f8
                           0000A6   309 _VRTRIM	=	0x00a6
                           0000DC   310 _USBCLK	=	0x00dc
                           0000DE   311 _ADCCFG	=	0x00de
                           0000DF   312 _IP3	=	0x00df
                           0000E1   313 _P7M1	=	0x00e1
                           0000E2   314 _P7M0	=	0x00e2
                           0000E3   315 _DPS	=	0x00e3
                           0000E4   316 _DPL1	=	0x00e4
                           0000E5   317 _DPH1	=	0x00e5
                           0000E6   318 _CMPCR1	=	0x00e6
                           0000E7   319 _CMPCR2	=	0x00e7
                           0000EC   320 _USBDAT	=	0x00ec
                           0000EE   321 _IP3H	=	0x00ee
                           0000EF   322 _AUXINTIF	=	0x00ef
                           0000F4   323 _USBCON	=	0x00f4
                           0000F5   324 _IAP_TPS	=	0x00f5
                           0000FC   325 _USBADR	=	0x00fc
                           0000FF   326 _RSTCFG	=	0x00ff
                                    327 ;--------------------------------------------------------
                                    328 ; special function bits
                                    329 ;--------------------------------------------------------
                                    330 	.area RSEG    (ABS,DATA)
      000000                        331 	.org 0x0000
                           000080   332 _P00	=	0x0080
                           000081   333 _P01	=	0x0081
                           000082   334 _P02	=	0x0082
                           000083   335 _P03	=	0x0083
                           000084   336 _P04	=	0x0084
                           000085   337 _P05	=	0x0085
                           000086   338 _P06	=	0x0086
                           000087   339 _P07	=	0x0087
                           00008F   340 _TF1	=	0x008f
                           00008E   341 _TR1	=	0x008e
                           00008D   342 _TF0	=	0x008d
                           00008C   343 _TR0	=	0x008c
                           00008B   344 _IE1	=	0x008b
                           00008A   345 _IT1	=	0x008a
                           000089   346 _IE0	=	0x0089
                           000088   347 _IT0	=	0x0088
                           000090   348 _P10	=	0x0090
                           000091   349 _P11	=	0x0091
                           000092   350 _P12	=	0x0092
                           000093   351 _P13	=	0x0093
                           000094   352 _P14	=	0x0094
                           000095   353 _P15	=	0x0095
                           000096   354 _P16	=	0x0096
                           000097   355 _P17	=	0x0097
                           00009F   356 _SM0	=	0x009f
                           00009E   357 _SM1	=	0x009e
                           00009D   358 _SM2	=	0x009d
                           00009C   359 _REN	=	0x009c
                           00009B   360 _TB8	=	0x009b
                           00009A   361 _RB8	=	0x009a
                           000099   362 _TI	=	0x0099
                           000098   363 _RI	=	0x0098
                           0000A0   364 _P20	=	0x00a0
                           0000A1   365 _P21	=	0x00a1
                           0000A2   366 _P22	=	0x00a2
                           0000A3   367 _P23	=	0x00a3
                           0000A4   368 _P24	=	0x00a4
                           0000A5   369 _P25	=	0x00a5
                           0000A6   370 _P26	=	0x00a6
                           0000A7   371 _P27	=	0x00a7
                           0000AF   372 _EA	=	0x00af
                           0000AE   373 _ELVD	=	0x00ae
                           0000AD   374 _EADC	=	0x00ad
                           0000AC   375 _ES	=	0x00ac
                           0000AB   376 _ET1	=	0x00ab
                           0000AA   377 _EX1	=	0x00aa
                           0000A9   378 _ET0	=	0x00a9
                           0000A8   379 _EX0	=	0x00a8
                           0000B0   380 _P30	=	0x00b0
                           0000B1   381 _P31	=	0x00b1
                           0000B2   382 _P32	=	0x00b2
                           0000B3   383 _P33	=	0x00b3
                           0000B4   384 _P34	=	0x00b4
                           0000B5   385 _P35	=	0x00b5
                           0000B6   386 _P36	=	0x00b6
                           0000B7   387 _P37	=	0x00b7
                           0000BF   388 _PPCA	=	0x00bf
                           0000BE   389 _PLVD	=	0x00be
                           0000BD   390 _PADC	=	0x00bd
                           0000BC   391 _PS	=	0x00bc
                           0000BB   392 _PT1	=	0x00bb
                           0000BA   393 _PX1	=	0x00ba
                           0000B9   394 _PT0	=	0x00b9
                           0000B8   395 _PX0	=	0x00b8
                           0000C0   396 _P40	=	0x00c0
                           0000C1   397 _P41	=	0x00c1
                           0000C2   398 _P42	=	0x00c2
                           0000C3   399 _P43	=	0x00c3
                           0000C4   400 _P44	=	0x00c4
                           0000C5   401 _P45	=	0x00c5
                           0000C6   402 _P46	=	0x00c6
                           0000C7   403 _P47	=	0x00c7
                           0000C8   404 _P50	=	0x00c8
                           0000C9   405 _P51	=	0x00c9
                           0000CA   406 _P52	=	0x00ca
                           0000CB   407 _P53	=	0x00cb
                           0000CC   408 _P54	=	0x00cc
                           0000CD   409 _P55	=	0x00cd
                           0000CE   410 _P56	=	0x00ce
                           0000CF   411 _P57	=	0x00cf
                           0000D7   412 _CY	=	0x00d7
                           0000D6   413 _AC	=	0x00d6
                           0000D5   414 _F0	=	0x00d5
                           0000D4   415 _RS1	=	0x00d4
                           0000D3   416 _RS0	=	0x00d3
                           0000D2   417 _OV	=	0x00d2
                           0000D1   418 _F1	=	0x00d1
                           0000D0   419 _P	=	0x00d0
                           0000E8   420 _P60	=	0x00e8
                           0000E9   421 _P61	=	0x00e9
                           0000EA   422 _P62	=	0x00ea
                           0000EB   423 _P63	=	0x00eb
                           0000EC   424 _P64	=	0x00ec
                           0000ED   425 _P65	=	0x00ed
                           0000EE   426 _P66	=	0x00ee
                           0000EF   427 _P67	=	0x00ef
                           0000F8   428 _P70	=	0x00f8
                           0000F9   429 _P71	=	0x00f9
                           0000FA   430 _P72	=	0x00fa
                           0000FB   431 _P73	=	0x00fb
                           0000FC   432 _P74	=	0x00fc
                           0000FD   433 _P75	=	0x00fd
                           0000FE   434 _P76	=	0x00fe
                           0000FF   435 _P77	=	0x00ff
                                    436 ;--------------------------------------------------------
                                    437 ; overlayable register banks
                                    438 ;--------------------------------------------------------
                                    439 	.area REG_BANK_0	(REL,OVR,DATA)
      000000                        440 	.ds 8
                                    441 ;--------------------------------------------------------
                                    442 ; internal ram data
                                    443 ;--------------------------------------------------------
                                    444 	.area DSEG    (DATA)
      000000                        445 _handle_fc16_sloc0_1_0:
      000000                        446 	.ds 4
                                    447 ;--------------------------------------------------------
                                    448 ; overlayable items in internal ram
                                    449 ;--------------------------------------------------------
                                    450 ;--------------------------------------------------------
                                    451 ; indirectly addressable internal ram data
                                    452 ;--------------------------------------------------------
                                    453 	.area ISEG    (DATA)
                                    454 ;--------------------------------------------------------
                                    455 ; absolute internal ram data
                                    456 ;--------------------------------------------------------
                                    457 	.area IABS    (ABS,DATA)
                                    458 	.area IABS    (ABS,DATA)
                                    459 ;--------------------------------------------------------
                                    460 ; bit data
                                    461 ;--------------------------------------------------------
                                    462 	.area BSEG    (BIT)
                                    463 ;--------------------------------------------------------
                                    464 ; paged external ram data
                                    465 ;--------------------------------------------------------
                                    466 	.area PSEG    (PAG,XDATA)
                                    467 ;--------------------------------------------------------
                                    468 ; uninitialized external ram data
                                    469 ;--------------------------------------------------------
                                    470 	.area XSEG    (XDATA)
      000000                        471 _res_buf:
      000000                        472 	.ds 32
      000020                        473 _calc_temp:
      000020                        474 	.ds 2
      000022                        475 _mb_crc16_PARM_2:
      000022                        476 	.ds 1
      000023                        477 _mb_crc16_buffer_10000_63:
      000023                        478 	.ds 2
      000025                        479 _mb_crc16_crc_10000_64:
      000025                        480 	.ds 2
      000027                        481 _find_reg_addr_10000_69:
      000027                        482 	.ds 2
      000029                        483 _handle_fc03_buf_10000_73:
      000029                        484 	.ds 2
      00002B                        485 _handle_fc03_frame_len_10000_74:
      00002B                        486 	.ds 1
      00002C                        487 _handle_fc16_buf_10000_77:
      00002C                        488 	.ds 2
      00002E                        489 _handle_fc16_val_10000_78:
      00002E                        490 	.ds 4
      000032                        491 _mb_parse_request_i_10000_82:
      000032                        492 	.ds 1
      000033                        493 _mb_parse_request_offset_10000_82:
      000033                        494 	.ds 1
                                    495 ;--------------------------------------------------------
                                    496 ; absolute external ram data
                                    497 ;--------------------------------------------------------
                                    498 	.area XABS    (ABS,XDATA)
                                    499 ;--------------------------------------------------------
                                    500 ; initialized external ram data
                                    501 ;--------------------------------------------------------
                                    502 	.area XISEG   (XDATA)
                                    503 	.area HOME    (CODE)
                                    504 	.area GSINIT0 (CODE)
                                    505 	.area GSINIT1 (CODE)
                                    506 	.area GSINIT2 (CODE)
                                    507 	.area GSINIT3 (CODE)
                                    508 	.area GSINIT4 (CODE)
                                    509 	.area GSINIT5 (CODE)
                                    510 	.area GSINIT  (CODE)
                                    511 	.area GSFINAL (CODE)
                                    512 	.area CSEG    (CODE)
                                    513 ;--------------------------------------------------------
                                    514 ; global & static initialisations
                                    515 ;--------------------------------------------------------
                                    516 	.area HOME    (CODE)
                                    517 	.area GSINIT  (CODE)
                                    518 	.area GSFINAL (CODE)
                                    519 	.area GSINIT  (CODE)
                                    520 ;--------------------------------------------------------
                                    521 ; Home
                                    522 ;--------------------------------------------------------
                                    523 	.area HOME    (CODE)
                                    524 	.area HOME    (CODE)
                                    525 ;--------------------------------------------------------
                                    526 ; code
                                    527 ;--------------------------------------------------------
                                    528 	.area CSEG    (CODE)
                                    529 ;------------------------------------------------------------
                                    530 ;Allocation info for local variables in function 'mb_crc16'
                                    531 ;------------------------------------------------------------
                                    532 ;length        Allocated with name '_mb_crc16_PARM_2'
                                    533 ;buffer        Allocated with name '_mb_crc16_buffer_10000_63'
                                    534 ;i             Allocated with name '_mb_crc16_i_10000_64'
                                    535 ;j             Allocated with name '_mb_crc16_j_10000_64'
                                    536 ;crc           Allocated with name '_mb_crc16_crc_10000_64'
                                    537 ;------------------------------------------------------------
                                    538 ;	.\FwLib_STC8\user\modbus_server.c:15: uint16_t mb_crc16(uint8_t __xdata *buffer, uint8_t length)
                                    539 ;	-----------------------------------------
                                    540 ;	 function mb_crc16
                                    541 ;	-----------------------------------------
      000000                        542 _mb_crc16:
                           000007   543 	ar7 = 0x07
                           000006   544 	ar6 = 0x06
                           000005   545 	ar5 = 0x05
                           000004   546 	ar4 = 0x04
                           000003   547 	ar3 = 0x03
                           000002   548 	ar2 = 0x02
                           000001   549 	ar1 = 0x01
                           000000   550 	ar0 = 0x00
      000000 AF 83            [24]  551 	mov	r7,dph
      000002 E5 82            [12]  552 	mov	a,dpl
      000004 90r00r23         [24]  553 	mov	dptr,#_mb_crc16_buffer_10000_63
      000007 F0               [24]  554 	movx	@dptr,a
      000008 EF               [12]  555 	mov	a,r7
      000009 A3               [24]  556 	inc	dptr
      00000A F0               [24]  557 	movx	@dptr,a
                                    558 ;	.\FwLib_STC8\user\modbus_server.c:18: uint16_t crc = 0xFFFF;
      00000B 90r00r25         [24]  559 	mov	dptr,#_mb_crc16_crc_10000_64
      00000E 74 FF            [12]  560 	mov	a,#0xff
      000010 F0               [24]  561 	movx	@dptr,a
      000011 A3               [24]  562 	inc	dptr
      000012 F0               [24]  563 	movx	@dptr,a
                                    564 ;	.\FwLib_STC8\user\modbus_server.c:20: for (i = 0; i < length; i++) 
      000013 90r00r23         [24]  565 	mov	dptr,#_mb_crc16_buffer_10000_63
      000016 E0               [24]  566 	movx	a,@dptr
      000017 FE               [12]  567 	mov	r6,a
      000018 A3               [24]  568 	inc	dptr
      000019 E0               [24]  569 	movx	a,@dptr
      00001A FF               [12]  570 	mov	r7,a
      00001B 90r00r22         [24]  571 	mov	dptr,#_mb_crc16_PARM_2
      00001E E0               [24]  572 	movx	a,@dptr
      00001F FD               [12]  573 	mov	r5,a
      000020 7C 00            [12]  574 	mov	r4,#0x00
      000022                        575 00109$:
      000022 C3               [12]  576 	clr	c
      000023 EC               [12]  577 	mov	a,r4
      000024 9D               [12]  578 	subb	a,r5
      000025 50 59            [24]  579 	jnc	00105$
                                    580 ;	.\FwLib_STC8\user\modbus_server.c:22: crc ^= (uint16_t)buffer[i];
      000027 EC               [12]  581 	mov	a,r4
      000028 2E               [12]  582 	add	a, r6
      000029 F5 82            [12]  583 	mov	dpl,a
      00002B E4               [12]  584 	clr	a
      00002C 3F               [12]  585 	addc	a, r7
      00002D F5 83            [12]  586 	mov	dph,a
      00002F E0               [24]  587 	movx	a,@dptr
      000030 FB               [12]  588 	mov	r3,a
      000031 7A 00            [12]  589 	mov	r2,#0x00
      000033 90r00r25         [24]  590 	mov	dptr,#_mb_crc16_crc_10000_64
      000036 E0               [24]  591 	movx	a,@dptr
      000037 6B               [12]  592 	xrl	a,r3
      000038 F0               [24]  593 	movx	@dptr,a
      000039 A3               [24]  594 	inc	dptr
      00003A E0               [24]  595 	movx	a,@dptr
      00003B 6A               [12]  596 	xrl	a,r2
      00003C F0               [24]  597 	movx	@dptr,a
                                    598 ;	.\FwLib_STC8\user\modbus_server.c:23: for (j = 0; j < 8; j++)
      00003D 7B 00            [12]  599 	mov	r3,#0x00
      00003F                        600 00106$:
                                    601 ;	.\FwLib_STC8\user\modbus_server.c:25: if (crc & 0x0001) crc = (crc >> 1) ^ 0xA001;
      00003F 90r00r25         [24]  602 	mov	dptr,#_mb_crc16_crc_10000_64
      000042 E0               [24]  603 	movx	a,@dptr
      000043 F9               [12]  604 	mov	r1,a
      000044 A3               [24]  605 	inc	dptr
      000045 E0               [24]  606 	movx	a,@dptr
      000046 FA               [12]  607 	mov	r2,a
      000047 E9               [12]  608 	mov	a,r1
      000048 30 E0 1D         [24]  609 	jnb	acc.0,00102$
      00004B C0 05            [24]  610 	push	ar5
      00004D 89 00            [24]  611 	mov	ar0,r1
      00004F EA               [12]  612 	mov	a,r2
      000050 C3               [12]  613 	clr	c
      000051 13               [12]  614 	rrc	a
      000052 C8               [12]  615 	xch	a,r0
      000053 13               [12]  616 	rrc	a
      000054 C8               [12]  617 	xch	a,r0
      000055 FD               [12]  618 	mov	r5,a
      000056 63 00 01         [24]  619 	xrl	ar0,#0x01
      000059 63 05 A0         [24]  620 	xrl	ar5,#0xa0
      00005C 90r00r25         [24]  621 	mov	dptr,#_mb_crc16_crc_10000_64
      00005F E8               [12]  622 	mov	a,r0
      000060 F0               [24]  623 	movx	@dptr,a
      000061 ED               [12]  624 	mov	a,r5
      000062 A3               [24]  625 	inc	dptr
      000063 F0               [24]  626 	movx	@dptr,a
      000064 D0 05            [24]  627 	pop	ar5
      000066 80 0F            [24]  628 	sjmp	00107$
      000068                        629 00102$:
                                    630 ;	.\FwLib_STC8\user\modbus_server.c:26: else crc >>= 1;
      000068 EA               [12]  631 	mov	a,r2
      000069 C3               [12]  632 	clr	c
      00006A 13               [12]  633 	rrc	a
      00006B C9               [12]  634 	xch	a,r1
      00006C 13               [12]  635 	rrc	a
      00006D C9               [12]  636 	xch	a,r1
      00006E FA               [12]  637 	mov	r2,a
      00006F 90r00r25         [24]  638 	mov	dptr,#_mb_crc16_crc_10000_64
      000072 E9               [12]  639 	mov	a,r1
      000073 F0               [24]  640 	movx	@dptr,a
      000074 EA               [12]  641 	mov	a,r2
      000075 A3               [24]  642 	inc	dptr
      000076 F0               [24]  643 	movx	@dptr,a
      000077                        644 00107$:
                                    645 ;	.\FwLib_STC8\user\modbus_server.c:23: for (j = 0; j < 8; j++)
      000077 0B               [12]  646 	inc	r3
      000078 BB 08 00         [24]  647 	cjne	r3,#0x08,00147$
      00007B                        648 00147$:
      00007B 40 C2            [24]  649 	jc	00106$
                                    650 ;	.\FwLib_STC8\user\modbus_server.c:20: for (i = 0; i < length; i++) 
      00007D 0C               [12]  651 	inc	r4
      00007E 80 A2            [24]  652 	sjmp	00109$
      000080                        653 00105$:
                                    654 ;	.\FwLib_STC8\user\modbus_server.c:29: return crc;
      000080 90r00r25         [24]  655 	mov	dptr,#_mb_crc16_crc_10000_64
      000083 E0               [24]  656 	movx	a,@dptr
      000084 FE               [12]  657 	mov	r6,a
      000085 A3               [24]  658 	inc	dptr
      000086 E0               [24]  659 	movx	a,@dptr
                                    660 ;	.\FwLib_STC8\user\modbus_server.c:30: }
      000087 8E 82            [24]  661 	mov	dpl,r6
      000089 F5 83            [12]  662 	mov	dph,a
      00008B 22               [24]  663 	ret
                                    664 ;------------------------------------------------------------
                                    665 ;Allocation info for local variables in function 'find_reg'
                                    666 ;------------------------------------------------------------
                                    667 ;addr          Allocated with name '_find_reg_addr_10000_69'
                                    668 ;idx           Allocated with name '_find_reg_idx_10000_70'
                                    669 ;------------------------------------------------------------
                                    670 ;	.\FwLib_STC8\user\modbus_server.c:33: const reg_desc_t* find_reg(uint16_t addr)
                                    671 ;	-----------------------------------------
                                    672 ;	 function find_reg
                                    673 ;	-----------------------------------------
      00008C                        674 _find_reg:
      00008C AF 83            [24]  675 	mov	r7,dph
      00008E E5 82            [12]  676 	mov	a,dpl
      000090 90r00r27         [24]  677 	mov	dptr,#_find_reg_addr_10000_69
      000093 F0               [24]  678 	movx	@dptr,a
      000094 EF               [12]  679 	mov	a,r7
      000095 A3               [24]  680 	inc	dptr
      000096 F0               [24]  681 	movx	@dptr,a
                                    682 ;	.\FwLib_STC8\user\modbus_server.c:36: for (idx = 0; idx < REG_TABLE_SIZE; idx++) {
      000097 90r00r27         [24]  683 	mov	dptr,#_find_reg_addr_10000_69
      00009A E0               [24]  684 	movx	a,@dptr
      00009B FE               [12]  685 	mov	r6,a
      00009C A3               [24]  686 	inc	dptr
      00009D E0               [24]  687 	movx	a,@dptr
      00009E FF               [12]  688 	mov	r7,a
      00009F 7D 00            [12]  689 	mov	r5,#0x00
      0000A1                        690 00104$:
                                    691 ;	.\FwLib_STC8\user\modbus_server.c:37: if (reg_table[idx].modbus_addr == addr)
      0000A1 ED               [12]  692 	mov	a,r5
      0000A2 75 F0 14         [24]  693 	mov	b,#0x14
      0000A5 A4               [48]  694 	mul	ab
      0000A6 24r00            [12]  695 	add	a, #_reg_table
      0000A8 FB               [12]  696 	mov	r3,a
      0000A9 74s00            [12]  697 	mov	a,#(_reg_table >> 8)
      0000AB 35 F0            [12]  698 	addc	a, b
      0000AD FC               [12]  699 	mov	r4,a
      0000AE 8B 82            [24]  700 	mov	dpl,r3
      0000B0 8C 83            [24]  701 	mov	dph,r4
      0000B2 E4               [12]  702 	clr	a
      0000B3 93               [24]  703 	movc	a,@a+dptr
      0000B4 F9               [12]  704 	mov	r1,a
      0000B5 A3               [24]  705 	inc	dptr
      0000B6 E4               [12]  706 	clr	a
      0000B7 93               [24]  707 	movc	a,@a+dptr
      0000B8 FA               [12]  708 	mov	r2,a
      0000B9 E9               [12]  709 	mov	a,r1
      0000BA B5 06 0D         [24]  710 	cjne	a,ar6,00105$
      0000BD EA               [12]  711 	mov	a,r2
      0000BE B5 07 09         [24]  712 	cjne	a,ar7,00105$
                                    713 ;	.\FwLib_STC8\user\modbus_server.c:38: return &reg_table[idx];
      0000C1 7A 80            [12]  714 	mov	r2,#0x80
      0000C3 8B 82            [24]  715 	mov	dpl, r3
      0000C5 8C 83            [24]  716 	mov	dph, r4
      0000C7 8A F0            [24]  717 	mov	b, r2
      0000C9 22               [24]  718 	ret
      0000CA                        719 00105$:
                                    720 ;	.\FwLib_STC8\user\modbus_server.c:36: for (idx = 0; idx < REG_TABLE_SIZE; idx++) {
      0000CA 0D               [12]  721 	inc	r5
      0000CB BD 22 00         [24]  722 	cjne	r5,#0x22,00128$
      0000CE                        723 00128$:
      0000CE 40 D1            [24]  724 	jc	00104$
                                    725 ;	.\FwLib_STC8\user\modbus_server.c:40: return 0;
      0000D0 90 00 00         [24]  726 	mov	dptr,#0x0000
      0000D3 75 F0 00         [24]  727 	mov	b, #0x00
                                    728 ;	.\FwLib_STC8\user\modbus_server.c:41: }
      0000D6 22               [24]  729 	ret
                                    730 ;------------------------------------------------------------
                                    731 ;Allocation info for local variables in function 'handle_fc03'
                                    732 ;------------------------------------------------------------
                                    733 ;buf           Allocated with name '_handle_fc03_buf_10000_73'
                                    734 ;addr          Allocated with name '_handle_fc03_addr_10000_74'
                                    735 ;qty           Allocated with name '_handle_fc03_qty_10000_74'
                                    736 ;crc           Allocated with name '_handle_fc03_crc_10000_74'
                                    737 ;r             Allocated with name '_handle_fc03_r_10000_74'
                                    738 ;frame_len     Allocated with name '_handle_fc03_frame_len_10000_74'
                                    739 ;val16         Allocated with name '_handle_fc03_val16_20000_75'
                                    740 ;val32         Allocated with name '_handle_fc03_val32_20000_76'
                                    741 ;------------------------------------------------------------
                                    742 ;	.\FwLib_STC8\user\modbus_server.c:44: static void handle_fc03(uint8_t __xdata *buf)
                                    743 ;	-----------------------------------------
                                    744 ;	 function handle_fc03
                                    745 ;	-----------------------------------------
      0000D7                        746 _handle_fc03:
      0000D7 AF 83            [24]  747 	mov	r7,dph
      0000D9 E5 82            [12]  748 	mov	a,dpl
      0000DB 90r00r29         [24]  749 	mov	dptr,#_handle_fc03_buf_10000_73
      0000DE F0               [24]  750 	movx	@dptr,a
      0000DF EF               [12]  751 	mov	a,r7
      0000E0 A3               [24]  752 	inc	dptr
      0000E1 F0               [24]  753 	movx	@dptr,a
                                    754 ;	.\FwLib_STC8\user\modbus_server.c:50: addr = ((uint16_t)buf[2] << 8) | buf[3];
      0000E2 90r00r29         [24]  755 	mov	dptr,#_handle_fc03_buf_10000_73
      0000E5 E0               [24]  756 	movx	a,@dptr
      0000E6 FE               [12]  757 	mov	r6,a
      0000E7 A3               [24]  758 	inc	dptr
      0000E8 E0               [24]  759 	movx	a,@dptr
      0000E9 FF               [12]  760 	mov	r7,a
      0000EA 8E 82            [24]  761 	mov	dpl,r6
      0000EC 8F 83            [24]  762 	mov	dph,r7
      0000EE A3               [24]  763 	inc	dptr
      0000EF A3               [24]  764 	inc	dptr
      0000F0 E0               [24]  765 	movx	a,@dptr
      0000F1 FC               [12]  766 	mov	r4,a
      0000F2 7D 00            [12]  767 	mov	r5,#0x00
      0000F4 8E 82            [24]  768 	mov	dpl,r6
      0000F6 8F 83            [24]  769 	mov	dph,r7
      0000F8 A3               [24]  770 	inc	dptr
      0000F9 A3               [24]  771 	inc	dptr
      0000FA A3               [24]  772 	inc	dptr
      0000FB E0               [24]  773 	movx	a,@dptr
      0000FC 7A 00            [12]  774 	mov	r2,#0x00
      0000FE 42 05            [12]  775 	orl	ar5,a
      000100 EA               [12]  776 	mov	a,r2
      000101 42 04            [12]  777 	orl	ar4,a
                                    778 ;	.\FwLib_STC8\user\modbus_server.c:53: r = find_reg(addr);
      000103 8D 82            [24]  779 	mov	dpl, r5
      000105 8C 83            [24]  780 	mov	dph, r4
      000107 C0 07            [24]  781 	push	ar7
      000109 C0 06            [24]  782 	push	ar6
      00010B 12r00r8C         [24]  783 	lcall	_find_reg
      00010E AB 82            [24]  784 	mov	r3, dpl
      000110 AC 83            [24]  785 	mov	r4, dph
      000112 AD F0            [24]  786 	mov	r5, b
      000114 D0 06            [24]  787 	pop	ar6
      000116 D0 07            [24]  788 	pop	ar7
                                    789 ;	.\FwLib_STC8\user\modbus_server.c:54: if (!r) return; 
      000118 EB               [12]  790 	mov	a,r3
      000119 4C               [12]  791 	orl	a,r4
      00011A 70 01            [24]  792 	jnz	00102$
      00011C 22               [24]  793 	ret
      00011D                        794 00102$:
                                    795 ;	.\FwLib_STC8\user\modbus_server.c:56: res_buf[0] = buf[0];
      00011D 8E 82            [24]  796 	mov	dpl,r6
      00011F 8F 83            [24]  797 	mov	dph,r7
      000121 E0               [24]  798 	movx	a,@dptr
      000122 90r00r00         [24]  799 	mov	dptr,#_res_buf
      000125 F0               [24]  800 	movx	@dptr,a
                                    801 ;	.\FwLib_STC8\user\modbus_server.c:57: res_buf[1] = 0x03;
      000126 90r00r01         [24]  802 	mov	dptr,#(_res_buf + 0x0001)
      000129 74 03            [12]  803 	mov	a,#0x03
      00012B F0               [24]  804 	movx	@dptr,a
                                    805 ;	.\FwLib_STC8\user\modbus_server.c:60: if (r->type == REG_U16 || r->type == REG_I16) {
      00012C 04               [12]  806 	inc	a
      00012D 2B               [12]  807 	add	a, r3
      00012E FA               [12]  808 	mov	r2,a
      00012F E4               [12]  809 	clr	a
      000130 3C               [12]  810 	addc	a, r4
      000131 FE               [12]  811 	mov	r6,a
      000132 8D 07            [24]  812 	mov	ar7,r5
      000134 8A 82            [24]  813 	mov	dpl,r2
      000136 8E 83            [24]  814 	mov	dph,r6
      000138 8F F0            [24]  815 	mov	b,r7
      00013A 12r00r00         [24]  816 	lcall	__gptrget
      00013D FF               [12]  817 	mov	r7,a
      00013E BF 01 02         [24]  818 	cjne	r7,#0x01,00122$
      000141 80 03            [24]  819 	sjmp	00103$
      000143                        820 00122$:
      000143 BF 03 3B         [24]  821 	cjne	r7,#0x03,00104$
      000146                        822 00103$:
                                    823 ;	.\FwLib_STC8\user\modbus_server.c:61: uint16_t val16 = *(uint16_t*)r->ram_ptr;
      000146 74 05            [12]  824 	mov	a,#0x05
      000148 2B               [12]  825 	add	a, r3
      000149 FA               [12]  826 	mov	r2,a
      00014A E4               [12]  827 	clr	a
      00014B 3C               [12]  828 	addc	a, r4
      00014C FE               [12]  829 	mov	r6,a
      00014D 8D 07            [24]  830 	mov	ar7,r5
      00014F 8A 82            [24]  831 	mov	dpl,r2
      000151 8E 83            [24]  832 	mov	dph,r6
      000153 8F F0            [24]  833 	mov	b,r7
      000155 12r00r00         [24]  834 	lcall	__gptrget
      000158 FA               [12]  835 	mov	r2,a
      000159 A3               [24]  836 	inc	dptr
      00015A 12r00r00         [24]  837 	lcall	__gptrget
      00015D FE               [12]  838 	mov	r6,a
      00015E 8A 82            [24]  839 	mov	dpl,r2
      000160 8E 83            [24]  840 	mov	dph,r6
      000162 E0               [24]  841 	movx	a,@dptr
      000163 FE               [12]  842 	mov	r6,a
      000164 A3               [24]  843 	inc	dptr
      000165 E0               [24]  844 	movx	a,@dptr
      000166 FF               [12]  845 	mov	r7,a
                                    846 ;	.\FwLib_STC8\user\modbus_server.c:62: res_buf[2] = 2; // Byte count
      000167 90r00r02         [24]  847 	mov	dptr,#(_res_buf + 0x0002)
      00016A 74 02            [12]  848 	mov	a,#0x02
      00016C F0               [24]  849 	movx	@dptr,a
                                    850 ;	.\FwLib_STC8\user\modbus_server.c:63: res_buf[3] = (uint8_t)(val16 >> 8);
      00016D 8F 02            [24]  851 	mov	ar2,r7
      00016F 90r00r03         [24]  852 	mov	dptr,#(_res_buf + 0x0003)
      000172 EA               [12]  853 	mov	a,r2
      000173 F0               [24]  854 	movx	@dptr,a
                                    855 ;	.\FwLib_STC8\user\modbus_server.c:64: res_buf[4] = (uint8_t)val16;
      000174 90r00r04         [24]  856 	mov	dptr,#(_res_buf + 0x0004)
      000177 EE               [12]  857 	mov	a,r6
      000178 F0               [24]  858 	movx	@dptr,a
                                    859 ;	.\FwLib_STC8\user\modbus_server.c:65: frame_len = 5;
      000179 90r00r2B         [24]  860 	mov	dptr,#_handle_fc03_frame_len_10000_74
      00017C 74 05            [12]  861 	mov	a,#0x05
      00017E F0               [24]  862 	movx	@dptr,a
      00017F 80 4B            [24]  863 	sjmp	00105$
      000181                        864 00104$:
                                    865 ;	.\FwLib_STC8\user\modbus_server.c:69: int32_t val32 = *(int32_t*)r->ram_ptr;
      000181 74 05            [12]  866 	mov	a,#0x05
      000183 2B               [12]  867 	add	a, r3
      000184 FB               [12]  868 	mov	r3,a
      000185 E4               [12]  869 	clr	a
      000186 3C               [12]  870 	addc	a, r4
      000187 FC               [12]  871 	mov	r4,a
      000188 8B 82            [24]  872 	mov	dpl,r3
      00018A 8C 83            [24]  873 	mov	dph,r4
      00018C 8D F0            [24]  874 	mov	b,r5
      00018E 12r00r00         [24]  875 	lcall	__gptrget
      000191 FB               [12]  876 	mov	r3,a
      000192 A3               [24]  877 	inc	dptr
      000193 12r00r00         [24]  878 	lcall	__gptrget
      000196 FC               [12]  879 	mov	r4,a
      000197 8B 82            [24]  880 	mov	dpl,r3
      000199 8C 83            [24]  881 	mov	dph,r4
      00019B E0               [24]  882 	movx	a,@dptr
      00019C FC               [12]  883 	mov	r4,a
      00019D A3               [24]  884 	inc	dptr
      00019E E0               [24]  885 	movx	a,@dptr
      00019F FD               [12]  886 	mov	r5,a
      0001A0 A3               [24]  887 	inc	dptr
      0001A1 E0               [24]  888 	movx	a,@dptr
      0001A2 FE               [12]  889 	mov	r6,a
      0001A3 A3               [24]  890 	inc	dptr
      0001A4 E0               [24]  891 	movx	a,@dptr
      0001A5 FF               [12]  892 	mov	r7,a
                                    893 ;	.\FwLib_STC8\user\modbus_server.c:70: res_buf[2] = 4; // Byte count
      0001A6 90r00r02         [24]  894 	mov	dptr,#(_res_buf + 0x0002)
      0001A9 74 04            [12]  895 	mov	a,#0x04
      0001AB F0               [24]  896 	movx	@dptr,a
                                    897 ;	.\FwLib_STC8\user\modbus_server.c:71: res_buf[3] = (uint8_t)(val32 >> 24);
      0001AC 8F 03            [24]  898 	mov	ar3,r7
      0001AE 90r00r03         [24]  899 	mov	dptr,#(_res_buf + 0x0003)
      0001B1 EB               [12]  900 	mov	a,r3
      0001B2 F0               [24]  901 	movx	@dptr,a
                                    902 ;	.\FwLib_STC8\user\modbus_server.c:72: res_buf[4] = (uint8_t)(val32 >> 16);
      0001B3 8E 03            [24]  903 	mov	ar3,r6
      0001B5 90r00r04         [24]  904 	mov	dptr,#(_res_buf + 0x0004)
      0001B8 EB               [12]  905 	mov	a,r3
      0001B9 F0               [24]  906 	movx	@dptr,a
                                    907 ;	.\FwLib_STC8\user\modbus_server.c:73: res_buf[5] = (uint8_t)(val32 >> 8);
      0001BA 8D 03            [24]  908 	mov	ar3,r5
      0001BC 90r00r05         [24]  909 	mov	dptr,#(_res_buf + 0x0005)
      0001BF EB               [12]  910 	mov	a,r3
      0001C0 F0               [24]  911 	movx	@dptr,a
                                    912 ;	.\FwLib_STC8\user\modbus_server.c:74: res_buf[6] = (uint8_t)val32;
      0001C1 90r00r06         [24]  913 	mov	dptr,#(_res_buf + 0x0006)
      0001C4 EC               [12]  914 	mov	a,r4
      0001C5 F0               [24]  915 	movx	@dptr,a
                                    916 ;	.\FwLib_STC8\user\modbus_server.c:75: frame_len = 7;
      0001C6 90r00r2B         [24]  917 	mov	dptr,#_handle_fc03_frame_len_10000_74
      0001C9 74 07            [12]  918 	mov	a,#0x07
      0001CB F0               [24]  919 	movx	@dptr,a
      0001CC                        920 00105$:
                                    921 ;	.\FwLib_STC8\user\modbus_server.c:78: crc = mb_crc16(res_buf, frame_len);
      0001CC 90r00r2B         [24]  922 	mov	dptr,#_handle_fc03_frame_len_10000_74
      0001CF E0               [24]  923 	movx	a,@dptr
      0001D0 FF               [12]  924 	mov	r7,a
      0001D1 90r00r22         [24]  925 	mov	dptr,#_mb_crc16_PARM_2
      0001D4 F0               [24]  926 	movx	@dptr,a
      0001D5 90r00r00         [24]  927 	mov	dptr,#_res_buf
      0001D8 C0 07            [24]  928 	push	ar7
      0001DA 12r00r00         [24]  929 	lcall	_mb_crc16
      0001DD AD 82            [24]  930 	mov	r5, dpl
      0001DF AE 83            [24]  931 	mov	r6, dph
      0001E1 D0 07            [24]  932 	pop	ar7
                                    933 ;	.\FwLib_STC8\user\modbus_server.c:79: res_buf[frame_len++] = (uint8_t)crc;
      0001E3 90r00r2B         [24]  934 	mov	dptr,#_handle_fc03_frame_len_10000_74
      0001E6 EF               [12]  935 	mov	a,r7
      0001E7 04               [12]  936 	inc	a
      0001E8 F0               [24]  937 	movx	@dptr,a
      0001E9 EF               [12]  938 	mov	a,r7
      0001EA 24r00            [12]  939 	add	a, #_res_buf
      0001EC F5 82            [12]  940 	mov	dpl,a
      0001EE E4               [12]  941 	clr	a
      0001EF 34s00            [12]  942 	addc	a, #(_res_buf >> 8)
      0001F1 F5 83            [12]  943 	mov	dph,a
      0001F3 8D 07            [24]  944 	mov	ar7,r5
      0001F5 EF               [12]  945 	mov	a,r7
      0001F6 F0               [24]  946 	movx	@dptr,a
                                    947 ;	.\FwLib_STC8\user\modbus_server.c:80: res_buf[frame_len++] = (uint8_t)(crc >> 8);
      0001F7 90r00r2B         [24]  948 	mov	dptr,#_handle_fc03_frame_len_10000_74
      0001FA E0               [24]  949 	movx	a,@dptr
      0001FB FF               [12]  950 	mov	r7,a
      0001FC 04               [12]  951 	inc	a
      0001FD F0               [24]  952 	movx	@dptr,a
      0001FE EF               [12]  953 	mov	a,r7
      0001FF 24r00            [12]  954 	add	a, #_res_buf
      000201 F5 82            [12]  955 	mov	dpl,a
      000203 E4               [12]  956 	clr	a
      000204 34s00            [12]  957 	addc	a, #(_res_buf >> 8)
      000206 F5 83            [12]  958 	mov	dph,a
      000208 8E 05            [24]  959 	mov	ar5,r6
      00020A ED               [12]  960 	mov	a,r5
      00020B F0               [24]  961 	movx	@dptr,a
                                    962 ;	.\FwLib_STC8\user\modbus_server.c:81: UART_SendBuffer(res_buf, frame_len);
      00020C 90r00r2B         [24]  963 	mov	dptr,#_handle_fc03_frame_len_10000_74
      00020F E0               [24]  964 	movx	a,@dptr
      000210 FE               [12]  965 	mov	r6,a
      000211 7F 00            [12]  966 	mov	r7,#0x00
      000213 90r00r00         [24]  967 	mov	dptr,#_UART_SendBuffer_PARM_2
      000216 EE               [12]  968 	mov	a,r6
      000217 F0               [24]  969 	movx	@dptr,a
      000218 EF               [12]  970 	mov	a,r7
      000219 A3               [24]  971 	inc	dptr
      00021A F0               [24]  972 	movx	@dptr,a
      00021B 90r00r00         [24]  973 	mov	dptr,#_res_buf
      00021E F5 F0            [12]  974 	mov	b,a
                                    975 ;	.\FwLib_STC8\user\modbus_server.c:82: }
      000220 02r00r00         [24]  976 	ljmp	_UART_SendBuffer
                                    977 ;------------------------------------------------------------
                                    978 ;Allocation info for local variables in function 'handle_fc16'
                                    979 ;------------------------------------------------------------
                                    980 ;sloc0         Allocated with name '_handle_fc16_sloc0_1_0'
                                    981 ;buf           Allocated with name '_handle_fc16_buf_10000_77'
                                    982 ;addr          Allocated with name '_handle_fc16_addr_10000_78'
                                    983 ;qty           Allocated with name '_handle_fc16_qty_10000_78'
                                    984 ;crc           Allocated with name '_handle_fc16_crc_10000_78'
                                    985 ;val           Allocated with name '_handle_fc16_val_10000_78'
                                    986 ;r             Allocated with name '_handle_fc16_r_10000_78'
                                    987 ;------------------------------------------------------------
                                    988 ;	.\FwLib_STC8\user\modbus_server.c:85: static void handle_fc16(uint8_t __xdata *buf)
                                    989 ;	-----------------------------------------
                                    990 ;	 function handle_fc16
                                    991 ;	-----------------------------------------
      000223                        992 _handle_fc16:
      000223 AF 83            [24]  993 	mov	r7,dph
      000225 E5 82            [12]  994 	mov	a,dpl
      000227 90r00r2C         [24]  995 	mov	dptr,#_handle_fc16_buf_10000_77
      00022A F0               [24]  996 	movx	@dptr,a
      00022B EF               [12]  997 	mov	a,r7
      00022C A3               [24]  998 	inc	dptr
      00022D F0               [24]  999 	movx	@dptr,a
                                   1000 ;	.\FwLib_STC8\user\modbus_server.c:91: addr = ((uint16_t)buf[2] << 8) | buf[3];
      00022E 90r00r2C         [24] 1001 	mov	dptr,#_handle_fc16_buf_10000_77
      000231 E0               [24] 1002 	movx	a,@dptr
      000232 FE               [12] 1003 	mov	r6,a
      000233 A3               [24] 1004 	inc	dptr
      000234 E0               [24] 1005 	movx	a,@dptr
      000235 FF               [12] 1006 	mov	r7,a
      000236 8E 82            [24] 1007 	mov	dpl,r6
      000238 8F 83            [24] 1008 	mov	dph,r7
      00023A A3               [24] 1009 	inc	dptr
      00023B A3               [24] 1010 	inc	dptr
      00023C E0               [24] 1011 	movx	a,@dptr
      00023D FC               [12] 1012 	mov	r4,a
      00023E 7D 00            [12] 1013 	mov	r5,#0x00
      000240 8E 82            [24] 1014 	mov	dpl,r6
      000242 8F 83            [24] 1015 	mov	dph,r7
      000244 A3               [24] 1016 	inc	dptr
      000245 A3               [24] 1017 	inc	dptr
      000246 A3               [24] 1018 	inc	dptr
      000247 E0               [24] 1019 	movx	a,@dptr
      000248 7A 00            [12] 1020 	mov	r2,#0x00
      00024A 42 05            [12] 1021 	orl	ar5,a
      00024C EA               [12] 1022 	mov	a,r2
      00024D 42 04            [12] 1023 	orl	ar4,a
                                   1024 ;	.\FwLib_STC8\user\modbus_server.c:94: r = find_reg(addr);
      00024F 8D 82            [24] 1025 	mov	dpl, r5
      000251 8C 83            [24] 1026 	mov	dph, r4
      000253 C0 07            [24] 1027 	push	ar7
      000255 C0 06            [24] 1028 	push	ar6
      000257 12r00r8C         [24] 1029 	lcall	_find_reg
      00025A AB 82            [24] 1030 	mov	r3, dpl
      00025C AC 83            [24] 1031 	mov	r4, dph
      00025E AD F0            [24] 1032 	mov	r5, b
      000260 D0 06            [24] 1033 	pop	ar6
      000262 D0 07            [24] 1034 	pop	ar7
                                   1035 ;	.\FwLib_STC8\user\modbus_server.c:95: if (!r) return;
      000264 EB               [12] 1036 	mov	a,r3
      000265 4C               [12] 1037 	orl	a,r4
      000266 70 01            [24] 1038 	jnz	00102$
      000268 22               [24] 1039 	ret
      000269                       1040 00102$:
                                   1041 ;	.\FwLib_STC8\user\modbus_server.c:97: if (r->type == REG_U16 || r->type == REG_I16) {
      000269 74 04            [12] 1042 	mov	a,#0x04
      00026B 2B               [12] 1043 	add	a, r3
      00026C F8               [12] 1044 	mov	r0,a
      00026D E4               [12] 1045 	clr	a
      00026E 3C               [12] 1046 	addc	a, r4
      00026F F9               [12] 1047 	mov	r1,a
      000270 8D 02            [24] 1048 	mov	ar2,r5
      000272 88 82            [24] 1049 	mov	dpl,r0
      000274 89 83            [24] 1050 	mov	dph,r1
      000276 8A F0            [24] 1051 	mov	b,r2
      000278 12r00r00         [24] 1052 	lcall	__gptrget
      00027B FA               [12] 1053 	mov	r2,a
      00027C BA 01 02         [24] 1054 	cjne	r2,#0x01,00122$
      00027F 80 03            [24] 1055 	sjmp	00103$
      000281                       1056 00122$:
      000281 BA 03 42         [24] 1057 	cjne	r2,#0x03,00104$
      000284                       1058 00103$:
                                   1059 ;	.\FwLib_STC8\user\modbus_server.c:98: val = ((uint16_t)buf[7] << 8) | buf[8];
      000284 C0 03            [24] 1060 	push	ar3
      000286 C0 04            [24] 1061 	push	ar4
      000288 C0 05            [24] 1062 	push	ar5
      00028A 90r00r2C         [24] 1063 	mov	dptr,#_handle_fc16_buf_10000_77
      00028D E0               [24] 1064 	movx	a,@dptr
      00028E F9               [12] 1065 	mov	r1,a
      00028F A3               [24] 1066 	inc	dptr
      000290 E0               [24] 1067 	movx	a,@dptr
      000291 FA               [12] 1068 	mov	r2,a
      000292 74 07            [12] 1069 	mov	a,#0x07
      000294 29               [12] 1070 	add	a, r1
      000295 F5 82            [12] 1071 	mov	dpl,a
      000297 E4               [12] 1072 	clr	a
      000298 3A               [12] 1073 	addc	a, r2
      000299 F5 83            [12] 1074 	mov	dph,a
      00029B E0               [24] 1075 	movx	a,@dptr
      00029C FD               [12] 1076 	mov	r5,a
      00029D 78 00            [12] 1077 	mov	r0,#0x00
      00029F 74 08            [12] 1078 	mov	a,#0x08
      0002A1 29               [12] 1079 	add	a, r1
      0002A2 F5 82            [12] 1080 	mov	dpl,a
      0002A4 E4               [12] 1081 	clr	a
      0002A5 3A               [12] 1082 	addc	a, r2
      0002A6 F5 83            [12] 1083 	mov	dph,a
      0002A8 E0               [24] 1084 	movx	a,@dptr
      0002A9 7B 00            [12] 1085 	mov	r3,#0x00
      0002AB 42 00            [12] 1086 	orl	ar0,a
      0002AD EB               [12] 1087 	mov	a,r3
      0002AE 42 05            [12] 1088 	orl	ar5,a
      0002B0 90r00r2E         [24] 1089 	mov	dptr,#_handle_fc16_val_10000_78
      0002B3 E8               [12] 1090 	mov	a,r0
      0002B4 F0               [24] 1091 	movx	@dptr,a
      0002B5 ED               [12] 1092 	mov	a,r5
      0002B6 A3               [24] 1093 	inc	dptr
      0002B7 F0               [24] 1094 	movx	@dptr,a
      0002B8 E4               [12] 1095 	clr	a
      0002B9 A3               [24] 1096 	inc	dptr
      0002BA F0               [24] 1097 	movx	@dptr,a
      0002BB A3               [24] 1098 	inc	dptr
      0002BC F0               [24] 1099 	movx	@dptr,a
      0002BD D0 05            [24] 1100 	pop	ar5
      0002BF D0 04            [24] 1101 	pop	ar4
      0002C1 D0 03            [24] 1102 	pop	ar3
      0002C3 02r03r46         [24] 1103 	ljmp	00105$
      0002C6                       1104 00104$:
                                   1105 ;	.\FwLib_STC8\user\modbus_server.c:100: val = ((uint32_t)buf[7] << 24) | ((uint32_t)buf[8] << 16) | ((uint32_t)buf[9] << 8) | (uint32_t)buf[10];
      0002C6 C0 03            [24] 1106 	push	ar3
      0002C8 C0 04            [24] 1107 	push	ar4
      0002CA C0 05            [24] 1108 	push	ar5
      0002CC 74 07            [12] 1109 	mov	a,#0x07
      0002CE 2E               [12] 1110 	add	a, r6
      0002CF F5 82            [12] 1111 	mov	dpl,a
      0002D1 E4               [12] 1112 	clr	a
      0002D2 3F               [12] 1113 	addc	a, r7
      0002D3 F5 83            [12] 1114 	mov	dph,a
      0002D5 E0               [24] 1115 	movx	a,@dptr
      0002D6 F8               [12] 1116 	mov	r0,a
      0002D7 7D 00            [12] 1117 	mov	r5,#0x00
      0002D9 88*03            [24] 1118 	mov	(_handle_fc16_sloc0_1_0 + 3),r0
      0002DB 8D*00            [24] 1119 	mov	_handle_fc16_sloc0_1_0,r5
      0002DD 8D*01            [24] 1120 	mov	(_handle_fc16_sloc0_1_0 + 1),r5
      0002DF 8D*02            [24] 1121 	mov	(_handle_fc16_sloc0_1_0 + 2),r5
      0002E1 74 08            [12] 1122 	mov	a,#0x08
      0002E3 2E               [12] 1123 	add	a, r6
      0002E4 F5 82            [12] 1124 	mov	dpl,a
      0002E6 E4               [12] 1125 	clr	a
      0002E7 3F               [12] 1126 	addc	a, r7
      0002E8 F5 83            [12] 1127 	mov	dph,a
      0002EA E0               [24] 1128 	movx	a,@dptr
      0002EB FA               [12] 1129 	mov	r2,a
      0002EC 7B 00            [12] 1130 	mov	r3,#0x00
      0002EE 8B 05            [24] 1131 	mov	ar5,r3
      0002F0 8A 04            [24] 1132 	mov	ar4,r2
      0002F2 E4               [12] 1133 	clr	a
      0002F3 42*00            [12] 1134 	orl	_handle_fc16_sloc0_1_0,a
      0002F5 EB               [12] 1135 	mov	a,r3
      0002F6 42*01            [12] 1136 	orl	(_handle_fc16_sloc0_1_0 + 1),a
      0002F8 EC               [12] 1137 	mov	a,r4
      0002F9 42*02            [12] 1138 	orl	(_handle_fc16_sloc0_1_0 + 2),a
      0002FB ED               [12] 1139 	mov	a,r5
      0002FC 42*03            [12] 1140 	orl	(_handle_fc16_sloc0_1_0 + 3),a
      0002FE 74 09            [12] 1141 	mov	a,#0x09
      000300 2E               [12] 1142 	add	a, r6
      000301 F5 82            [12] 1143 	mov	dpl,a
      000303 E4               [12] 1144 	clr	a
      000304 3F               [12] 1145 	addc	a, r7
      000305 F5 83            [12] 1146 	mov	dph,a
      000307 E0               [24] 1147 	movx	a,@dptr
      000308 F8               [12] 1148 	mov	r0,a
      000309 79 00            [12] 1149 	mov	r1,#0x00
      00030B 7C 00            [12] 1150 	mov	r4,#0x00
      00030D 8C 05            [24] 1151 	mov	ar5,r4
      00030F 89 04            [24] 1152 	mov	ar4,r1
      000311 88 01            [24] 1153 	mov	ar1,r0
      000313 78 00            [12] 1154 	mov	r0,#0x00
      000315 E5*02            [12] 1155 	mov	a,(_handle_fc16_sloc0_1_0 + 2)
      000317 42 04            [12] 1156 	orl	ar4,a
      000319 E5*03            [12] 1157 	mov	a,(_handle_fc16_sloc0_1_0 + 3)
      00031B 42 05            [12] 1158 	orl	ar5,a
      00031D 74 0A            [12] 1159 	mov	a,#0x0a
      00031F 2E               [12] 1160 	add	a, r6
      000320 F5 82            [12] 1161 	mov	dpl,a
      000322 E4               [12] 1162 	clr	a
      000323 3F               [12] 1163 	addc	a, r7
      000324 F5 83            [12] 1164 	mov	dph,a
      000326 E0               [24] 1165 	movx	a,@dptr
      000327 FF               [12] 1166 	mov	r7,a
      000328 7E 00            [12] 1167 	mov	r6,#0x00
      00032A 7B 00            [12] 1168 	mov	r3,#0x00
      00032C 7A 00            [12] 1169 	mov	r2,#0x00
      00032E 90r00r2E         [24] 1170 	mov	dptr,#_handle_fc16_val_10000_78
      000331 EF               [12] 1171 	mov	a,r7
      000332 48               [12] 1172 	orl	a,r0
      000333 F0               [24] 1173 	movx	@dptr,a
      000334 EE               [12] 1174 	mov	a,r6
      000335 49               [12] 1175 	orl	a,r1
      000336 A3               [24] 1176 	inc	dptr
      000337 F0               [24] 1177 	movx	@dptr,a
      000338 EB               [12] 1178 	mov	a,r3
      000339 4C               [12] 1179 	orl	a,r4
      00033A A3               [24] 1180 	inc	dptr
      00033B F0               [24] 1181 	movx	@dptr,a
      00033C EA               [12] 1182 	mov	a,r2
      00033D 4D               [12] 1183 	orl	a,r5
      00033E A3               [24] 1184 	inc	dptr
      00033F F0               [24] 1185 	movx	@dptr,a
                                   1186 ;	.\FwLib_STC8\user\modbus_server.c:113: UART_SendBuffer(res_buf, 8);
      000340 D0 05            [24] 1187 	pop	ar5
      000342 D0 04            [24] 1188 	pop	ar4
      000344 D0 03            [24] 1189 	pop	ar3
                                   1190 ;	.\FwLib_STC8\user\modbus_server.c:100: val = ((uint32_t)buf[7] << 24) | ((uint32_t)buf[8] << 16) | ((uint32_t)buf[9] << 8) | (uint32_t)buf[10];
      000346                       1191 00105$:
                                   1192 ;	.\FwLib_STC8\user\modbus_server.c:103: reg_write(r->ram_ptr, val);
      000346 74 05            [12] 1193 	mov	a,#0x05
      000348 2B               [12] 1194 	add	a, r3
      000349 FB               [12] 1195 	mov	r3,a
      00034A E4               [12] 1196 	clr	a
      00034B 3C               [12] 1197 	addc	a, r4
      00034C FC               [12] 1198 	mov	r4,a
      00034D 8B 82            [24] 1199 	mov	dpl,r3
      00034F 8C 83            [24] 1200 	mov	dph,r4
      000351 8D F0            [24] 1201 	mov	b,r5
      000353 12r00r00         [24] 1202 	lcall	__gptrget
      000356 FB               [12] 1203 	mov	r3,a
      000357 A3               [24] 1204 	inc	dptr
      000358 12r00r00         [24] 1205 	lcall	__gptrget
      00035B FC               [12] 1206 	mov	r4,a
      00035C 7F 00            [12] 1207 	mov	r7,#0x00
      00035E 90r00r2E         [24] 1208 	mov	dptr,#_handle_fc16_val_10000_78
      000361 E0               [24] 1209 	movx	a,@dptr
      000362 F9               [12] 1210 	mov	r1,a
      000363 A3               [24] 1211 	inc	dptr
      000364 E0               [24] 1212 	movx	a,@dptr
      000365 FA               [12] 1213 	mov	r2,a
      000366 A3               [24] 1214 	inc	dptr
      000367 E0               [24] 1215 	movx	a,@dptr
      000368 FD               [12] 1216 	mov	r5,a
      000369 A3               [24] 1217 	inc	dptr
      00036A E0               [24] 1218 	movx	a,@dptr
      00036B FE               [12] 1219 	mov	r6,a
      00036C 90r00r00         [24] 1220 	mov	dptr,#_reg_write_PARM_2
      00036F E9               [12] 1221 	mov	a,r1
      000370 F0               [24] 1222 	movx	@dptr,a
      000371 EA               [12] 1223 	mov	a,r2
      000372 A3               [24] 1224 	inc	dptr
      000373 F0               [24] 1225 	movx	@dptr,a
      000374 ED               [12] 1226 	mov	a,r5
      000375 A3               [24] 1227 	inc	dptr
      000376 F0               [24] 1228 	movx	@dptr,a
      000377 EE               [12] 1229 	mov	a,r6
      000378 A3               [24] 1230 	inc	dptr
      000379 F0               [24] 1231 	movx	@dptr,a
      00037A 8B 82            [24] 1232 	mov	dpl, r3
      00037C 8C 83            [24] 1233 	mov	dph, r4
      00037E 8F F0            [24] 1234 	mov	b, r7
      000380 12r00r00         [24] 1235 	lcall	_reg_write
                                   1236 ;	.\FwLib_STC8\user\modbus_server.c:105: res_buf[0] = buf[0];
      000383 90r00r2C         [24] 1237 	mov	dptr,#_handle_fc16_buf_10000_77
      000386 E0               [24] 1238 	movx	a,@dptr
      000387 FE               [12] 1239 	mov	r6,a
      000388 A3               [24] 1240 	inc	dptr
      000389 E0               [24] 1241 	movx	a,@dptr
      00038A FF               [12] 1242 	mov	r7,a
      00038B 8E 82            [24] 1243 	mov	dpl,r6
      00038D 8F 83            [24] 1244 	mov	dph,r7
      00038F E0               [24] 1245 	movx	a,@dptr
      000390 90r00r00         [24] 1246 	mov	dptr,#_res_buf
      000393 F0               [24] 1247 	movx	@dptr,a
                                   1248 ;	.\FwLib_STC8\user\modbus_server.c:106: res_buf[1] = 0x10;
      000394 90r00r01         [24] 1249 	mov	dptr,#(_res_buf + 0x0001)
      000397 74 10            [12] 1250 	mov	a,#0x10
      000399 F0               [24] 1251 	movx	@dptr,a
                                   1252 ;	.\FwLib_STC8\user\modbus_server.c:107: res_buf[2] = buf[2]; res_buf[3] = buf[3];
      00039A 8E 82            [24] 1253 	mov	dpl,r6
      00039C 8F 83            [24] 1254 	mov	dph,r7
      00039E A3               [24] 1255 	inc	dptr
      00039F A3               [24] 1256 	inc	dptr
      0003A0 E0               [24] 1257 	movx	a,@dptr
      0003A1 90r00r02         [24] 1258 	mov	dptr,#(_res_buf + 0x0002)
      0003A4 F0               [24] 1259 	movx	@dptr,a
      0003A5 8E 82            [24] 1260 	mov	dpl,r6
      0003A7 8F 83            [24] 1261 	mov	dph,r7
      0003A9 A3               [24] 1262 	inc	dptr
      0003AA A3               [24] 1263 	inc	dptr
      0003AB A3               [24] 1264 	inc	dptr
      0003AC E0               [24] 1265 	movx	a,@dptr
      0003AD 90r00r03         [24] 1266 	mov	dptr,#(_res_buf + 0x0003)
      0003B0 F0               [24] 1267 	movx	@dptr,a
                                   1268 ;	.\FwLib_STC8\user\modbus_server.c:108: res_buf[4] = buf[4]; res_buf[5] = buf[5];
      0003B1 8E 82            [24] 1269 	mov	dpl,r6
      0003B3 8F 83            [24] 1270 	mov	dph,r7
      0003B5 A3               [24] 1271 	inc	dptr
      0003B6 A3               [24] 1272 	inc	dptr
      0003B7 A3               [24] 1273 	inc	dptr
      0003B8 A3               [24] 1274 	inc	dptr
      0003B9 E0               [24] 1275 	movx	a,@dptr
      0003BA 90r00r04         [24] 1276 	mov	dptr,#(_res_buf + 0x0004)
      0003BD F0               [24] 1277 	movx	@dptr,a
      0003BE 8E 82            [24] 1278 	mov	dpl,r6
      0003C0 8F 83            [24] 1279 	mov	dph,r7
      0003C2 A3               [24] 1280 	inc	dptr
      0003C3 A3               [24] 1281 	inc	dptr
      0003C4 A3               [24] 1282 	inc	dptr
      0003C5 A3               [24] 1283 	inc	dptr
      0003C6 A3               [24] 1284 	inc	dptr
      0003C7 E0               [24] 1285 	movx	a,@dptr
      0003C8 90r00r05         [24] 1286 	mov	dptr,#(_res_buf + 0x0005)
      0003CB F0               [24] 1287 	movx	@dptr,a
                                   1288 ;	.\FwLib_STC8\user\modbus_server.c:110: crc = mb_crc16(res_buf, 6);
      0003CC 90r00r22         [24] 1289 	mov	dptr,#_mb_crc16_PARM_2
      0003CF 74 06            [12] 1290 	mov	a,#0x06
      0003D1 F0               [24] 1291 	movx	@dptr,a
      0003D2 90r00r00         [24] 1292 	mov	dptr,#_res_buf
      0003D5 12r00r00         [24] 1293 	lcall	_mb_crc16
      0003D8 AE 82            [24] 1294 	mov	r6, dpl
      0003DA AF 83            [24] 1295 	mov	r7, dph
                                   1296 ;	.\FwLib_STC8\user\modbus_server.c:111: res_buf[6] = (uint8_t)crc;
      0003DC 8E 05            [24] 1297 	mov	ar5,r6
      0003DE 90r00r06         [24] 1298 	mov	dptr,#(_res_buf + 0x0006)
      0003E1 ED               [12] 1299 	mov	a,r5
      0003E2 F0               [24] 1300 	movx	@dptr,a
                                   1301 ;	.\FwLib_STC8\user\modbus_server.c:112: res_buf[7] = (uint8_t)(crc >> 8);
      0003E3 8F 06            [24] 1302 	mov	ar6,r7
      0003E5 90r00r07         [24] 1303 	mov	dptr,#(_res_buf + 0x0007)
      0003E8 EE               [12] 1304 	mov	a,r6
      0003E9 F0               [24] 1305 	movx	@dptr,a
                                   1306 ;	.\FwLib_STC8\user\modbus_server.c:113: UART_SendBuffer(res_buf, 8);
      0003EA 90r00r00         [24] 1307 	mov	dptr,#_UART_SendBuffer_PARM_2
      0003ED 74 08            [12] 1308 	mov	a,#0x08
      0003EF F0               [24] 1309 	movx	@dptr,a
      0003F0 E4               [12] 1310 	clr	a
      0003F1 A3               [24] 1311 	inc	dptr
      0003F2 F0               [24] 1312 	movx	@dptr,a
      0003F3 90r00r00         [24] 1313 	mov	dptr,#_res_buf
      0003F6 F5 F0            [12] 1314 	mov	b,a
                                   1315 ;	.\FwLib_STC8\user\modbus_server.c:114: }
      0003F8 02r00r00         [24] 1316 	ljmp	_UART_SendBuffer
                                   1317 ;------------------------------------------------------------
                                   1318 ;Allocation info for local variables in function 'mb_parse_request'
                                   1319 ;------------------------------------------------------------
                                   1320 ;i             Allocated with name '_mb_parse_request_i_10000_82'
                                   1321 ;offset        Allocated with name '_mb_parse_request_offset_10000_82'
                                   1322 ;crc_calc      Allocated with name '_mb_parse_request_crc_calc_10000_82'
                                   1323 ;p             Allocated with name '_mb_parse_request_p_10000_82'
                                   1324 ;------------------------------------------------------------
                                   1325 ;	.\FwLib_STC8\user\modbus_server.c:117: void mb_parse_request(void)
                                   1326 ;	-----------------------------------------
                                   1327 ;	 function mb_parse_request
                                   1328 ;	-----------------------------------------
      0003FB                       1329 _mb_parse_request:
                                   1330 ;	.\FwLib_STC8\user\modbus_server.c:123: if (!mb_frame_ready) return;
      0003FB 90r00r00         [24] 1331 	mov	dptr,#_mb_frame_ready
      0003FE E0               [24] 1332 	movx	a,@dptr
      0003FF 70 01            [24] 1333 	jnz	00102$
      000401 22               [24] 1334 	ret
      000402                       1335 00102$:
                                   1336 ;	.\FwLib_STC8\user\modbus_server.c:124: mb_frame_ready = 0; 
      000402 90r00r00         [24] 1337 	mov	dptr,#_mb_frame_ready
      000405 E4               [12] 1338 	clr	a
      000406 F0               [24] 1339 	movx	@dptr,a
                                   1340 ;	.\FwLib_STC8\user\modbus_server.c:130: if (mb_buf[0] == 0x01) {
      000407 90r00r00         [24] 1341 	mov	dptr,#_mb_buf
      00040A E0               [24] 1342 	movx	a,@dptr
      00040B FF               [12] 1343 	mov	r7,a
      00040C BF 01 07         [24] 1344 	cjne	r7,#0x01,00108$
                                   1345 ;	.\FwLib_STC8\user\modbus_server.c:131: offset = 0;
      00040F 90r00r33         [24] 1346 	mov	dptr,#_mb_parse_request_offset_10000_82
      000412 E4               [12] 1347 	clr	a
      000413 F0               [24] 1348 	movx	@dptr,a
      000414 80 1C            [24] 1349 	sjmp	00109$
      000416                       1350 00108$:
                                   1351 ;	.\FwLib_STC8\user\modbus_server.c:132: } else if (mb_buf[0] == 0x00 && mb_buf[1] == 0x01) {
      000416 EF               [12] 1352 	mov	a,r7
      000417 70 10            [24] 1353 	jnz	00104$
      000419 90r00r01         [24] 1354 	mov	dptr,#(_mb_buf + 0x0001)
      00041C E0               [24] 1355 	movx	a,@dptr
      00041D FF               [12] 1356 	mov	r7,a
      00041E BF 01 08         [24] 1357 	cjne	r7,#0x01,00104$
                                   1358 ;	.\FwLib_STC8\user\modbus_server.c:133: offset = 1;
      000421 90r00r33         [24] 1359 	mov	dptr,#_mb_parse_request_offset_10000_82
      000424 74 01            [12] 1360 	mov	a,#0x01
      000426 F0               [24] 1361 	movx	@dptr,a
      000427 80 09            [24] 1362 	sjmp	00109$
      000429                       1363 00104$:
                                   1364 ;	.\FwLib_STC8\user\modbus_server.c:135: UART_SendChar(0xE1); // Error: Wrong ID or Alignment
      000429 75 82 E1         [24] 1365 	mov	dpl, #0xe1
      00042C 12r00r00         [24] 1366 	lcall	_UART_SendChar
                                   1367 ;	.\FwLib_STC8\user\modbus_server.c:136: goto reset_mb;
      00042F 02r05r5F         [24] 1368 	ljmp	00128$
      000432                       1369 00109$:
                                   1370 ;	.\FwLib_STC8\user\modbus_server.c:139: p = &mb_buf[offset]; 
      000432 90r00r33         [24] 1371 	mov	dptr,#_mb_parse_request_offset_10000_82
      000435 E0               [24] 1372 	movx	a,@dptr
      000436 FF               [12] 1373 	mov	r7,a
      000437 24r00            [12] 1374 	add	a, #_mb_buf
      000439 FD               [12] 1375 	mov	r5,a
      00043A E4               [12] 1376 	clr	a
      00043B 34s00            [12] 1377 	addc	a, #(_mb_buf >> 8)
      00043D FE               [12] 1378 	mov	r6,a
                                   1379 ;	.\FwLib_STC8\user\modbus_server.c:143: if (p[1] == 0x03) {
      00043E 8D 82            [24] 1380 	mov	dpl,r5
      000440 8E 83            [24] 1381 	mov	dph,r6
      000442 A3               [24] 1382 	inc	dptr
      000443 E0               [24] 1383 	movx	a,@dptr
      000444 FC               [12] 1384 	mov	r4,a
      000445 BC 03 3D         [24] 1385 	cjne	r4,#0x03,00118$
                                   1386 ;	.\FwLib_STC8\user\modbus_server.c:144: if ((mb_idx - offset) < 8) {
      000448 90r00r00         [24] 1387 	mov	dptr,#_mb_idx
      00044B E0               [24] 1388 	movx	a,@dptr
      00044C FA               [12] 1389 	mov	r2,a
      00044D 7B 00            [12] 1390 	mov	r3,#0x00
      00044F 8F 00            [24] 1391 	mov	ar0,r7
      000451 79 00            [12] 1392 	mov	r1,#0x00
      000453 EA               [12] 1393 	mov	a,r2
      000454 C3               [12] 1394 	clr	c
      000455 98               [12] 1395 	subb	a,r0
      000456 FA               [12] 1396 	mov	r2,a
      000457 EB               [12] 1397 	mov	a,r3
      000458 99               [12] 1398 	subb	a,r1
      000459 FB               [12] 1399 	mov	r3,a
      00045A C3               [12] 1400 	clr	c
      00045B EA               [12] 1401 	mov	a,r2
      00045C 94 08            [12] 1402 	subb	a,#0x08
      00045E EB               [12] 1403 	mov	a,r3
      00045F 64 80            [12] 1404 	xrl	a,#0x80
      000461 94 80            [12] 1405 	subb	a,#0x80
      000463 50 18            [24] 1406 	jnc	00111$
                                   1407 ;	.\FwLib_STC8\user\modbus_server.c:145: UART_SendChar(0xE2); // Error: FC03 too short
      000465 75 82 E2         [24] 1408 	mov	dpl, #0xe2
      000468 C0 07            [24] 1409 	push	ar7
      00046A 12r00r00         [24] 1410 	lcall	_UART_SendChar
      00046D D0 07            [24] 1411 	pop	ar7
                                   1412 ;	.\FwLib_STC8\user\modbus_server.c:146: UART_SendChar(mb_idx - offset); // Send actual length received
      00046F 90r00r00         [24] 1413 	mov	dptr,#_mb_idx
      000472 E0               [24] 1414 	movx	a,@dptr
      000473 C3               [12] 1415 	clr	c
      000474 9F               [12] 1416 	subb	a,r7
      000475 F5 82            [12] 1417 	mov	dpl,a
      000477 12r00r00         [24] 1418 	lcall	_UART_SendChar
                                   1419 ;	.\FwLib_STC8\user\modbus_server.c:147: goto reset_mb;
      00047A 02r05r5F         [24] 1420 	ljmp	00128$
      00047D                       1421 00111$:
                                   1422 ;	.\FwLib_STC8\user\modbus_server.c:149: i = 6; 
      00047D 90r00r32         [24] 1423 	mov	dptr,#_mb_parse_request_i_10000_82
      000480 74 06            [12] 1424 	mov	a,#0x06
      000482 F0               [24] 1425 	movx	@dptr,a
      000483 80 37            [24] 1426 	sjmp	00119$
      000485                       1427 00118$:
                                   1428 ;	.\FwLib_STC8\user\modbus_server.c:151: else if (p[1] == 0x10) {
      000485 BC 10 2B         [24] 1429 	cjne	r4,#0x10,00115$
                                   1430 ;	.\FwLib_STC8\user\modbus_server.c:152: if ((mb_idx - offset) < 13) {
      000488 90r00r00         [24] 1431 	mov	dptr,#_mb_idx
      00048B E0               [24] 1432 	movx	a,@dptr
      00048C FB               [12] 1433 	mov	r3,a
      00048D E4               [12] 1434 	clr	a
      00048E FC               [12] 1435 	mov	r4,a
      00048F FA               [12] 1436 	mov	r2,a
      000490 EB               [12] 1437 	mov	a,r3
      000491 C3               [12] 1438 	clr	c
      000492 9F               [12] 1439 	subb	a,r7
      000493 FB               [12] 1440 	mov	r3,a
      000494 EC               [12] 1441 	mov	a,r4
      000495 9A               [12] 1442 	subb	a,r2
      000496 FC               [12] 1443 	mov	r4,a
      000497 C3               [12] 1444 	clr	c
      000498 EB               [12] 1445 	mov	a,r3
      000499 94 0D            [12] 1446 	subb	a,#0x0d
      00049B EC               [12] 1447 	mov	a,r4
      00049C 64 80            [12] 1448 	xrl	a,#0x80
      00049E 94 80            [12] 1449 	subb	a,#0x80
      0004A0 50 09            [24] 1450 	jnc	00113$
                                   1451 ;	.\FwLib_STC8\user\modbus_server.c:153: UART_SendChar(0xE3); // Error: FC16 too short
      0004A2 75 82 E3         [24] 1452 	mov	dpl, #0xe3
      0004A5 12r00r00         [24] 1453 	lcall	_UART_SendChar
                                   1454 ;	.\FwLib_STC8\user\modbus_server.c:154: goto reset_mb;
      0004A8 02r05r5F         [24] 1455 	ljmp	00128$
      0004AB                       1456 00113$:
                                   1457 ;	.\FwLib_STC8\user\modbus_server.c:156: i = 11;
      0004AB 90r00r32         [24] 1458 	mov	dptr,#_mb_parse_request_i_10000_82
      0004AE 74 0B            [12] 1459 	mov	a,#0x0b
      0004B0 F0               [24] 1460 	movx	@dptr,a
      0004B1 80 09            [24] 1461 	sjmp	00119$
      0004B3                       1462 00115$:
                                   1463 ;	.\FwLib_STC8\user\modbus_server.c:159: UART_SendChar(0xE4); // Error: Unknown Function Code
      0004B3 75 82 E4         [24] 1464 	mov	dpl, #0xe4
      0004B6 12r00r00         [24] 1465 	lcall	_UART_SendChar
                                   1466 ;	.\FwLib_STC8\user\modbus_server.c:160: goto reset_mb;
      0004B9 02r05r5F         [24] 1467 	ljmp	00128$
      0004BC                       1468 00119$:
                                   1469 ;	.\FwLib_STC8\user\modbus_server.c:164: crc_calc = mb_crc16(p, i);
      0004BC 90r00r32         [24] 1470 	mov	dptr,#_mb_parse_request_i_10000_82
      0004BF E0               [24] 1471 	movx	a,@dptr
      0004C0 FF               [12] 1472 	mov	r7,a
      0004C1 90r00r22         [24] 1473 	mov	dptr,#_mb_crc16_PARM_2
      0004C4 F0               [24] 1474 	movx	@dptr,a
      0004C5 8D 82            [24] 1475 	mov	dpl, r5
      0004C7 8E 83            [24] 1476 	mov	dph, r6
      0004C9 C0 07            [24] 1477 	push	ar7
      0004CB C0 06            [24] 1478 	push	ar6
      0004CD C0 05            [24] 1479 	push	ar5
      0004CF 12r00r00         [24] 1480 	lcall	_mb_crc16
      0004D2 AB 82            [24] 1481 	mov	r3, dpl
      0004D4 AC 83            [24] 1482 	mov	r4, dph
      0004D6 D0 05            [24] 1483 	pop	ar5
      0004D8 D0 06            [24] 1484 	pop	ar6
      0004DA D0 07            [24] 1485 	pop	ar7
                                   1486 ;	.\FwLib_STC8\user\modbus_server.c:165: if ((uint8_t)crc_calc != p[i] || (uint8_t)(crc_calc >> 8) != p[i+1]) 
      0004DC 8B 02            [24] 1487 	mov	ar2,r3
      0004DE EF               [12] 1488 	mov	a,r7
      0004DF 2D               [12] 1489 	add	a, r5
      0004E0 F5 82            [12] 1490 	mov	dpl,a
      0004E2 E4               [12] 1491 	clr	a
      0004E3 3E               [12] 1492 	addc	a, r6
      0004E4 F5 83            [12] 1493 	mov	dph,a
      0004E6 E0               [24] 1494 	movx	a,@dptr
      0004E7 F9               [12] 1495 	mov	r1,a
      0004E8 EA               [12] 1496 	mov	a,r2
      0004E9 B5 01 19         [24] 1497 	cjne	a,ar1,00120$
      0004EC 8C 03            [24] 1498 	mov	ar3,r4
      0004EE 7C 00            [12] 1499 	mov	r4,#0x00
      0004F0 0F               [12] 1500 	inc	r7
      0004F1 BF 00 01         [24] 1501 	cjne	r7,#0x00,00211$
      0004F4 0C               [12] 1502 	inc	r4
      0004F5                       1503 00211$:
      0004F5 EF               [12] 1504 	mov	a,r7
      0004F6 2D               [12] 1505 	add	a, r5
      0004F7 F5 82            [12] 1506 	mov	dpl,a
      0004F9 EC               [12] 1507 	mov	a,r4
      0004FA 3E               [12] 1508 	addc	a, r6
      0004FB F5 83            [12] 1509 	mov	dph,a
      0004FD E0               [24] 1510 	movx	a,@dptr
      0004FE FF               [12] 1511 	mov	r7,a
      0004FF EB               [12] 1512 	mov	a,r3
      000500 B5 07 02         [24] 1513 	cjne	a,ar7,00212$
      000503 80 08            [24] 1514 	sjmp	00121$
      000505                       1515 00212$:
      000505                       1516 00120$:
                                   1517 ;	.\FwLib_STC8\user\modbus_server.c:167: UART_SendChar(0xE5); // Error: CRC Mismatch
      000505 75 82 E5         [24] 1518 	mov	dpl, #0xe5
      000508 12r00r00         [24] 1519 	lcall	_UART_SendChar
                                   1520 ;	.\FwLib_STC8\user\modbus_server.c:168: goto reset_mb;
      00050B 80 52            [24] 1521 	sjmp	00128$
      00050D                       1522 00121$:
                                   1523 ;	.\FwLib_STC8\user\modbus_server.c:173: if (find_reg(((uint16_t)p[2] << 8) | p[3]) == 0) {
      00050D 8D 82            [24] 1524 	mov	dpl,r5
      00050F 8E 83            [24] 1525 	mov	dph,r6
      000511 A3               [24] 1526 	inc	dptr
      000512 A3               [24] 1527 	inc	dptr
      000513 E0               [24] 1528 	movx	a,@dptr
      000514 FC               [12] 1529 	mov	r4,a
      000515 7F 00            [12] 1530 	mov	r7,#0x00
      000517 8D 82            [24] 1531 	mov	dpl,r5
      000519 8E 83            [24] 1532 	mov	dph,r6
      00051B A3               [24] 1533 	inc	dptr
      00051C A3               [24] 1534 	inc	dptr
      00051D A3               [24] 1535 	inc	dptr
      00051E E0               [24] 1536 	movx	a,@dptr
      00051F 7A 00            [12] 1537 	mov	r2,#0x00
      000521 42 07            [12] 1538 	orl	ar7,a
      000523 EA               [12] 1539 	mov	a,r2
      000524 42 04            [12] 1540 	orl	ar4,a
      000526 8F 82            [24] 1541 	mov	dpl, r7
      000528 8C 83            [24] 1542 	mov	dph, r4
      00052A C0 06            [24] 1543 	push	ar6
      00052C C0 05            [24] 1544 	push	ar5
      00052E 12r00r8C         [24] 1545 	lcall	_find_reg
      000531 AB 82            [24] 1546 	mov	r3, dpl
      000533 AC 83            [24] 1547 	mov	r4, dph
      000535 D0 05            [24] 1548 	pop	ar5
      000537 D0 06            [24] 1549 	pop	ar6
      000539 EB               [12] 1550 	mov	a,r3
      00053A 4C               [12] 1551 	orl	a,r4
      00053B 70 08            [24] 1552 	jnz	00124$
                                   1553 ;	.\FwLib_STC8\user\modbus_server.c:174: UART_SendChar(0xE6); 
      00053D 75 82 E6         [24] 1554 	mov	dpl, #0xe6
      000540 12r00r00         [24] 1555 	lcall	_UART_SendChar
                                   1556 ;	.\FwLib_STC8\user\modbus_server.c:175: goto reset_mb;
      000543 80 1A            [24] 1557 	sjmp	00128$
      000545                       1558 00124$:
                                   1559 ;	.\FwLib_STC8\user\modbus_server.c:179: if (p[1] == 0x03) handle_fc03(p);
      000545 8D 82            [24] 1560 	mov	dpl,r5
      000547 8E 83            [24] 1561 	mov	dph,r6
      000549 A3               [24] 1562 	inc	dptr
      00054A E0               [24] 1563 	movx	a,@dptr
      00054B FF               [12] 1564 	mov	r7,a
      00054C BF 03 09         [24] 1565 	cjne	r7,#0x03,00126$
      00054F 8D 82            [24] 1566 	mov	dpl, r5
      000551 8E 83            [24] 1567 	mov	dph, r6
      000553 12r00rD7         [24] 1568 	lcall	_handle_fc03
      000556 80 07            [24] 1569 	sjmp	00128$
      000558                       1570 00126$:
                                   1571 ;	.\FwLib_STC8\user\modbus_server.c:180: else handle_fc16(p);
      000558 8D 82            [24] 1572 	mov	dpl, r5
      00055A 8E 83            [24] 1573 	mov	dph, r6
      00055C 12r02r23         [24] 1574 	lcall	_handle_fc16
                                   1575 ;	.\FwLib_STC8\user\modbus_server.c:182: reset_mb:
      00055F                       1576 00128$:
                                   1577 ;	.\FwLib_STC8\user\modbus_server.c:183: ES = 0; 
                                   1578 ;	assignBit
      00055F C2 AC            [12] 1579 	clr	_ES
                                   1580 ;	.\FwLib_STC8\user\modbus_server.c:184: mb_idx = 0;
      000561 90r00r00         [24] 1581 	mov	dptr,#_mb_idx
      000564 E4               [12] 1582 	clr	a
      000565 F0               [24] 1583 	movx	@dptr,a
                                   1584 ;	.\FwLib_STC8\user\modbus_server.c:185: ES = 1;
                                   1585 ;	assignBit
      000566 D2 AC            [12] 1586 	setb	_ES
                                   1587 ;	.\FwLib_STC8\user\modbus_server.c:186: }
      000568 22               [24] 1588 	ret
                                   1589 	.area CSEG    (CODE)
                                   1590 	.area CONST   (CODE)
                                   1591 	.area XINIT   (CODE)
                                   1592 	.area CABS    (ABS,CODE)
