ASxxxx Linker V03.00/V05.40 + sdld,  page 1.
Hexadecimal  [32-Bits]

Area                                    Addr        Size        Decimal Bytes (Attributes)
--------------------------------        ----        ----        ------- ----- ------------
CABS                                00000000    00000000 =           0. bytes (ABS,CON,CODE)

      Value  Global                              Global Defined In Module
      -----  --------------------------------   ------------------------
C:   00000000  l_BIT_BANK                      
C:   00000000  l_BSEG                          
C:   00000000  l_BSEG_BYTES                    
C:   00000000  l_CABS                          
C:   00000000  l_GSINIT                        
C:   00000000  l_GSINIT1                       
C:   00000000  l_GSINIT5                       
C:   00000000  l_IABS                          
C:   00000000  l_ISEG                          
C:   00000000  l_PSEG                          
C:   00000000  l_REG_BANK_1                    
C:   00000000  l_REG_BANK_2                    
C:   00000000  l_REG_BANK_3                    
C:   00000000  l_RSEG                          
C:   00000000  l_RSEG0                         
C:   00000000  l_RSEG1                         
C:   00000000  l_XABS                          
C:   00000000  l_XINIT                         
C:   00000000  l_XISEG                         
C:   00000000  l__CODE                         
C:   00000000  s_BSEG                          
C:   00000000  s_CABS                          
C:   00000000  s_DSEG                          
C:   00000000  s_HOME                          
C:   00000000  s_IABS                          
C:   00000000  s_ISEG                          
C:   00000000  s_REG_BANK_0                    
C:   00000000  s_RSEG                          
C:   00000000  s_RSEG0                         
C:   00000000  s_RSEG1                         
C:   00000000  s_XABS                          
C:   00000001  s_PSEG                          
C:   00000001  s_XSEG                          
C:   00000003  l_GSFINAL                       
C:   00000003  l_GSINIT0                       
C:   00000004  l_OSEG                          
C:   00000008  l_REG_BANK_0                    
C:   00000008  s_REG_BANK_1                    
C:   0000000A  l_GSINIT2                       
C:   0000000A  s_OSEG                          
C:   0000000E  s_SSEG                          
C:   00000010  s_REG_BANK_2                    
C:   00000018  s_BIT_BANK                      
C:   00000018  s_REG_BANK_3                    
C:   00000020  s_BSEG_BYTES                    
C:   00000020  s__CODE                         
C:   00000022  l_GSINIT3                       
C:   00000023  l_CONST                         
C:   0000002A  l_GSINIT4                       
C:   0000004C  l_HOME                          
ASxxxx Linker V03.00/V05.40 + sdld,  page 2.
Hexadecimal  [32-Bits]

Area                                    Addr        Size        Decimal Bytes (Attributes)
--------------------------------        ----        ----        ------- ----- ------------
CABS                                00000000    00000000 =           0. bytes (ABS,CON,CODE)

      Value  Global                              Global Defined In Module
      -----  --------------------------------   ------------------------
C:   0000004C  s_GSINIT0                       
C:   0000004F  s_GSINIT1                       
C:   0000004F  s_GSINIT2                       
C:   00000059  s_GSINIT3                       
C:   0000007B  s_GSINIT4                       
C:   00000080  l_DSEG                          
C:   000000A5  s_GSFINAL                       
C:   000000A5  s_GSINIT                        
C:   000000A5  s_GSINIT5                       
C:   000000A8  s_CSEG                          
C:   000000C9  l_XSEG                          
C:   000000CA  s_XISEG                         
C:   000000F2  l_SSEG                          
C:   00000100  l_IRAM                          
C:   000015AF  l_CSEG                          
C:   00001657  s_CONST                         
C:   0000167A  s_XINIT                         

ASxxxx Linker V03.00/V05.40 + sdld,  page 3.
Hexadecimal  [32-Bits]

Area                                    Addr        Size        Decimal Bytes (Attributes)
--------------------------------        ----        ----        ------- ----- ------------
.  .ABS.                            00000000    00000000 =           0. bytes (ABS,CON)

      Value  Global                              Global Defined In Module
      -----  --------------------------------   ------------------------
     00000000  .__.ABS.                           _startup
     00000080  _P0                                fw_util
     00000080  _P00                               fw_util
     00000081  _P01                               fw_util
     00000081  _SP                                fw_util
     00000082  _DPL                               fw_util
     00000082  _P02                               fw_util
     00000083  _DPH                               fw_util
     00000083  _P03                               fw_util
     00000084  _P04                               fw_util
     00000084  _S4CON                             fw_util
     00000085  _P05                               fw_util
     00000085  _S4BUF                             fw_util
     00000086  _P06                               fw_util
     00000087  _P07                               fw_util
     00000087  _PCON                              fw_util
     00000088  _IT0                               fw_util
     00000088  _TCON                              fw_util
     00000089  _IE0                               fw_util
     00000089  _TMOD                              fw_util
     0000008A  _IT1                               fw_util
     0000008A  _TL0                               fw_util
     0000008B  _IE1                               fw_util
     0000008B  _TL1                               fw_util
     0000008C  _TH0                               fw_util
     0000008C  _TR0                               fw_util
     0000008D  _TF0                               fw_util
     0000008D  _TH1                               fw_util
     0000008E  _AUXR                              fw_util
     0000008E  _TR1                               fw_util
     0000008F  _INTCLKO                           fw_util
     0000008F  _TF1                               fw_util
     00000090  _P1                                fw_util
     00000090  _P10                               fw_util
     00000091  _P11                               fw_util
     00000091  _P1M1                              fw_util
     00000092  _P12                               fw_util
     00000092  _P1M0                              fw_util
     00000093  _P0M1                              fw_util
     00000093  _P13                               fw_util
     00000094  _P0M0                              fw_util
     00000094  _P14                               fw_util
     00000095  _P15                               fw_util
     00000095  _P2M1                              fw_util
     00000096  _P16                               fw_util
     00000096  _P2M0                              fw_util
     00000097  _P17                               fw_util
     00000098  _RI                                fw_util
     00000098  _SCON                              fw_util
     00000099  _SBUF                              fw_util
ASxxxx Linker V03.00/V05.40 + sdld,  page 4.
Hexadecimal  [32-Bits]

Area                                    Addr        Size        Decimal Bytes (Attributes)
--------------------------------        ----        ----        ------- ----- ------------
.  .ABS.                            00000000    00000000 =           0. bytes (ABS,CON)

      Value  Global                              Global Defined In Module
      -----  --------------------------------   ------------------------
     00000099  _TI                                fw_util
     0000009A  _RB8                               fw_util
     0000009A  _S2CON                             fw_util
     0000009B  _S2BUF                             fw_util
     0000009B  _TB8                               fw_util
     0000009C  _REN                               fw_util
     0000009D  _IRCBAND                           fw_util
     0000009D  _SM2                               fw_util
     0000009E  _LIRTRIM                           fw_util
     0000009E  _SM1                               fw_util
     0000009F  _IRTRIM                            fw_util
     0000009F  _SM0                               fw_util
     000000A0  _P2                                fw_util
     000000A0  _P20                               fw_util
     000000A0  __XPAGE                            
     000000A1  _BUS_SPEED                         fw_util
     000000A1  _P21                               fw_util
     000000A2  _P22                               fw_util
     000000A2  _P_SW1                             fw_util
     000000A3  _P23                               fw_util
     000000A4  _P24                               fw_util
     000000A5  _P25                               fw_util
     000000A6  _P26                               fw_util
     000000A6  _VRTRIM                            fw_util
     000000A7  _P27                               fw_util
     000000A8  _EX0                               fw_util
     000000A8  _IE                                fw_util
     000000A9  _ET0                               fw_util
     000000A9  _SADDR                             fw_util
     000000AA  _EX1                               fw_util
     000000AA  _WKTCL                             fw_util
     000000AB  _ET1                               fw_util
     000000AB  _WKTCH                             fw_util
     000000AC  _ES                                fw_util
     000000AC  _S3CON                             fw_util
     000000AD  _EADC                              fw_util
     000000AD  _S3BUF                             fw_util
     000000AE  _ELVD                              fw_util
     000000AE  _TA                                fw_util
     000000AF  _EA                                fw_util
     000000AF  _IE2                               fw_util
     000000B0  _P3                                fw_util
     000000B0  _P30                               fw_util
     000000B1  _P31                               fw_util
     000000B1  _P3M1                              fw_util
     000000B2  _P32                               fw_util
     000000B2  _P3M0                              fw_util
     000000B3  _P33                               fw_util
     000000B3  _P4M1                              fw_util
     000000B4  _P34                               fw_util
     000000B4  _P4M0                              fw_util
ASxxxx Linker V03.00/V05.40 + sdld,  page 5.
Hexadecimal  [32-Bits]

Area                                    Addr        Size        Decimal Bytes (Attributes)
--------------------------------        ----        ----        ------- ----- ------------
.  .ABS.                            00000000    00000000 =           0. bytes (ABS,CON)

      Value  Global                              Global Defined In Module
      -----  --------------------------------   ------------------------
     000000B5  _IP2                               fw_util
     000000B5  _P35                               fw_util
     000000B6  _IP2H                              fw_util
     000000B6  _P36                               fw_util
     000000B7  _IPH                               fw_util
     000000B7  _P37                               fw_util
     000000B8  _IP                                fw_util
     000000B8  _PX0                               fw_util
     000000B9  _PT0                               fw_util
     000000B9  _SADEN                             fw_util
     000000BA  _PX1                               fw_util
     000000BA  _P_SW2                             fw_util
     000000BB  _PT1                               fw_util
     000000BC  _ADC_CONTR                         fw_util
     000000BC  _PS                                fw_util
     000000BD  _ADC_RES                           fw_util
     000000BD  _PADC                              fw_util
     000000BE  _ADC_RESL                          fw_util
     000000BE  _PLVD                              fw_util
     000000BF  _PPCA                              fw_util
     000000C0  _P4                                fw_util
     000000C0  _P40                               fw_util
     000000C1  _P41                               fw_util
     000000C1  _WDT_CONTR                         fw_util
     000000C2  _IAP_DATA                          fw_util
     000000C2  _P42                               fw_util
     000000C3  _IAP_ADDRH                         fw_util
     000000C3  _P43                               fw_util
     000000C4  _IAP_ADDRL                         fw_util
     000000C4  _P44                               fw_util
     000000C5  _IAP_CMD                           fw_util
     000000C5  _P45                               fw_util
     000000C6  _IAP_TRIG                          fw_util
     000000C6  _P46                               fw_util
     000000C7  _IAP_CONTR                         fw_util
     000000C7  _P47                               fw_util
     000000C8  _P5                                fw_util
     000000C8  _P50                               fw_util
     000000C9  _P51                               fw_util
     000000C9  _P5M1                              fw_util
     000000CA  _P52                               fw_util
     000000CA  _P5M0                              fw_util
     000000CB  _P53                               fw_util
     000000CB  _P6M1                              fw_util
     000000CC  _P54                               fw_util
     000000CC  _P6M0                              fw_util
     000000CD  _P55                               fw_util
     000000CD  _SPSTAT                            fw_util
     000000CE  _P56                               fw_util
     000000CE  _SPCTL                             fw_util
     000000CF  _P57                               fw_util
ASxxxx Linker V03.00/V05.40 + sdld,  page 6.
Hexadecimal  [32-Bits]

Area                                    Addr        Size        Decimal Bytes (Attributes)
--------------------------------        ----        ----        ------- ----- ------------
.  .ABS.                            00000000    00000000 =           0. bytes (ABS,CON)

      Value  Global                              Global Defined In Module
      -----  --------------------------------   ------------------------
     000000CF  _SPDAT                             fw_util
     000000D0  _P                                 fw_util
     000000D0  _PSW                               fw_util
     000000D1  _F1                                fw_util
     000000D1  _T4T3M                             fw_util
     000000D2  _OV                                fw_util
     000000D2  _T4H                               fw_util
     000000D3  _RS0                               fw_util
     000000D3  _T4L                               fw_util
     000000D4  _RS1                               fw_util
     000000D4  _T3H                               fw_util
     000000D5  _F0                                fw_util
     000000D5  _T3L                               fw_util
     000000D6  _AC                                fw_util
     000000D6  _T2H                               fw_util
     000000D7  _CY                                fw_util
     000000D7  _T2L                               fw_util
     000000DC  _USBCLK                            fw_util
     000000DE  _ADCCFG                            fw_util
     000000DF  _IP3                               fw_util
     000000E0  _ACC                               fw_util
     000000E1  _P7M1                              fw_util
     000000E2  _P7M0                              fw_util
     000000E3  _DPS                               fw_util
     000000E4  _DPL1                              fw_util
     000000E5  _DPH1                              fw_util
     000000E6  _CMPCR1                            fw_util
     000000E7  _CMPCR2                            fw_util
     000000E8  _P6                                fw_util
     000000E8  _P60                               fw_util
     000000E9  _P61                               fw_util
     000000EA  _P62                               fw_util
     000000EB  _P63                               fw_util
     000000EC  _P64                               fw_util
     000000EC  _USBDAT                            fw_util
     000000ED  _P65                               fw_util
     000000EE  _IP3H                              fw_util
     000000EE  _P66                               fw_util
     000000EF  _AUXINTIF                          fw_util
     000000EF  _P67                               fw_util
     000000F0  _B                                 fw_util
     000000F4  _USBCON                            fw_util
     000000F5  _B_5                               _gptrget
     000000F5  _IAP_TPS                           fw_util
     000000F6  _B_6                               _gptrget
     000000F7  _B_7                               _gptrget
     000000F8  _P7                                fw_util
     000000F8  _P70                               fw_util
     000000F9  _P71                               fw_util
     000000FA  _P72                               fw_util
     000000FB  _P73                               fw_util
ASxxxx Linker V03.00/V05.40 + sdld,  page 7.
Hexadecimal  [32-Bits]

Area                                    Addr        Size        Decimal Bytes (Attributes)
--------------------------------        ----        ----        ------- ----- ------------
.  .ABS.                            00000000    00000000 =           0. bytes (ABS,CON)

      Value  Global                              Global Defined In Module
      -----  --------------------------------   ------------------------
     000000FC  _P74                               fw_util
     000000FC  _USBADR                            fw_util
     000000FD  _P75                               fw_util
     000000FE  _P76                               fw_util
     000000FF  _P77                               fw_util
     000000FF  _RSTCFG                            fw_util

ASxxxx Linker V03.00/V05.40 + sdld,  page 8.
Hexadecimal  [32-Bits]

Area                                    Addr        Size        Decimal Bytes (Attributes)
--------------------------------        ----        ----        ------- ----- ------------
REG_BANK_0                          00000000    00000008 =           8. bytes (REL,OVR)

      Value  Global                              Global Defined In Module
      -----  --------------------------------   ------------------------
ASxxxx Linker V03.00/V05.40 + sdld,  page 9.
Hexadecimal  [32-Bits]

Area                                    Addr        Size        Decimal Bytes (Attributes)
--------------------------------        ----        ----        ------- ----- ------------
DSEG                                00000000    00000080 =         128. bytes (REL,CON)

      Value  Global                              Global Defined In Module
      -----  --------------------------------   ------------------------
ASxxxx Linker V03.00/V05.40 + sdld,  page 10.
Hexadecimal  [32-Bits]

Area                                    Addr        Size        Decimal Bytes (Attributes)
--------------------------------        ----        ----        ------- ----- ------------
OSEG                                0000000A    00000004 =           4. bytes (REL,OVR)

      Value  Global                              Global Defined In Module
      -----  --------------------------------   ------------------------
ASxxxx Linker V03.00/V05.40 + sdld,  page 11.
Hexadecimal  [32-Bits]

Area                                    Addr        Size        Decimal Bytes (Attributes)
--------------------------------        ----        ----        ------- ----- ------------
SSEG                                0000000E    000000F2 =         242. bytes (REL,OVR)

      Value  Global                              Global Defined In Module
      -----  --------------------------------   ------------------------
     0000000E  __start__stack                     main

ASxxxx Linker V03.00/V05.40 + sdld,  page 12.
Hexadecimal  [32-Bits]

Area                                    Addr        Size        Decimal Bytes (Attributes)
--------------------------------        ----        ----        ------- ----- ------------
XSEG                                00000001    000000C9 =         201. bytes (REL,CON,XDATA)

      Value  Global                              Global Defined In Module
      -----  --------------------------------   ------------------------
D:   00000009  _I2C_Write_PARM_2                  fw_i2c
D:   0000000A  _I2C_Write_PARM_3                  fw_i2c
D:   0000000D  _I2C_Write_PARM_4                  fw_i2c
D:   00000010  _I2C_Read_PARM_2                   fw_i2c
D:   00000011  _I2C_Read_PARM_3                   fw_i2c
D:   00000014  _I2C_Read_PARM_4                   fw_i2c
D:   00000017  _I2C_Write16BitAddr_PARM_2         fw_i2c
D:   00000019  _I2C_Write16BitAddr_PARM_3         fw_i2c
D:   0000001C  _I2C_Write16BitAddr_PARM_4         fw_i2c
D:   0000001F  _I2C_Read16BitAddr_PARM_2          fw_i2c
D:   00000021  _I2C_Read16BitAddr_PARM_3          fw_i2c
D:   00000024  _I2C_Read16BitAddr_PARM_4          fw_i2c
D:   0000002D  _SPI_TxRxBytes_PARM_2              fw_spi
D:   00000033  _SYS_TrimClock_PARM_2              fw_sys
D:   00000039  _TIM_Timer0n1_CalculateInitValue   fw_tim
D:   0000003A  _TIM_Timer0n1_CalculateInitValue   fw_tim
D:   00000042  _TIM_Timer0_Config_PARM_2          fw_tim
D:   00000043  _TIM_Timer0_Config_PARM_3          fw_tim
D:   00000046  _TIM_Timer1_Config_PARM_2          fw_tim
D:   00000047  _TIM_Timer1_Config_PARM_3          fw_tim
D:   0000004A  __TIM_Timer234_InitValueCalculat   fw_tim
D:   0000004B  __TIM_Timer234_InitValueCalculat   fw_tim
D:   00000052  _TIM_Timer2_Config_PARM_2          fw_tim
D:   00000053  _TIM_Timer2_Config_PARM_3          fw_tim
D:   00000056  _TIM_Timer3_Config_PARM_2          fw_tim
D:   00000057  _TIM_Timer3_Config_PARM_3          fw_tim
D:   00000059  _TIM_Timer3_Config_PARM_4          fw_tim
D:   0000005B  _TIM_Timer4_Config_PARM_2          fw_tim
D:   0000005C  _TIM_Timer4_Config_PARM_3          fw_tim
D:   0000005E  _TIM_Timer4_Config_PARM_4          fw_tim
D:   00000060  _UART_Timer_InitValueCalculate_P   fw_uart
D:   00000061  _UART_Timer_InitValueCalculate_P   fw_uart
D:   0000006D  __UART1_ConfigDynUart_PARM_2       fw_uart
D:   0000006E  __UART1_ConfigDynUart_PARM_3       fw_uart
D:   00000071  _UART1_Config8bitUart_PARM_2       fw_uart
D:   00000072  _UART1_Config8bitUart_PARM_3       fw_uart
D:   00000077  _UART1_Config9bitUart_PARM_2       fw_uart
D:   00000078  _UART1_Config9bitUart_PARM_3       fw_uart
D:   00000084  _UART2_Config_PARM_2               fw_uart
D:   0000008E  _UART3_ConfigOnTimer2_PARM_2       fw_uart
D:   00000093  _UART3_ConfigOnTimer3_PARM_2       fw_uart
D:   00000098  _UART4_ConfigOnTimer2_PARM_2       fw_uart
D:   0000009D  _UART4_ConfigOnTimer4_PARM_2       fw_uart
D:   000000A3  _USB_WriteReg_PARM_2               fw_usb
D:   000000A5  _USB_ReadFIFO_PARM_2               fw_usb
D:   000000A9  _USB_WriteFIFO_PARM_2              fw_usb
D:   000000AC  _USB_WriteFIFO_PARM_3              fw_usb
D:   000000AE  __divuint_PARM_2                   _divuint
D:   000000B5  __divulong_PARM_2                  _divulong
D:   000000C2  __gptrput_PARM_2                   _gptrput
ASxxxx Linker V03.00/V05.40 + sdld,  page 13.
Hexadecimal  [32-Bits]

Area                                    Addr        Size        Decimal Bytes (Attributes)
--------------------------------        ----        ----        ------- ----- ------------
XSEG                                00000001    000000C9 =         201. bytes (REL,CON,XDATA)

      Value  Global                              Global Defined In Module
      -----  --------------------------------   ------------------------
D:   000000C3  __mulint_PARM_2                    _mulint
D:   000000C5  __moduint_PARM_2                   _moduint

ASxxxx Linker V03.00/V05.40 + sdld,  page 14.
Hexadecimal  [32-Bits]

Area                                    Addr        Size        Decimal Bytes (Attributes)
--------------------------------        ----        ----        ------- ----- ------------
HOME                                00000000    0000004C =          76. bytes (REL,CON,CODE)

      Value  Global                              Global Defined In Module
      -----  --------------------------------   ------------------------
C:   00000008  sdcc_atomic_exchange_rollback_st   main
C:   0000002F  sdcc_atomic_exchange_gptr_impl     main
C:   0000002F  sdcc_atomic_exchange_rollback_en   main
C:   0000003F  sdcc_atomic_compare_exchange_gpt   main
C:   00000049  __sdcc_program_startup             main

ASxxxx Linker V03.00/V05.40 + sdld,  page 15.
Hexadecimal  [32-Bits]

Area                                    Addr        Size        Decimal Bytes (Attributes)
--------------------------------        ----        ----        ------- ----- ------------
GSINIT0                             0000004C    00000003 =           3. bytes (REL,CON,CODE)

      Value  Global                              Global Defined In Module
      -----  --------------------------------   ------------------------
C:   0000004C  __sdcc_gsinit_startup              

ASxxxx Linker V03.00/V05.40 + sdld,  page 16.
Hexadecimal  [32-Bits]

Area                                    Addr        Size        Decimal Bytes (Attributes)
--------------------------------        ----        ----        ------- ----- ------------
GSINIT2                             0000004F    0000000A =          10. bytes (REL,CON,CODE)

      Value  Global                              Global Defined In Module
      -----  --------------------------------   ------------------------
ASxxxx Linker V03.00/V05.40 + sdld,  page 17.
Hexadecimal  [32-Bits]

Area                                    Addr        Size        Decimal Bytes (Attributes)
--------------------------------        ----        ----        ------- ----- ------------
GSINIT3                             00000059    00000022 =          34. bytes (REL,CON,CODE)

      Value  Global                              Global Defined In Module
      -----  --------------------------------   ------------------------
C:   00000059  __mcs51_genXINIT                   

ASxxxx Linker V03.00/V05.40 + sdld,  page 18.
Hexadecimal  [32-Bits]

Area                                    Addr        Size        Decimal Bytes (Attributes)
--------------------------------        ----        ----        ------- ----- ------------
GSINIT4                             0000007B    0000002A =          42. bytes (REL,CON,CODE)

      Value  Global                              Global Defined In Module
      -----  --------------------------------   ------------------------
C:   0000007B  __mcs51_genRAMCLEAR                
C:   00000081  __mcs51_genXRAMCLEAR               

ASxxxx Linker V03.00/V05.40 + sdld,  page 19.
Hexadecimal  [32-Bits]

Area                                    Addr        Size        Decimal Bytes (Attributes)
--------------------------------        ----        ----        ------- ----- ------------
GSFINAL                             000000A5    00000003 =           3. bytes (REL,CON,CODE)

      Value  Global                              Global Defined In Module
      -----  --------------------------------   ------------------------
ASxxxx Linker V03.00/V05.40 + sdld,  page 20.
Hexadecimal  [32-Bits]

Area                                    Addr        Size        Decimal Bytes (Attributes)
--------------------------------        ----        ----        ------- ----- ------------
CSEG                                000000A8    000015AF =        5551. bytes (REL,CON,CODE)

      Value  Global                              Global Defined In Module
      -----  --------------------------------   ------------------------
C:   000000A8  _UART1_TxU16                       main
C:   0000014D  _main                              main
C:   000001ED  _ADC_Convert                       fw_adc
C:   000001FE  _ADC_ConvertHP                     fw_adc
C:   0000021D  _I2C_Write                         fw_i2c
C:   0000033A  _I2C_Read                          fw_i2c
C:   000004D4  _I2C_Write16BitAddr                fw_i2c
C:   0000062A  _I2C_Read16BitAddr                 fw_i2c
C:   000007FD  _MEM_SelectWorkRegGroup            fw_mem
C:   00000814  _MEM_SetOnchipExtRAM               fw_mem
C:   00000826  _MEM_ReadChipID                    fw_mem
C:   0000087E  _SPI_TxRx                          fw_spi
C:   00000893  _SPI_TxRxBytes                     fw_spi
C:   00000901  _SYS_SetClock                      fw_sys
C:   0000094E  _SYS_TrimClock                     fw_sys
C:   00000971  _SYS_Delay                         fw_sys
C:   000009B1  _SYS_DelayUs                       fw_sys
C:   000009E6  _TIM_Timer0n1_CalculateInitValue   fw_tim
C:   00000A99  _TIM_Timer0_Config                 fw_tim
C:   00000B0F  _TIM_Timer1_Config                 fw_tim
C:   00000B8A  __TIM_Timer234_InitValueCalculat   fw_tim
C:   00000C4A  _TIM_Timer2_Config                 fw_tim
C:   00000C9F  _TIM_Timer3_Config                 fw_tim
C:   00000D02  _TIM_Timer4_Config                 fw_tim
C:   00000D68  _UART_Timer_InitValueCalculate     fw_uart
C:   00000E3A  __UART1_ConfigDynUart              fw_uart
C:   00000E92  _UART1_Config8bitUart              fw_uart
C:   00000EEC  _UART1_Config9bitUart              fw_uart
C:   00000F46  _UART1_TxChar                      fw_uart
C:   00000F55  _UART1_TxHex                       fw_uart
C:   00000F79  _UART1_TxString                    fw_uart
C:   00000FCF  _putchar                           fw_uart
C:   00000FEE  _UART2_Config                      fw_uart
C:   00001047  _UART2_TxChar                      fw_uart
C:   00001059  _UART2_TxHex                       fw_uart
C:   0000107D  _UART2_TxString                    fw_uart
C:   000010D3  _UART3_ConfigOnTimer2              fw_uart
C:   00001132  _UART3_ConfigOnTimer3              fw_uart
C:   00001191  _UART4_ConfigOnTimer2              fw_uart
C:   000011F0  _UART4_ConfigOnTimer4              fw_uart
C:   00001252  _USB_ReadReg                       fw_usb
C:   0000126E  _USB_WriteReg                      fw_usb
C:   00001288  _USB_ReadFIFO                      fw_usb
C:   000012E1  _USB_WriteFIFO                     fw_usb
C:   0000132F  _UTIL_Uart1_24M_9600_Init          fw_util
C:   00001346  _UTIL_Uart1_24M_115200_Init        fw_util
C:   0000135D  _UTIL_Uart1_33M1776_9600_Init      fw_util
C:   00001374  _UTIL_Uart1_33M1776_115200_Init    fw_util
C:   0000138B  _UTIL_Uart1_35M_9600_Init          fw_util
C:   000013A2  _UTIL_Uart1_36M864_9600_Init       fw_util
ASxxxx Linker V03.00/V05.40 + sdld,  page 21.
Hexadecimal  [32-Bits]

Area                                    Addr        Size        Decimal Bytes (Attributes)
--------------------------------        ----        ----        ------- ----- ------------
CSEG                                000000A8    000015AF =        5551. bytes (REL,CON,CODE)

      Value  Global                              Global Defined In Module
      -----  --------------------------------   ------------------------
C:   000013B9  _UTIL_Uart1_36M864_115200_Init     fw_util
C:   000013D0  __divuint                          _divuint
C:   0000145D  __divulong                         _divulong
C:   00001551  __gptrput                          _gptrput
C:   0000156C  __mulint                           _mulint
C:   0000158C  __moduint                          _moduint
C:   00001637  __gptrget                          _gptrget
C:   00001653  ___sdcc_external_startup           _startup

ASxxxx Linker V03.00/V05.40 + sdld,  page 22.
Hexadecimal  [32-Bits]

Area                                    Addr        Size        Decimal Bytes (Attributes)
--------------------------------        ----        ----        ------- ----- ------------
CONST                               00001657    00000023 =          35. bytes (REL,CON,CODE)

      Value  Global                              Global Defined In Module
      -----  --------------------------------   ------------------------
C:   00001667  _ticks_ms                          fw_sys
C:   00001669  _ticks_us                          fw_sys
C:   0000166A  _HEX_TABLE                         fw_util
ASxxxx Linker V03.00/V05.40 + sdld,  page 23.

Files Linked                              [ module(s) ]

main.rel                                  [  ]
fw_adc.rel                                [  ]
fw_i2c.rel                                [  ]
fw_mem.rel                                [  ]
fw_spi.rel                                [  ]
fw_sys.rel                                [  ]
fw_tim.rel                                [  ]
fw_uart.rel                               [  ]
fw_usb.rel                                [  ]
fw_util.rel                               [  ]


Libraries Linked                          [ object file ]

C:\Program Files\SDCC\bin\..\lib\large/libint.lib
                                          [ _divuint.rel ]
C:\Program Files\SDCC\bin\..\lib\large/liblong.lib
                                          [ _divulong.rel ]
C:\Program Files\SDCC\bin\..\lib\large/mcs51.lib
                                          [ crtclear.rel ]
C:\Program Files\SDCC\bin\..\lib\large/mcs51.lib
                                          [ crtxinit.rel ]
C:\Program Files\SDCC\bin\..\lib\large/libsdcc.lib
                                          [ _gptrput.rel ]
C:\Program Files\SDCC\bin\..\lib\large/libint.lib
                                          [ _mulint.rel ]
C:\Program Files\SDCC\bin\..\lib\large/libint.lib
                                          [ _moduint.rel ]
C:\Program Files\SDCC\bin\..\lib\large/mcs51.lib
                                          [ crtxclear.rel ]
C:\Program Files\SDCC\bin\..\lib\large/mcs51.lib
                                          [ crtpagesfr.rel ]
C:\Program Files\SDCC\bin\..\lib\large/mcs51.lib
                                          [ crtstart.rel ]
C:\Program Files\SDCC\bin\..\lib\large/libsdcc.lib
                                          [ _gptrget.rel ]
C:\Program Files\SDCC\bin\..\lib\large/libsdcc.lib
                                          [ _startup.rel ]

ASxxxx Linker V03.00/V05.40 + sdld,  page 24.

User Base Address Definitions

HOME = 0x0000
XSEG = 0x0001
PSEG = 0x0001
ISEG = 0x0000
BSEG = 0x0000

