                                      1 ;--------------------------------------------------------
                                      2 ; File Created by SDCC : free open source ISO C Compiler
                                      3 ; Version 4.5.0 #15242 (MINGW64)
                                      4 ;--------------------------------------------------------
                                      5 	.module uart
                                      6 	
                                      7 	.optsdcc -mmcs51 --model-large
                                      8 ;--------------------------------------------------------
                                      9 ; Public variables in this module
                                     10 ;--------------------------------------------------------
                                     11 	.globl _UART2_ISR
                                     12 	.globl _Timer0_ISR
                                     13 	.globl _UART_ISR
                                     14 	.globl _P77
                                     15 	.globl _P76
                                     16 	.globl _P75
                                     17 	.globl _P74
                                     18 	.globl _P73
                                     19 	.globl _P72
                                     20 	.globl _P71
                                     21 	.globl _P70
                                     22 	.globl _P67
                                     23 	.globl _P66
                                     24 	.globl _P65
                                     25 	.globl _P64
                                     26 	.globl _P63
                                     27 	.globl _P62
                                     28 	.globl _P61
                                     29 	.globl _P60
                                     30 	.globl _P
                                     31 	.globl _F1
                                     32 	.globl _OV
                                     33 	.globl _RS0
                                     34 	.globl _RS1
                                     35 	.globl _F0
                                     36 	.globl _AC
                                     37 	.globl _CY
                                     38 	.globl _P57
                                     39 	.globl _P56
                                     40 	.globl _P55
                                     41 	.globl _P54
                                     42 	.globl _P53
                                     43 	.globl _P52
                                     44 	.globl _P51
                                     45 	.globl _P50
                                     46 	.globl _P47
                                     47 	.globl _P46
                                     48 	.globl _P45
                                     49 	.globl _P44
                                     50 	.globl _P43
                                     51 	.globl _P42
                                     52 	.globl _P41
                                     53 	.globl _P40
                                     54 	.globl _PX0
                                     55 	.globl _PT0
                                     56 	.globl _PX1
                                     57 	.globl _PT1
                                     58 	.globl _PS
                                     59 	.globl _PADC
                                     60 	.globl _PLVD
                                     61 	.globl _PPCA
                                     62 	.globl _P37
                                     63 	.globl _P36
                                     64 	.globl _P35
                                     65 	.globl _P34
                                     66 	.globl _P33
                                     67 	.globl _P32
                                     68 	.globl _P31
                                     69 	.globl _P30
                                     70 	.globl _EX0
                                     71 	.globl _ET0
                                     72 	.globl _EX1
                                     73 	.globl _ET1
                                     74 	.globl _ES
                                     75 	.globl _EADC
                                     76 	.globl _ELVD
                                     77 	.globl _EA
                                     78 	.globl _P27
                                     79 	.globl _P26
                                     80 	.globl _P25
                                     81 	.globl _P24
                                     82 	.globl _P23
                                     83 	.globl _P22
                                     84 	.globl _P21
                                     85 	.globl _P20
                                     86 	.globl _RI
                                     87 	.globl _TI
                                     88 	.globl _RB8
                                     89 	.globl _TB8
                                     90 	.globl _REN
                                     91 	.globl _SM2
                                     92 	.globl _SM1
                                     93 	.globl _SM0
                                     94 	.globl _P17
                                     95 	.globl _P16
                                     96 	.globl _P15
                                     97 	.globl _P14
                                     98 	.globl _P13
                                     99 	.globl _P12
                                    100 	.globl _P11
                                    101 	.globl _P10
                                    102 	.globl _IT0
                                    103 	.globl _IE0
                                    104 	.globl _IT1
                                    105 	.globl _IE1
                                    106 	.globl _TR0
                                    107 	.globl _TF0
                                    108 	.globl _TR1
                                    109 	.globl _TF1
                                    110 	.globl _P07
                                    111 	.globl _P06
                                    112 	.globl _P05
                                    113 	.globl _P04
                                    114 	.globl _P03
                                    115 	.globl _P02
                                    116 	.globl _P01
                                    117 	.globl _P00
                                    118 	.globl _RSTCFG
                                    119 	.globl _USBADR
                                    120 	.globl _IAP_TPS
                                    121 	.globl _USBCON
                                    122 	.globl _AUXINTIF
                                    123 	.globl _IP3H
                                    124 	.globl _USBDAT
                                    125 	.globl _CMPCR2
                                    126 	.globl _CMPCR1
                                    127 	.globl _DPH1
                                    128 	.globl _DPL1
                                    129 	.globl _DPS
                                    130 	.globl _P7M0
                                    131 	.globl _P7M1
                                    132 	.globl _IP3
                                    133 	.globl _ADCCFG
                                    134 	.globl _USBCLK
                                    135 	.globl _VRTRIM
                                    136 	.globl _P7
                                    137 	.globl _B
                                    138 	.globl _P6
                                    139 	.globl _ACC
                                    140 	.globl _T2L
                                    141 	.globl _T2H
                                    142 	.globl _T3L
                                    143 	.globl _T3H
                                    144 	.globl _T4L
                                    145 	.globl _T4H
                                    146 	.globl _T4T3M
                                    147 	.globl _PSW
                                    148 	.globl _SPDAT
                                    149 	.globl _SPCTL
                                    150 	.globl _SPSTAT
                                    151 	.globl _P6M0
                                    152 	.globl _P6M1
                                    153 	.globl _P5M0
                                    154 	.globl _P5M1
                                    155 	.globl _P5
                                    156 	.globl _IAP_CONTR
                                    157 	.globl _IAP_TRIG
                                    158 	.globl _IAP_CMD
                                    159 	.globl _IAP_ADDRL
                                    160 	.globl _IAP_ADDRH
                                    161 	.globl _IAP_DATA
                                    162 	.globl _WDT_CONTR
                                    163 	.globl _P4
                                    164 	.globl _ADC_RESL
                                    165 	.globl _ADC_RES
                                    166 	.globl _ADC_CONTR
                                    167 	.globl _P_SW2
                                    168 	.globl _SADEN
                                    169 	.globl _IP
                                    170 	.globl _IPH
                                    171 	.globl _IP2H
                                    172 	.globl _IP2
                                    173 	.globl _P4M0
                                    174 	.globl _P4M1
                                    175 	.globl _P3M0
                                    176 	.globl _P3M1
                                    177 	.globl _P3
                                    178 	.globl _IE2
                                    179 	.globl _TA
                                    180 	.globl _S3BUF
                                    181 	.globl _S3CON
                                    182 	.globl _WKTCH
                                    183 	.globl _WKTCL
                                    184 	.globl _SADDR
                                    185 	.globl _IE
                                    186 	.globl _P_SW1
                                    187 	.globl _BUS_SPEED
                                    188 	.globl _P2
                                    189 	.globl _IRTRIM
                                    190 	.globl _LIRTRIM
                                    191 	.globl _IRCBAND
                                    192 	.globl _S2BUF
                                    193 	.globl _S2CON
                                    194 	.globl _SBUF
                                    195 	.globl _SCON
                                    196 	.globl _P2M0
                                    197 	.globl _P2M1
                                    198 	.globl _P0M0
                                    199 	.globl _P0M1
                                    200 	.globl _P1M0
                                    201 	.globl _P1M1
                                    202 	.globl _P1
                                    203 	.globl _INTCLKO
                                    204 	.globl _AUXR
                                    205 	.globl _TH1
                                    206 	.globl _TH0
                                    207 	.globl _TL1
                                    208 	.globl _TL0
                                    209 	.globl _TMOD
                                    210 	.globl _TCON
                                    211 	.globl _PCON
                                    212 	.globl _S4BUF
                                    213 	.globl _S4CON
                                    214 	.globl _DPH
                                    215 	.globl _DPL
                                    216 	.globl _SP
                                    217 	.globl _P0
                                    218 	.globl _mb_frame_ready
                                    219 	.globl _mb_idx
                                    220 	.globl _UART2_SendBuffer_PARM_2
                                    221 	.globl _UART_SendBuffer_PARM_2
                                    222 	.globl _mb_buf
                                    223 	.globl _UART_Init
                                    224 	.globl _UART_SendChar
                                    225 	.globl _UART_SendBuffer
                                    226 	.globl _UART_SendString
                                    227 	.globl _UART_SendInt
                                    228 	.globl _UART_SendLong
                                    229 	.globl _UART_CheckRx
                                    230 	.globl _UART_GetRxChar
                                    231 	.globl _UART2_Init
                                    232 	.globl _UART2_SendChar
                                    233 	.globl _UART2_SendBuffer
                                    234 ;--------------------------------------------------------
                                    235 ; special function registers
                                    236 ;--------------------------------------------------------
                                    237 	.area RSEG    (ABS,DATA)
      000000                        238 	.org 0x0000
                           000080   239 _P0	=	0x0080
                           000081   240 _SP	=	0x0081
                           000082   241 _DPL	=	0x0082
                           000083   242 _DPH	=	0x0083
                           000084   243 _S4CON	=	0x0084
                           000085   244 _S4BUF	=	0x0085
                           000087   245 _PCON	=	0x0087
                           000088   246 _TCON	=	0x0088
                           000089   247 _TMOD	=	0x0089
                           00008A   248 _TL0	=	0x008a
                           00008B   249 _TL1	=	0x008b
                           00008C   250 _TH0	=	0x008c
                           00008D   251 _TH1	=	0x008d
                           00008E   252 _AUXR	=	0x008e
                           00008F   253 _INTCLKO	=	0x008f
                           000090   254 _P1	=	0x0090
                           000091   255 _P1M1	=	0x0091
                           000092   256 _P1M0	=	0x0092
                           000093   257 _P0M1	=	0x0093
                           000094   258 _P0M0	=	0x0094
                           000095   259 _P2M1	=	0x0095
                           000096   260 _P2M0	=	0x0096
                           000098   261 _SCON	=	0x0098
                           000099   262 _SBUF	=	0x0099
                           00009A   263 _S2CON	=	0x009a
                           00009B   264 _S2BUF	=	0x009b
                           00009D   265 _IRCBAND	=	0x009d
                           00009E   266 _LIRTRIM	=	0x009e
                           00009F   267 _IRTRIM	=	0x009f
                           0000A0   268 _P2	=	0x00a0
                           0000A1   269 _BUS_SPEED	=	0x00a1
                           0000A2   270 _P_SW1	=	0x00a2
                           0000A8   271 _IE	=	0x00a8
                           0000A9   272 _SADDR	=	0x00a9
                           0000AA   273 _WKTCL	=	0x00aa
                           0000AB   274 _WKTCH	=	0x00ab
                           0000AC   275 _S3CON	=	0x00ac
                           0000AD   276 _S3BUF	=	0x00ad
                           0000AE   277 _TA	=	0x00ae
                           0000AF   278 _IE2	=	0x00af
                           0000B0   279 _P3	=	0x00b0
                           0000B1   280 _P3M1	=	0x00b1
                           0000B2   281 _P3M0	=	0x00b2
                           0000B3   282 _P4M1	=	0x00b3
                           0000B4   283 _P4M0	=	0x00b4
                           0000B5   284 _IP2	=	0x00b5
                           0000B6   285 _IP2H	=	0x00b6
                           0000B7   286 _IPH	=	0x00b7
                           0000B8   287 _IP	=	0x00b8
                           0000B9   288 _SADEN	=	0x00b9
                           0000BA   289 _P_SW2	=	0x00ba
                           0000BC   290 _ADC_CONTR	=	0x00bc
                           0000BD   291 _ADC_RES	=	0x00bd
                           0000BE   292 _ADC_RESL	=	0x00be
                           0000C0   293 _P4	=	0x00c0
                           0000C1   294 _WDT_CONTR	=	0x00c1
                           0000C2   295 _IAP_DATA	=	0x00c2
                           0000C3   296 _IAP_ADDRH	=	0x00c3
                           0000C4   297 _IAP_ADDRL	=	0x00c4
                           0000C5   298 _IAP_CMD	=	0x00c5
                           0000C6   299 _IAP_TRIG	=	0x00c6
                           0000C7   300 _IAP_CONTR	=	0x00c7
                           0000C8   301 _P5	=	0x00c8
                           0000C9   302 _P5M1	=	0x00c9
                           0000CA   303 _P5M0	=	0x00ca
                           0000CB   304 _P6M1	=	0x00cb
                           0000CC   305 _P6M0	=	0x00cc
                           0000CD   306 _SPSTAT	=	0x00cd
                           0000CE   307 _SPCTL	=	0x00ce
                           0000CF   308 _SPDAT	=	0x00cf
                           0000D0   309 _PSW	=	0x00d0
                           0000D1   310 _T4T3M	=	0x00d1
                           0000D2   311 _T4H	=	0x00d2
                           0000D3   312 _T4L	=	0x00d3
                           0000D4   313 _T3H	=	0x00d4
                           0000D5   314 _T3L	=	0x00d5
                           0000D6   315 _T2H	=	0x00d6
                           0000D7   316 _T2L	=	0x00d7
                           0000E0   317 _ACC	=	0x00e0
                           0000E8   318 _P6	=	0x00e8
                           0000F0   319 _B	=	0x00f0
                           0000F8   320 _P7	=	0x00f8
                           0000A6   321 _VRTRIM	=	0x00a6
                           0000DC   322 _USBCLK	=	0x00dc
                           0000DE   323 _ADCCFG	=	0x00de
                           0000DF   324 _IP3	=	0x00df
                           0000E1   325 _P7M1	=	0x00e1
                           0000E2   326 _P7M0	=	0x00e2
                           0000E3   327 _DPS	=	0x00e3
                           0000E4   328 _DPL1	=	0x00e4
                           0000E5   329 _DPH1	=	0x00e5
                           0000E6   330 _CMPCR1	=	0x00e6
                           0000E7   331 _CMPCR2	=	0x00e7
                           0000EC   332 _USBDAT	=	0x00ec
                           0000EE   333 _IP3H	=	0x00ee
                           0000EF   334 _AUXINTIF	=	0x00ef
                           0000F4   335 _USBCON	=	0x00f4
                           0000F5   336 _IAP_TPS	=	0x00f5
                           0000FC   337 _USBADR	=	0x00fc
                           0000FF   338 _RSTCFG	=	0x00ff
                                    339 ;--------------------------------------------------------
                                    340 ; special function bits
                                    341 ;--------------------------------------------------------
                                    342 	.area RSEG    (ABS,DATA)
      000000                        343 	.org 0x0000
                           000080   344 _P00	=	0x0080
                           000081   345 _P01	=	0x0081
                           000082   346 _P02	=	0x0082
                           000083   347 _P03	=	0x0083
                           000084   348 _P04	=	0x0084
                           000085   349 _P05	=	0x0085
                           000086   350 _P06	=	0x0086
                           000087   351 _P07	=	0x0087
                           00008F   352 _TF1	=	0x008f
                           00008E   353 _TR1	=	0x008e
                           00008D   354 _TF0	=	0x008d
                           00008C   355 _TR0	=	0x008c
                           00008B   356 _IE1	=	0x008b
                           00008A   357 _IT1	=	0x008a
                           000089   358 _IE0	=	0x0089
                           000088   359 _IT0	=	0x0088
                           000090   360 _P10	=	0x0090
                           000091   361 _P11	=	0x0091
                           000092   362 _P12	=	0x0092
                           000093   363 _P13	=	0x0093
                           000094   364 _P14	=	0x0094
                           000095   365 _P15	=	0x0095
                           000096   366 _P16	=	0x0096
                           000097   367 _P17	=	0x0097
                           00009F   368 _SM0	=	0x009f
                           00009E   369 _SM1	=	0x009e
                           00009D   370 _SM2	=	0x009d
                           00009C   371 _REN	=	0x009c
                           00009B   372 _TB8	=	0x009b
                           00009A   373 _RB8	=	0x009a
                           000099   374 _TI	=	0x0099
                           000098   375 _RI	=	0x0098
                           0000A0   376 _P20	=	0x00a0
                           0000A1   377 _P21	=	0x00a1
                           0000A2   378 _P22	=	0x00a2
                           0000A3   379 _P23	=	0x00a3
                           0000A4   380 _P24	=	0x00a4
                           0000A5   381 _P25	=	0x00a5
                           0000A6   382 _P26	=	0x00a6
                           0000A7   383 _P27	=	0x00a7
                           0000AF   384 _EA	=	0x00af
                           0000AE   385 _ELVD	=	0x00ae
                           0000AD   386 _EADC	=	0x00ad
                           0000AC   387 _ES	=	0x00ac
                           0000AB   388 _ET1	=	0x00ab
                           0000AA   389 _EX1	=	0x00aa
                           0000A9   390 _ET0	=	0x00a9
                           0000A8   391 _EX0	=	0x00a8
                           0000B0   392 _P30	=	0x00b0
                           0000B1   393 _P31	=	0x00b1
                           0000B2   394 _P32	=	0x00b2
                           0000B3   395 _P33	=	0x00b3
                           0000B4   396 _P34	=	0x00b4
                           0000B5   397 _P35	=	0x00b5
                           0000B6   398 _P36	=	0x00b6
                           0000B7   399 _P37	=	0x00b7
                           0000BF   400 _PPCA	=	0x00bf
                           0000BE   401 _PLVD	=	0x00be
                           0000BD   402 _PADC	=	0x00bd
                           0000BC   403 _PS	=	0x00bc
                           0000BB   404 _PT1	=	0x00bb
                           0000BA   405 _PX1	=	0x00ba
                           0000B9   406 _PT0	=	0x00b9
                           0000B8   407 _PX0	=	0x00b8
                           0000C0   408 _P40	=	0x00c0
                           0000C1   409 _P41	=	0x00c1
                           0000C2   410 _P42	=	0x00c2
                           0000C3   411 _P43	=	0x00c3
                           0000C4   412 _P44	=	0x00c4
                           0000C5   413 _P45	=	0x00c5
                           0000C6   414 _P46	=	0x00c6
                           0000C7   415 _P47	=	0x00c7
                           0000C8   416 _P50	=	0x00c8
                           0000C9   417 _P51	=	0x00c9
                           0000CA   418 _P52	=	0x00ca
                           0000CB   419 _P53	=	0x00cb
                           0000CC   420 _P54	=	0x00cc
                           0000CD   421 _P55	=	0x00cd
                           0000CE   422 _P56	=	0x00ce
                           0000CF   423 _P57	=	0x00cf
                           0000D7   424 _CY	=	0x00d7
                           0000D6   425 _AC	=	0x00d6
                           0000D5   426 _F0	=	0x00d5
                           0000D4   427 _RS1	=	0x00d4
                           0000D3   428 _RS0	=	0x00d3
                           0000D2   429 _OV	=	0x00d2
                           0000D1   430 _F1	=	0x00d1
                           0000D0   431 _P	=	0x00d0
                           0000E8   432 _P60	=	0x00e8
                           0000E9   433 _P61	=	0x00e9
                           0000EA   434 _P62	=	0x00ea
                           0000EB   435 _P63	=	0x00eb
                           0000EC   436 _P64	=	0x00ec
                           0000ED   437 _P65	=	0x00ed
                           0000EE   438 _P66	=	0x00ee
                           0000EF   439 _P67	=	0x00ef
                           0000F8   440 _P70	=	0x00f8
                           0000F9   441 _P71	=	0x00f9
                           0000FA   442 _P72	=	0x00fa
                           0000FB   443 _P73	=	0x00fb
                           0000FC   444 _P74	=	0x00fc
                           0000FD   445 _P75	=	0x00fd
                           0000FE   446 _P76	=	0x00fe
                           0000FF   447 _P77	=	0x00ff
                                    448 ;--------------------------------------------------------
                                    449 ; overlayable register banks
                                    450 ;--------------------------------------------------------
                                    451 	.area REG_BANK_0	(REL,OVR,DATA)
      000000                        452 	.ds 8
                                    453 ;--------------------------------------------------------
                                    454 ; internal ram data
                                    455 ;--------------------------------------------------------
                                    456 	.area DSEG    (DATA)
      000000                        457 _UART_SendLong_sloc0_1_0:
      000000                        458 	.ds 2
      000002                        459 _UART_SendLong_sloc1_1_0:
      000002                        460 	.ds 1
                                    461 ;--------------------------------------------------------
                                    462 ; overlayable items in internal ram
                                    463 ;--------------------------------------------------------
                                    464 ;--------------------------------------------------------
                                    465 ; indirectly addressable internal ram data
                                    466 ;--------------------------------------------------------
                                    467 	.area ISEG    (DATA)
                                    468 ;--------------------------------------------------------
                                    469 ; absolute internal ram data
                                    470 ;--------------------------------------------------------
                                    471 	.area IABS    (ABS,DATA)
                                    472 	.area IABS    (ABS,DATA)
                                    473 ;--------------------------------------------------------
                                    474 ; bit data
                                    475 ;--------------------------------------------------------
                                    476 	.area BSEG    (BIT)
                                    477 ;--------------------------------------------------------
                                    478 ; paged external ram data
                                    479 ;--------------------------------------------------------
                                    480 	.area PSEG    (PAG,XDATA)
                                    481 ;--------------------------------------------------------
                                    482 ; uninitialized external ram data
                                    483 ;--------------------------------------------------------
                                    484 	.area XSEG    (XDATA)
      000000                        485 _mb_buf::
      000000                        486 	.ds 64
      000040                        487 _UART_ISR_b_20000_71:
      000040                        488 	.ds 1
      000041                        489 _UART_SendChar_c_10000_79:
      000041                        490 	.ds 1
      000042                        491 _UART_SendBuffer_PARM_2:
      000042                        492 	.ds 2
      000044                        493 _UART_SendBuffer_dat_10000_81:
      000044                        494 	.ds 3
      000047                        495 _UART_SendString_s_10000_84:
      000047                        496 	.ds 3
      00004A                        497 _UART_SendInt_n_10000_86:
      00004A                        498 	.ds 2
      00004C                        499 _UART_SendInt_buf_10000_87:
      00004C                        500 	.ds 6
      000052                        501 _UART_SendLong_n_10000_90:
      000052                        502 	.ds 4
      000056                        503 _UART_SendLong_buf_10000_91:
      000056                        504 	.ds 12
      000062                        505 _UART_SendLong_v_10000_91:
      000062                        506 	.ds 4
      000066                        507 _UART2_ISR_b_20000_104:
      000066                        508 	.ds 1
      000067                        509 _UART2_SendChar_c_10000_110:
      000067                        510 	.ds 1
      000068                        511 _UART2_SendBuffer_PARM_2:
      000068                        512 	.ds 1
      000069                        513 _UART2_SendBuffer_buf_10000_112:
      000069                        514 	.ds 3
                                    515 ;--------------------------------------------------------
                                    516 ; absolute external ram data
                                    517 ;--------------------------------------------------------
                                    518 	.area XABS    (ABS,XDATA)
                                    519 ;--------------------------------------------------------
                                    520 ; initialized external ram data
                                    521 ;--------------------------------------------------------
                                    522 	.area XISEG   (XDATA)
      000000                        523 _mb_idx::
      000000                        524 	.ds 1
      000001                        525 _mb_frame_ready::
      000001                        526 	.ds 1
                                    527 	.area HOME    (CODE)
                                    528 	.area GSINIT0 (CODE)
                                    529 	.area GSINIT1 (CODE)
                                    530 	.area GSINIT2 (CODE)
                                    531 	.area GSINIT3 (CODE)
                                    532 	.area GSINIT4 (CODE)
                                    533 	.area GSINIT5 (CODE)
                                    534 	.area GSINIT  (CODE)
                                    535 	.area GSFINAL (CODE)
                                    536 	.area CSEG    (CODE)
                                    537 ;--------------------------------------------------------
                                    538 ; global & static initialisations
                                    539 ;--------------------------------------------------------
                                    540 	.area HOME    (CODE)
                                    541 	.area GSINIT  (CODE)
                                    542 	.area GSFINAL (CODE)
                                    543 	.area GSINIT  (CODE)
                                    544 ;--------------------------------------------------------
                                    545 ; Home
                                    546 ;--------------------------------------------------------
                                    547 	.area HOME    (CODE)
                                    548 	.area HOME    (CODE)
                                    549 ;--------------------------------------------------------
                                    550 ; code
                                    551 ;--------------------------------------------------------
                                    552 	.area CSEG    (CODE)
                                    553 ;------------------------------------------------------------
                                    554 ;Allocation info for local variables in function 'UART_Init'
                                    555 ;------------------------------------------------------------
                                    556 ;	.\FwLib_STC8\user\uart.c:18: void UART_Init(void)
                                    557 ;	-----------------------------------------
                                    558 ;	 function UART_Init
                                    559 ;	-----------------------------------------
      000000                        560 _UART_Init:
                           000007   561 	ar7 = 0x07
                           000006   562 	ar6 = 0x06
                           000005   563 	ar5 = 0x05
                           000004   564 	ar4 = 0x04
                           000003   565 	ar3 = 0x03
                           000002   566 	ar2 = 0x02
                           000001   567 	ar1 = 0x01
                           000000   568 	ar0 = 0x00
                                    569 ;	.\FwLib_STC8\user\uart.c:21: SCON = 0x50;
      000000 75 98 50         [24]  570 	mov	_SCON,#0x50
                                    571 ;	.\FwLib_STC8\user\uart.c:22: AUXR |= 0x01;   // Serial 1 selects Timer 2 as baud rate generator
      000003 43 8E 01         [24]  572 	orl	_AUXR,#0x01
                                    573 ;	.\FwLib_STC8\user\uart.c:23: AUXR |= 0x04;   // Timer 2 in 1T mode
      000006 43 8E 04         [24]  574 	orl	_AUXR,#0x04
                                    575 ;	.\FwLib_STC8\user\uart.c:24: T2H = 0xFD; T2L = 0xC0;
      000009 75 D6 FD         [24]  576 	mov	_T2H,#0xfd
      00000C 75 D7 C0         [24]  577 	mov	_T2L,#0xc0
                                    578 ;	.\FwLib_STC8\user\uart.c:25: AUXR |= 0x10;   // Start Timer 2
      00000F 43 8E 10         [24]  579 	orl	_AUXR,#0x10
                                    580 ;	.\FwLib_STC8\user\uart.c:26: P_SW1 &= ~0xC0; // Select Pins P3.0/P3.1
      000012 53 A2 3F         [24]  581 	anl	_P_SW1,#0x3f
                                    582 ;	.\FwLib_STC8\user\uart.c:29: TMOD &= 0xF0;   // Timer 0 in Mode 0 (16-bit auto-reload)
      000015 53 89 F0         [24]  583 	anl	_TMOD,#0xf0
                                    584 ;	.\FwLib_STC8\user\uart.c:30: AUXR |= 0x80;   // Timer 0 in 1T mode
      000018 43 8E 80         [24]  585 	orl	_AUXR,#0x80
                                    586 ;	.\FwLib_STC8\user\uart.c:32: TH0 = T0_RELOAD_H; 
      00001B 75 8C 20         [24]  587 	mov	_TH0,#0x20
                                    588 ;	.\FwLib_STC8\user\uart.c:33: TL0 = T0_RELOAD_L;
      00001E 75 8A 00         [24]  589 	mov	_TL0,#0x00
                                    590 ;	.\FwLib_STC8\user\uart.c:35: TF0 = 0;        // Clear overflow flag
                                    591 ;	assignBit
      000021 C2 8D            [12]  592 	clr	_TF0
                                    593 ;	.\FwLib_STC8\user\uart.c:36: ET0 = 1;        // Enable Timer 0 interrupt
                                    594 ;	assignBit
      000023 D2 A9            [12]  595 	setb	_ET0
                                    596 ;	.\FwLib_STC8\user\uart.c:37: TR0 = 0;        // Keep off until first byte arrives
                                    597 ;	assignBit
      000025 C2 8C            [12]  598 	clr	_TR0
                                    599 ;	.\FwLib_STC8\user\uart.c:38: }
      000027 22               [24]  600 	ret
                                    601 ;------------------------------------------------------------
                                    602 ;Allocation info for local variables in function 'Modbus_ResetSilentTimer'
                                    603 ;------------------------------------------------------------
                                    604 ;	.\FwLib_STC8\user\uart.c:40: static inline void Modbus_ResetSilentTimer(void)
                                    605 ;	-----------------------------------------
                                    606 ;	 function Modbus_ResetSilentTimer
                                    607 ;	-----------------------------------------
      000028                        608 _Modbus_ResetSilentTimer:
                                    609 ;	.\FwLib_STC8\user\uart.c:42: TR0 = 0;        // Stop
                                    610 ;	assignBit
      000028 C2 8C            [12]  611 	clr	_TR0
                                    612 ;	.\FwLib_STC8\user\uart.c:43: TH0 = T0_RELOAD_H; 
      00002A 75 8C 20         [24]  613 	mov	_TH0,#0x20
                                    614 ;	.\FwLib_STC8\user\uart.c:44: TL0 = T0_RELOAD_L; 
      00002D 75 8A 00         [24]  615 	mov	_TL0,#0x00
                                    616 ;	.\FwLib_STC8\user\uart.c:45: TF0 = 0;        // Clear flag
                                    617 ;	assignBit
      000030 C2 8D            [12]  618 	clr	_TF0
                                    619 ;	.\FwLib_STC8\user\uart.c:46: TR0 = 1;        // Restart
                                    620 ;	assignBit
      000032 D2 8C            [12]  621 	setb	_TR0
                                    622 ;	.\FwLib_STC8\user\uart.c:47: }
      000034 22               [24]  623 	ret
                                    624 ;------------------------------------------------------------
                                    625 ;Allocation info for local variables in function 'UART_ISR'
                                    626 ;------------------------------------------------------------
                                    627 ;b             Allocated with name '_UART_ISR_b_20000_71'
                                    628 ;------------------------------------------------------------
                                    629 ;	.\FwLib_STC8\user\uart.c:52: void UART_ISR(void) __interrupt(4)
                                    630 ;	-----------------------------------------
                                    631 ;	 function UART_ISR
                                    632 ;	-----------------------------------------
      000035                        633 _UART_ISR:
      000035 C0 E0            [24]  634 	push	acc
      000037 C0 82            [24]  635 	push	dpl
      000039 C0 83            [24]  636 	push	dph
      00003B C0 07            [24]  637 	push	ar7
      00003D C0 06            [24]  638 	push	ar6
      00003F C0 05            [24]  639 	push	ar5
      000041 C0 D0            [24]  640 	push	psw
      000043 75 D0 00         [24]  641 	mov	psw,#0x00
                                    642 ;	.\FwLib_STC8\user\uart.c:54: if (RI) 
      000046 30 98 36         [24]  643 	jnb	_RI,00106$
                                    644 ;	.\FwLib_STC8\user\uart.c:56: uint8_t b = SBUF; 
      000049 90r00r40         [24]  645 	mov	dptr,#_UART_ISR_b_20000_71
      00004C E5 99            [12]  646 	mov	a,_SBUF
      00004E F0               [24]  647 	movx	@dptr,a
                                    648 ;	.\FwLib_STC8\user\uart.c:57: RI = 0; 
                                    649 ;	assignBit
      00004F C2 98            [12]  650 	clr	_RI
                                    651 ;	.\FwLib_STC8\user\uart.c:59: if (mb_idx < sizeof(mb_buf)) 
      000051 90r00r00         [24]  652 	mov	dptr,#_mb_idx
      000054 E0               [24]  653 	movx	a,@dptr
      000055 FF               [12]  654 	mov	r7,a
      000056 BF 40 00         [24]  655 	cjne	r7,#0x40,00121$
      000059                        656 00121$:
      000059 50 18            [24]  657 	jnc	00102$
                                    658 ;	.\FwLib_STC8\user\uart.c:61: mb_buf[mb_idx++] = b;
      00005B 90r00r00         [24]  659 	mov	dptr,#_mb_idx
      00005E E0               [24]  660 	movx	a,@dptr
      00005F FF               [12]  661 	mov	r7,a
      000060 04               [12]  662 	inc	a
      000061 F0               [24]  663 	movx	@dptr,a
      000062 EF               [12]  664 	mov	a,r7
      000063 24r00            [12]  665 	add	a, #_mb_buf
      000065 FF               [12]  666 	mov	r7,a
      000066 E4               [12]  667 	clr	a
      000067 34s00            [12]  668 	addc	a, #(_mb_buf >> 8)
      000069 FE               [12]  669 	mov	r6,a
      00006A 90r00r40         [24]  670 	mov	dptr,#_UART_ISR_b_20000_71
      00006D E0               [24]  671 	movx	a,@dptr
      00006E 8F 82            [24]  672 	mov	dpl,r7
      000070 8E 83            [24]  673 	mov	dph,r6
      000072 F0               [24]  674 	movx	@dptr,a
      000073                        675 00102$:
                                    676 ;	.\FwLib_STC8\user\uart.c:42: TR0 = 0;        // Stop
                                    677 ;	assignBit
      000073 C2 8C            [12]  678 	clr	_TR0
                                    679 ;	.\FwLib_STC8\user\uart.c:43: TH0 = T0_RELOAD_H; 
      000075 75 8C 20         [24]  680 	mov	_TH0,#0x20
                                    681 ;	.\FwLib_STC8\user\uart.c:44: TL0 = T0_RELOAD_L; 
      000078 75 8A 00         [24]  682 	mov	_TL0,#0x00
                                    683 ;	.\FwLib_STC8\user\uart.c:45: TF0 = 0;        // Clear flag
                                    684 ;	assignBit
      00007B C2 8D            [12]  685 	clr	_TF0
                                    686 ;	.\FwLib_STC8\user\uart.c:46: TR0 = 1;        // Restart
                                    687 ;	assignBit
      00007D D2 8C            [12]  688 	setb	_TR0
                                    689 ;	.\FwLib_STC8\user\uart.c:63: Modbus_ResetSilentTimer(); // Re-trigger silence countdown
      00007F                        690 00106$:
                                    691 ;	.\FwLib_STC8\user\uart.c:67: }
      00007F D0 D0            [24]  692 	pop	psw
      000081 D0 05            [24]  693 	pop	ar5
      000083 D0 06            [24]  694 	pop	ar6
      000085 D0 07            [24]  695 	pop	ar7
      000087 D0 83            [24]  696 	pop	dph
      000089 D0 82            [24]  697 	pop	dpl
      00008B D0 E0            [24]  698 	pop	acc
      00008D 32               [24]  699 	reti
                                    700 ;	eliminated unneeded push/pop b
                                    701 ;------------------------------------------------------------
                                    702 ;Allocation info for local variables in function 'Timer0_ISR'
                                    703 ;------------------------------------------------------------
                                    704 ;	.\FwLib_STC8\user\uart.c:70: void Timer0_ISR(void) __interrupt(1)
                                    705 ;	-----------------------------------------
                                    706 ;	 function Timer0_ISR
                                    707 ;	-----------------------------------------
      00008E                        708 _Timer0_ISR:
      00008E C0 E0            [24]  709 	push	acc
      000090 C0 82            [24]  710 	push	dpl
      000092 C0 83            [24]  711 	push	dph
                                    712 ;	.\FwLib_STC8\user\uart.c:72: TR0 = 0;    // Stop timer
                                    713 ;	assignBit
      000094 C2 8C            [12]  714 	clr	_TR0
                                    715 ;	.\FwLib_STC8\user\uart.c:73: TF0 = 0;    // Clear flag
                                    716 ;	assignBit
      000096 C2 8D            [12]  717 	clr	_TF0
                                    718 ;	.\FwLib_STC8\user\uart.c:75: if (mb_idx > 0)
      000098 90r00r00         [24]  719 	mov	dptr,#_mb_idx
      00009B E0               [24]  720 	movx	a,@dptr
      00009C 60 06            [24]  721 	jz	00103$
                                    722 ;	.\FwLib_STC8\user\uart.c:77: mb_frame_ready = 1; // Notify main loop to parse mb_buf
      00009E 90r00r01         [24]  723 	mov	dptr,#_mb_frame_ready
      0000A1 74 01            [12]  724 	mov	a,#0x01
      0000A3 F0               [24]  725 	movx	@dptr,a
      0000A4                        726 00103$:
                                    727 ;	.\FwLib_STC8\user\uart.c:79: }
      0000A4 D0 83            [24]  728 	pop	dph
      0000A6 D0 82            [24]  729 	pop	dpl
      0000A8 D0 E0            [24]  730 	pop	acc
      0000AA 32               [24]  731 	reti
                                    732 ;	eliminated unneeded mov psw,# (no regs used in bank)
                                    733 ;	eliminated unneeded push/pop not_psw
                                    734 ;	eliminated unneeded push/pop b
                                    735 ;------------------------------------------------------------
                                    736 ;Allocation info for local variables in function 'UART_SendChar'
                                    737 ;------------------------------------------------------------
                                    738 ;c             Allocated with name '_UART_SendChar_c_10000_79'
                                    739 ;------------------------------------------------------------
                                    740 ;	.\FwLib_STC8\user\uart.c:83: void UART_SendChar(char c)
                                    741 ;	-----------------------------------------
                                    742 ;	 function UART_SendChar
                                    743 ;	-----------------------------------------
      0000AB                        744 _UART_SendChar:
      0000AB E5 82            [12]  745 	mov	a,dpl
      0000AD 90r00r41         [24]  746 	mov	dptr,#_UART_SendChar_c_10000_79
      0000B0 F0               [24]  747 	movx	@dptr,a
                                    748 ;	.\FwLib_STC8\user\uart.c:85: TI = 0;         // Ensure flag is clear
                                    749 ;	assignBit
      0000B1 C2 99            [12]  750 	clr	_TI
                                    751 ;	.\FwLib_STC8\user\uart.c:86: SBUF = c;
      0000B3 90r00r41         [24]  752 	mov	dptr,#_UART_SendChar_c_10000_79
      0000B6 E0               [24]  753 	movx	a,@dptr
      0000B7 F5 99            [12]  754 	mov	_SBUF,a
                                    755 ;	.\FwLib_STC8\user\uart.c:87: while (!TI);    // Wait for hardware to finish
      0000B9                        756 00101$:
                                    757 ;	.\FwLib_STC8\user\uart.c:88: TI = 0;         // Clear flag for next byte
                                    758 ;	assignBit
      0000B9 10 99 02         [24]  759 	jbc	_TI,00118$
      0000BC 80 FB            [24]  760 	sjmp	00101$
      0000BE                        761 00118$:
                                    762 ;	.\FwLib_STC8\user\uart.c:89: }
      0000BE 22               [24]  763 	ret
                                    764 ;------------------------------------------------------------
                                    765 ;Allocation info for local variables in function 'UART_SendBuffer'
                                    766 ;------------------------------------------------------------
                                    767 ;len           Allocated with name '_UART_SendBuffer_PARM_2'
                                    768 ;dat           Allocated with name '_UART_SendBuffer_dat_10000_81'
                                    769 ;------------------------------------------------------------
                                    770 ;	.\FwLib_STC8\user\uart.c:91: void UART_SendBuffer(uint8_t *dat, uint16_t len)
                                    771 ;	-----------------------------------------
                                    772 ;	 function UART_SendBuffer
                                    773 ;	-----------------------------------------
      0000BF                        774 _UART_SendBuffer:
      0000BF AF F0            [24]  775 	mov	r7,b
      0000C1 AE 83            [24]  776 	mov	r6,dph
      0000C3 E5 82            [12]  777 	mov	a,dpl
      0000C5 90r00r44         [24]  778 	mov	dptr,#_UART_SendBuffer_dat_10000_81
      0000C8 F0               [24]  779 	movx	@dptr,a
      0000C9 EE               [12]  780 	mov	a,r6
      0000CA A3               [24]  781 	inc	dptr
      0000CB F0               [24]  782 	movx	@dptr,a
      0000CC EF               [12]  783 	mov	a,r7
      0000CD A3               [24]  784 	inc	dptr
      0000CE F0               [24]  785 	movx	@dptr,a
                                    786 ;	.\FwLib_STC8\user\uart.c:93: ES = 0;         // Disable UART interrupt to prevent TI deadlock
                                    787 ;	assignBit
      0000CF C2 AC            [12]  788 	clr	_ES
                                    789 ;	.\FwLib_STC8\user\uart.c:94: while (len--)
      0000D1 90r00r44         [24]  790 	mov	dptr,#_UART_SendBuffer_dat_10000_81
      0000D4 E0               [24]  791 	movx	a,@dptr
      0000D5 FD               [12]  792 	mov	r5,a
      0000D6 A3               [24]  793 	inc	dptr
      0000D7 E0               [24]  794 	movx	a,@dptr
      0000D8 FE               [12]  795 	mov	r6,a
      0000D9 A3               [24]  796 	inc	dptr
      0000DA E0               [24]  797 	movx	a,@dptr
      0000DB FF               [12]  798 	mov	r7,a
      0000DC 90r00r42         [24]  799 	mov	dptr,#_UART_SendBuffer_PARM_2
      0000DF E0               [24]  800 	movx	a,@dptr
      0000E0 FB               [12]  801 	mov	r3,a
      0000E1 A3               [24]  802 	inc	dptr
      0000E2 E0               [24]  803 	movx	a,@dptr
      0000E3 FC               [12]  804 	mov	r4,a
      0000E4                        805 00101$:
      0000E4 8B 01            [24]  806 	mov	ar1,r3
      0000E6 8C 02            [24]  807 	mov	ar2,r4
      0000E8 1B               [12]  808 	dec	r3
      0000E9 BB FF 01         [24]  809 	cjne	r3,#0xff,00119$
      0000EC 1C               [12]  810 	dec	r4
      0000ED                        811 00119$:
      0000ED E9               [12]  812 	mov	a,r1
      0000EE 4A               [12]  813 	orl	a,r2
      0000EF 60 35            [24]  814 	jz	00108$
                                    815 ;	.\FwLib_STC8\user\uart.c:96: UART_SendChar((char)*dat++);
      0000F1 8D 82            [24]  816 	mov	dpl,r5
      0000F3 8E 83            [24]  817 	mov	dph,r6
      0000F5 8F F0            [24]  818 	mov	b,r7
      0000F7 12r00r00         [24]  819 	lcall	__gptrget
      0000FA FA               [12]  820 	mov	r2,a
      0000FB A3               [24]  821 	inc	dptr
      0000FC AD 82            [24]  822 	mov	r5,dpl
      0000FE AE 83            [24]  823 	mov	r6,dph
      000100 90r00r44         [24]  824 	mov	dptr,#_UART_SendBuffer_dat_10000_81
      000103 ED               [12]  825 	mov	a,r5
      000104 F0               [24]  826 	movx	@dptr,a
      000105 EE               [12]  827 	mov	a,r6
      000106 A3               [24]  828 	inc	dptr
      000107 F0               [24]  829 	movx	@dptr,a
      000108 EF               [12]  830 	mov	a,r7
      000109 A3               [24]  831 	inc	dptr
      00010A F0               [24]  832 	movx	@dptr,a
      00010B 8A 82            [24]  833 	mov	dpl, r2
      00010D C0 07            [24]  834 	push	ar7
      00010F C0 06            [24]  835 	push	ar6
      000111 C0 05            [24]  836 	push	ar5
      000113 C0 04            [24]  837 	push	ar4
      000115 C0 03            [24]  838 	push	ar3
      000117 12r00rAB         [24]  839 	lcall	_UART_SendChar
      00011A D0 03            [24]  840 	pop	ar3
      00011C D0 04            [24]  841 	pop	ar4
      00011E D0 05            [24]  842 	pop	ar5
      000120 D0 06            [24]  843 	pop	ar6
      000122 D0 07            [24]  844 	pop	ar7
      000124 80 BE            [24]  845 	sjmp	00101$
      000126                        846 00108$:
      000126 90r00r44         [24]  847 	mov	dptr,#_UART_SendBuffer_dat_10000_81
      000129 ED               [12]  848 	mov	a,r5
      00012A F0               [24]  849 	movx	@dptr,a
      00012B EE               [12]  850 	mov	a,r6
      00012C A3               [24]  851 	inc	dptr
      00012D F0               [24]  852 	movx	@dptr,a
      00012E EF               [12]  853 	mov	a,r7
      00012F A3               [24]  854 	inc	dptr
      000130 F0               [24]  855 	movx	@dptr,a
                                    856 ;	.\FwLib_STC8\user\uart.c:98: ES = 1;         // Re-enable
                                    857 ;	assignBit
      000131 D2 AC            [12]  858 	setb	_ES
                                    859 ;	.\FwLib_STC8\user\uart.c:99: }
      000133 22               [24]  860 	ret
                                    861 ;------------------------------------------------------------
                                    862 ;Allocation info for local variables in function 'UART_SendString'
                                    863 ;------------------------------------------------------------
                                    864 ;s             Allocated with name '_UART_SendString_s_10000_84'
                                    865 ;------------------------------------------------------------
                                    866 ;	.\FwLib_STC8\user\uart.c:101: void UART_SendString(char *s)
                                    867 ;	-----------------------------------------
                                    868 ;	 function UART_SendString
                                    869 ;	-----------------------------------------
      000134                        870 _UART_SendString:
      000134 AF F0            [24]  871 	mov	r7,b
      000136 AE 83            [24]  872 	mov	r6,dph
      000138 E5 82            [12]  873 	mov	a,dpl
      00013A 90r00r47         [24]  874 	mov	dptr,#_UART_SendString_s_10000_84
      00013D F0               [24]  875 	movx	@dptr,a
      00013E EE               [12]  876 	mov	a,r6
      00013F A3               [24]  877 	inc	dptr
      000140 F0               [24]  878 	movx	@dptr,a
      000141 EF               [12]  879 	mov	a,r7
      000142 A3               [24]  880 	inc	dptr
      000143 F0               [24]  881 	movx	@dptr,a
                                    882 ;	.\FwLib_STC8\user\uart.c:103: while (*s)
      000144 90r00r47         [24]  883 	mov	dptr,#_UART_SendString_s_10000_84
      000147 E0               [24]  884 	movx	a,@dptr
      000148 FD               [12]  885 	mov	r5,a
      000149 A3               [24]  886 	inc	dptr
      00014A E0               [24]  887 	movx	a,@dptr
      00014B FE               [12]  888 	mov	r6,a
      00014C A3               [24]  889 	inc	dptr
      00014D E0               [24]  890 	movx	a,@dptr
      00014E FF               [12]  891 	mov	r7,a
      00014F                        892 00101$:
      00014F 8D 82            [24]  893 	mov	dpl,r5
      000151 8E 83            [24]  894 	mov	dph,r6
      000153 8F F0            [24]  895 	mov	b,r7
      000155 12r00r00         [24]  896 	lcall	__gptrget
      000158 FC               [12]  897 	mov	r4,a
      000159 60 23            [24]  898 	jz	00108$
                                    899 ;	.\FwLib_STC8\user\uart.c:104: UART_SendChar(*s++);
      00015B 0D               [12]  900 	inc	r5
      00015C BD 00 01         [24]  901 	cjne	r5,#0x00,00120$
      00015F 0E               [12]  902 	inc	r6
      000160                        903 00120$:
      000160 90r00r47         [24]  904 	mov	dptr,#_UART_SendString_s_10000_84
      000163 ED               [12]  905 	mov	a,r5
      000164 F0               [24]  906 	movx	@dptr,a
      000165 EE               [12]  907 	mov	a,r6
      000166 A3               [24]  908 	inc	dptr
      000167 F0               [24]  909 	movx	@dptr,a
      000168 EF               [12]  910 	mov	a,r7
      000169 A3               [24]  911 	inc	dptr
      00016A F0               [24]  912 	movx	@dptr,a
      00016B 8C 82            [24]  913 	mov	dpl, r4
      00016D C0 07            [24]  914 	push	ar7
      00016F C0 06            [24]  915 	push	ar6
      000171 C0 05            [24]  916 	push	ar5
      000173 12r00rAB         [24]  917 	lcall	_UART_SendChar
      000176 D0 05            [24]  918 	pop	ar5
      000178 D0 06            [24]  919 	pop	ar6
      00017A D0 07            [24]  920 	pop	ar7
      00017C 80 D1            [24]  921 	sjmp	00101$
      00017E                        922 00108$:
      00017E 90r00r47         [24]  923 	mov	dptr,#_UART_SendString_s_10000_84
      000181 ED               [12]  924 	mov	a,r5
      000182 F0               [24]  925 	movx	@dptr,a
      000183 EE               [12]  926 	mov	a,r6
      000184 A3               [24]  927 	inc	dptr
      000185 F0               [24]  928 	movx	@dptr,a
      000186 EF               [12]  929 	mov	a,r7
      000187 A3               [24]  930 	inc	dptr
      000188 F0               [24]  931 	movx	@dptr,a
                                    932 ;	.\FwLib_STC8\user\uart.c:105: }
      000189 22               [24]  933 	ret
                                    934 ;------------------------------------------------------------
                                    935 ;Allocation info for local variables in function 'UART_SendInt'
                                    936 ;------------------------------------------------------------
                                    937 ;n             Allocated with name '_UART_SendInt_n_10000_86'
                                    938 ;buf           Allocated with name '_UART_SendInt_buf_10000_87'
                                    939 ;i             Allocated with name '_UART_SendInt_i_10000_87'
                                    940 ;------------------------------------------------------------
                                    941 ;	.\FwLib_STC8\user\uart.c:109: void UART_SendInt(uint16_t n)
                                    942 ;	-----------------------------------------
                                    943 ;	 function UART_SendInt
                                    944 ;	-----------------------------------------
      00018A                        945 _UART_SendInt:
      00018A AF 83            [24]  946 	mov	r7,dph
      00018C E5 82            [12]  947 	mov	a,dpl
      00018E 90r00r4A         [24]  948 	mov	dptr,#_UART_SendInt_n_10000_86
      000191 F0               [24]  949 	movx	@dptr,a
      000192 EF               [12]  950 	mov	a,r7
      000193 A3               [24]  951 	inc	dptr
      000194 F0               [24]  952 	movx	@dptr,a
                                    953 ;	.\FwLib_STC8\user\uart.c:113: if (n == 0) { UART_SendChar('0'); return; }
      000195 90r00r4A         [24]  954 	mov	dptr,#_UART_SendInt_n_10000_86
      000198 E0               [24]  955 	movx	a,@dptr
      000199 F5 F0            [12]  956 	mov	b,a
      00019B A3               [24]  957 	inc	dptr
      00019C E0               [24]  958 	movx	a,@dptr
      00019D 45 F0            [12]  959 	orl	a,b
      00019F 70 06            [24]  960 	jnz	00113$
      0001A1 75 82 30         [24]  961 	mov	dpl, #0x30
      0001A4 02r00rAB         [24]  962 	ljmp	_UART_SendChar
                                    963 ;	.\FwLib_STC8\user\uart.c:114: while (n > 0) {
      0001A7                        964 00113$:
      0001A7 7F 00            [12]  965 	mov	r7,#0x00
      0001A9                        966 00103$:
      0001A9 90r00r4A         [24]  967 	mov	dptr,#_UART_SendInt_n_10000_86
      0001AC E0               [24]  968 	movx	a,@dptr
      0001AD FD               [12]  969 	mov	r5,a
      0001AE A3               [24]  970 	inc	dptr
      0001AF E0               [24]  971 	movx	a,@dptr
      0001B0 FE               [12]  972 	mov	r6,a
      0001B1 90r00r4A         [24]  973 	mov	dptr,#_UART_SendInt_n_10000_86
      0001B4 E0               [24]  974 	movx	a,@dptr
      0001B5 F5 F0            [12]  975 	mov	b,a
      0001B7 A3               [24]  976 	inc	dptr
      0001B8 E0               [24]  977 	movx	a,@dptr
      0001B9 45 F0            [12]  978 	orl	a,b
      0001BB 60 5B            [24]  979 	jz	00115$
                                    980 ;	.\FwLib_STC8\user\uart.c:115: buf[i++] = (n % 10) + '0';
      0001BD EF               [12]  981 	mov	a,r7
      0001BE FB               [12]  982 	mov	r3,a
      0001BF 33               [12]  983 	rlc	a
      0001C0 95 E0            [12]  984 	subb	a,acc
      0001C2 FC               [12]  985 	mov	r4,a
      0001C3 0F               [12]  986 	inc	r7
      0001C4 EB               [12]  987 	mov	a,r3
      0001C5 24r4C            [12]  988 	add	a, #_UART_SendInt_buf_10000_87
      0001C7 FB               [12]  989 	mov	r3,a
      0001C8 EC               [12]  990 	mov	a,r4
      0001C9 34s00            [12]  991 	addc	a, #(_UART_SendInt_buf_10000_87 >> 8)
      0001CB FC               [12]  992 	mov	r4,a
      0001CC 90r00r00         [24]  993 	mov	dptr,#__moduint_PARM_2
      0001CF 74 0A            [12]  994 	mov	a,#0x0a
      0001D1 F0               [24]  995 	movx	@dptr,a
      0001D2 E4               [12]  996 	clr	a
      0001D3 A3               [24]  997 	inc	dptr
      0001D4 F0               [24]  998 	movx	@dptr,a
      0001D5 8D 82            [24]  999 	mov	dpl, r5
      0001D7 8E 83            [24] 1000 	mov	dph, r6
      0001D9 C0 07            [24] 1001 	push	ar7
      0001DB C0 06            [24] 1002 	push	ar6
      0001DD C0 05            [24] 1003 	push	ar5
      0001DF C0 04            [24] 1004 	push	ar4
      0001E1 C0 03            [24] 1005 	push	ar3
      0001E3 12r00r00         [24] 1006 	lcall	__moduint
      0001E6 A9 82            [24] 1007 	mov	r1, dpl
      0001E8 D0 03            [24] 1008 	pop	ar3
      0001EA D0 04            [24] 1009 	pop	ar4
      0001EC D0 05            [24] 1010 	pop	ar5
      0001EE D0 06            [24] 1011 	pop	ar6
      0001F0 74 30            [12] 1012 	mov	a,#0x30
      0001F2 29               [12] 1013 	add	a, r1
      0001F3 8B 82            [24] 1014 	mov	dpl,r3
      0001F5 8C 83            [24] 1015 	mov	dph,r4
      0001F7 F0               [24] 1016 	movx	@dptr,a
                                   1017 ;	.\FwLib_STC8\user\uart.c:116: n /= 10;
      0001F8 90r00r00         [24] 1018 	mov	dptr,#__divuint_PARM_2
      0001FB 74 0A            [12] 1019 	mov	a,#0x0a
      0001FD F0               [24] 1020 	movx	@dptr,a
      0001FE E4               [12] 1021 	clr	a
      0001FF A3               [24] 1022 	inc	dptr
      000200 F0               [24] 1023 	movx	@dptr,a
      000201 8D 82            [24] 1024 	mov	dpl, r5
      000203 8E 83            [24] 1025 	mov	dph, r6
      000205 12r00r00         [24] 1026 	lcall	__divuint
      000208 AD 82            [24] 1027 	mov	r5, dpl
      00020A AE 83            [24] 1028 	mov	r6, dph
      00020C D0 07            [24] 1029 	pop	ar7
      00020E 90r00r4A         [24] 1030 	mov	dptr,#_UART_SendInt_n_10000_86
      000211 ED               [12] 1031 	mov	a,r5
      000212 F0               [24] 1032 	movx	@dptr,a
      000213 EE               [12] 1033 	mov	a,r6
      000214 A3               [24] 1034 	inc	dptr
      000215 F0               [24] 1035 	movx	@dptr,a
                                   1036 ;	.\FwLib_STC8\user\uart.c:118: while (--i >= 0) UART_SendChar(buf[i]);
      000216 80 91            [24] 1037 	sjmp	00103$
      000218                       1038 00115$:
      000218                       1039 00106$:
      000218 1F               [12] 1040 	dec	r7
      000219 EF               [12] 1041 	mov	a,r7
      00021A 20 E7 18         [24] 1042 	jb	acc.7,00109$
      00021D 8F 06            [24] 1043 	mov	ar6,r7
      00021F EE               [12] 1044 	mov	a,r6
      000220 24r4C            [12] 1045 	add	a, #_UART_SendInt_buf_10000_87
      000222 F5 82            [12] 1046 	mov	dpl,a
      000224 E4               [12] 1047 	clr	a
      000225 34s00            [12] 1048 	addc	a, #(_UART_SendInt_buf_10000_87 >> 8)
      000227 F5 83            [12] 1049 	mov	dph,a
      000229 E0               [24] 1050 	movx	a,@dptr
      00022A F5 82            [12] 1051 	mov	dpl,a
      00022C C0 07            [24] 1052 	push	ar7
      00022E 12r00rAB         [24] 1053 	lcall	_UART_SendChar
      000231 D0 07            [24] 1054 	pop	ar7
      000233 80 E3            [24] 1055 	sjmp	00106$
      000235                       1056 00109$:
                                   1057 ;	.\FwLib_STC8\user\uart.c:119: }
      000235 22               [24] 1058 	ret
                                   1059 ;------------------------------------------------------------
                                   1060 ;Allocation info for local variables in function 'UART_SendLong'
                                   1061 ;------------------------------------------------------------
                                   1062 ;sloc0         Allocated with name '_UART_SendLong_sloc0_1_0'
                                   1063 ;sloc1         Allocated with name '_UART_SendLong_sloc1_1_0'
                                   1064 ;n             Allocated with name '_UART_SendLong_n_10000_90'
                                   1065 ;buf           Allocated with name '_UART_SendLong_buf_10000_91'
                                   1066 ;i             Allocated with name '_UART_SendLong_i_10000_91'
                                   1067 ;v             Allocated with name '_UART_SendLong_v_10000_91'
                                   1068 ;------------------------------------------------------------
                                   1069 ;	.\FwLib_STC8\user\uart.c:121: void UART_SendLong(int32_t n)
                                   1070 ;	-----------------------------------------
                                   1071 ;	 function UART_SendLong
                                   1072 ;	-----------------------------------------
      000236                       1073 _UART_SendLong:
      000236 AF 82            [24] 1074 	mov	r7,dpl
      000238 AE 83            [24] 1075 	mov	r6,dph
      00023A AD F0            [24] 1076 	mov	r5,b
      00023C FC               [12] 1077 	mov	r4,a
      00023D 90r00r52         [24] 1078 	mov	dptr,#_UART_SendLong_n_10000_90
      000240 EF               [12] 1079 	mov	a,r7
      000241 F0               [24] 1080 	movx	@dptr,a
      000242 EE               [12] 1081 	mov	a,r6
      000243 A3               [24] 1082 	inc	dptr
      000244 F0               [24] 1083 	movx	@dptr,a
      000245 ED               [12] 1084 	mov	a,r5
      000246 A3               [24] 1085 	inc	dptr
      000247 F0               [24] 1086 	movx	@dptr,a
      000248 EC               [12] 1087 	mov	a,r4
      000249 A3               [24] 1088 	inc	dptr
      00024A F0               [24] 1089 	movx	@dptr,a
                                   1090 ;	.\FwLib_STC8\user\uart.c:127: if (n < 0) {
      00024B 90r00r52         [24] 1091 	mov	dptr,#_UART_SendLong_n_10000_90
      00024E E0               [24] 1092 	movx	a,@dptr
      00024F FC               [12] 1093 	mov	r4,a
      000250 A3               [24] 1094 	inc	dptr
      000251 E0               [24] 1095 	movx	a,@dptr
      000252 FD               [12] 1096 	mov	r5,a
      000253 A3               [24] 1097 	inc	dptr
      000254 E0               [24] 1098 	movx	a,@dptr
      000255 FE               [12] 1099 	mov	r6,a
      000256 A3               [24] 1100 	inc	dptr
      000257 E0               [24] 1101 	movx	a,@dptr
      000258 FF               [12] 1102 	mov	r7,a
      000259 30 E7 33         [24] 1103 	jnb	acc.7,00102$
                                   1104 ;	.\FwLib_STC8\user\uart.c:128: UART_SendChar('-');
      00025C 75 82 2D         [24] 1105 	mov	dpl, #0x2d
      00025F C0 07            [24] 1106 	push	ar7
      000261 C0 06            [24] 1107 	push	ar6
      000263 C0 05            [24] 1108 	push	ar5
      000265 C0 04            [24] 1109 	push	ar4
      000267 12r00rAB         [24] 1110 	lcall	_UART_SendChar
      00026A D0 04            [24] 1111 	pop	ar4
      00026C D0 05            [24] 1112 	pop	ar5
      00026E D0 06            [24] 1113 	pop	ar6
      000270 D0 07            [24] 1114 	pop	ar7
                                   1115 ;	.\FwLib_STC8\user\uart.c:129: v = (uint32_t)(-n);
      000272 C3               [12] 1116 	clr	c
      000273 E4               [12] 1117 	clr	a
      000274 9C               [12] 1118 	subb	a,r4
      000275 F8               [12] 1119 	mov	r0,a
      000276 E4               [12] 1120 	clr	a
      000277 9D               [12] 1121 	subb	a,r5
      000278 F9               [12] 1122 	mov	r1,a
      000279 E4               [12] 1123 	clr	a
      00027A 9E               [12] 1124 	subb	a,r6
      00027B FA               [12] 1125 	mov	r2,a
      00027C E4               [12] 1126 	clr	a
      00027D 9F               [12] 1127 	subb	a,r7
      00027E FB               [12] 1128 	mov	r3,a
      00027F 90r00r62         [24] 1129 	mov	dptr,#_UART_SendLong_v_10000_91
      000282 E8               [12] 1130 	mov	a,r0
      000283 F0               [24] 1131 	movx	@dptr,a
      000284 E9               [12] 1132 	mov	a,r1
      000285 A3               [24] 1133 	inc	dptr
      000286 F0               [24] 1134 	movx	@dptr,a
      000287 EA               [12] 1135 	mov	a,r2
      000288 A3               [24] 1136 	inc	dptr
      000289 F0               [24] 1137 	movx	@dptr,a
      00028A EB               [12] 1138 	mov	a,r3
      00028B A3               [24] 1139 	inc	dptr
      00028C F0               [24] 1140 	movx	@dptr,a
      00028D 80 0E            [24] 1141 	sjmp	00103$
      00028F                       1142 00102$:
                                   1143 ;	.\FwLib_STC8\user\uart.c:131: v = (uint32_t)n;
      00028F 90r00r62         [24] 1144 	mov	dptr,#_UART_SendLong_v_10000_91
      000292 EC               [12] 1145 	mov	a,r4
      000293 F0               [24] 1146 	movx	@dptr,a
      000294 ED               [12] 1147 	mov	a,r5
      000295 A3               [24] 1148 	inc	dptr
      000296 F0               [24] 1149 	movx	@dptr,a
      000297 EE               [12] 1150 	mov	a,r6
      000298 A3               [24] 1151 	inc	dptr
      000299 F0               [24] 1152 	movx	@dptr,a
      00029A EF               [12] 1153 	mov	a,r7
      00029B A3               [24] 1154 	inc	dptr
      00029C F0               [24] 1155 	movx	@dptr,a
      00029D                       1156 00103$:
                                   1157 ;	.\FwLib_STC8\user\uart.c:134: if (v == 0) { UART_SendChar('0'); return; }
      00029D 90r00r62         [24] 1158 	mov	dptr,#_UART_SendLong_v_10000_91
      0002A0 E0               [24] 1159 	movx	a,@dptr
      0002A1 F5 F0            [12] 1160 	mov	b,a
      0002A3 A3               [24] 1161 	inc	dptr
      0002A4 E0               [24] 1162 	movx	a,@dptr
      0002A5 42 F0            [12] 1163 	orl	b,a
      0002A7 A3               [24] 1164 	inc	dptr
      0002A8 E0               [24] 1165 	movx	a,@dptr
      0002A9 42 F0            [12] 1166 	orl	b,a
      0002AB A3               [24] 1167 	inc	dptr
      0002AC E0               [24] 1168 	movx	a,@dptr
      0002AD 45 F0            [12] 1169 	orl	a,b
      0002AF 70 06            [24] 1170 	jnz	00117$
      0002B1 75 82 30         [24] 1171 	mov	dpl, #0x30
      0002B4 02r00rAB         [24] 1172 	ljmp	_UART_SendChar
                                   1173 ;	.\FwLib_STC8\user\uart.c:135: while (v > 0) {
      0002B7                       1174 00117$:
      0002B7 75*02 00         [24] 1175 	mov	_UART_SendLong_sloc1_1_0,#0x00
      0002BA                       1176 00106$:
      0002BA 90r00r62         [24] 1177 	mov	dptr,#_UART_SendLong_v_10000_91
      0002BD E0               [24] 1178 	movx	a,@dptr
      0002BE FB               [12] 1179 	mov	r3,a
      0002BF A3               [24] 1180 	inc	dptr
      0002C0 E0               [24] 1181 	movx	a,@dptr
      0002C1 FC               [12] 1182 	mov	r4,a
      0002C2 A3               [24] 1183 	inc	dptr
      0002C3 E0               [24] 1184 	movx	a,@dptr
      0002C4 FD               [12] 1185 	mov	r5,a
      0002C5 A3               [24] 1186 	inc	dptr
      0002C6 E0               [24] 1187 	movx	a,@dptr
      0002C7 FE               [12] 1188 	mov	r6,a
      0002C8 EB               [12] 1189 	mov	a,r3
      0002C9 4C               [12] 1190 	orl	a,r4
      0002CA 4D               [12] 1191 	orl	a,r5
      0002CB 4E               [12] 1192 	orl	a,r6
      0002CC 60 75            [24] 1193 	jz	00119$
                                   1194 ;	.\FwLib_STC8\user\uart.c:136: buf[i++] = (v % 10) + '0';
      0002CE E5*02            [12] 1195 	mov	a,_UART_SendLong_sloc1_1_0
      0002D0 F9               [12] 1196 	mov	r1,a
      0002D1 33               [12] 1197 	rlc	a
      0002D2 95 E0            [12] 1198 	subb	a,acc
      0002D4 FA               [12] 1199 	mov	r2,a
      0002D5 05*02            [12] 1200 	inc	_UART_SendLong_sloc1_1_0
      0002D7 E9               [12] 1201 	mov	a,r1
      0002D8 24r56            [12] 1202 	add	a, #_UART_SendLong_buf_10000_91
      0002DA F5*00            [12] 1203 	mov	_UART_SendLong_sloc0_1_0,a
      0002DC EA               [12] 1204 	mov	a,r2
      0002DD 34s00            [12] 1205 	addc	a, #(_UART_SendLong_buf_10000_91 >> 8)
      0002DF F5*01            [12] 1206 	mov	(_UART_SendLong_sloc0_1_0 + 1),a
      0002E1 90r00r00         [24] 1207 	mov	dptr,#__modulong_PARM_2
      0002E4 74 0A            [12] 1208 	mov	a,#0x0a
      0002E6 F0               [24] 1209 	movx	@dptr,a
      0002E7 E4               [12] 1210 	clr	a
      0002E8 A3               [24] 1211 	inc	dptr
      0002E9 F0               [24] 1212 	movx	@dptr,a
      0002EA A3               [24] 1213 	inc	dptr
      0002EB F0               [24] 1214 	movx	@dptr,a
      0002EC A3               [24] 1215 	inc	dptr
      0002ED F0               [24] 1216 	movx	@dptr,a
      0002EE 8B 82            [24] 1217 	mov	dpl, r3
      0002F0 8C 83            [24] 1218 	mov	dph, r4
      0002F2 8D F0            [24] 1219 	mov	b, r5
      0002F4 EE               [12] 1220 	mov	a, r6
      0002F5 C0 06            [24] 1221 	push	ar6
      0002F7 C0 05            [24] 1222 	push	ar5
      0002F9 C0 04            [24] 1223 	push	ar4
      0002FB C0 03            [24] 1224 	push	ar3
      0002FD 12r00r00         [24] 1225 	lcall	__modulong
      000300 A8 82            [24] 1226 	mov	r0, dpl
      000302 D0 03            [24] 1227 	pop	ar3
      000304 D0 04            [24] 1228 	pop	ar4
      000306 D0 05            [24] 1229 	pop	ar5
      000308 D0 06            [24] 1230 	pop	ar6
      00030A 74 30            [12] 1231 	mov	a,#0x30
      00030C 28               [12] 1232 	add	a, r0
      00030D 85*00 82         [24] 1233 	mov	dpl,_UART_SendLong_sloc0_1_0
      000310 85*01 83         [24] 1234 	mov	dph,(_UART_SendLong_sloc0_1_0 + 1)
      000313 F0               [24] 1235 	movx	@dptr,a
                                   1236 ;	.\FwLib_STC8\user\uart.c:137: v /= 10;
      000314 90r00r00         [24] 1237 	mov	dptr,#__divulong_PARM_2
      000317 74 0A            [12] 1238 	mov	a,#0x0a
      000319 F0               [24] 1239 	movx	@dptr,a
      00031A E4               [12] 1240 	clr	a
      00031B A3               [24] 1241 	inc	dptr
      00031C F0               [24] 1242 	movx	@dptr,a
      00031D A3               [24] 1243 	inc	dptr
      00031E F0               [24] 1244 	movx	@dptr,a
      00031F A3               [24] 1245 	inc	dptr
      000320 F0               [24] 1246 	movx	@dptr,a
      000321 8B 82            [24] 1247 	mov	dpl, r3
      000323 8C 83            [24] 1248 	mov	dph, r4
      000325 8D F0            [24] 1249 	mov	b, r5
      000327 EE               [12] 1250 	mov	a, r6
      000328 12r00r00         [24] 1251 	lcall	__divulong
      00032B AC 82            [24] 1252 	mov	r4, dpl
      00032D AD 83            [24] 1253 	mov	r5, dph
      00032F AE F0            [24] 1254 	mov	r6, b
      000331 FF               [12] 1255 	mov	r7, a
      000332 90r00r62         [24] 1256 	mov	dptr,#_UART_SendLong_v_10000_91
      000335 EC               [12] 1257 	mov	a,r4
      000336 F0               [24] 1258 	movx	@dptr,a
      000337 ED               [12] 1259 	mov	a,r5
      000338 A3               [24] 1260 	inc	dptr
      000339 F0               [24] 1261 	movx	@dptr,a
      00033A EE               [12] 1262 	mov	a,r6
      00033B A3               [24] 1263 	inc	dptr
      00033C F0               [24] 1264 	movx	@dptr,a
      00033D EF               [12] 1265 	mov	a,r7
      00033E A3               [24] 1266 	inc	dptr
      00033F F0               [24] 1267 	movx	@dptr,a
      000340 02r02rBA         [24] 1268 	ljmp	00106$
                                   1269 ;	.\FwLib_STC8\user\uart.c:139: while (--i >= 0) UART_SendChar(buf[i]);
      000343                       1270 00119$:
      000343 AF*02            [24] 1271 	mov	r7,_UART_SendLong_sloc1_1_0
      000345                       1272 00109$:
      000345 1F               [12] 1273 	dec	r7
      000346 EF               [12] 1274 	mov	a,r7
      000347 20 E7 18         [24] 1275 	jb	acc.7,00112$
      00034A 8F 06            [24] 1276 	mov	ar6,r7
      00034C EE               [12] 1277 	mov	a,r6
      00034D 24r56            [12] 1278 	add	a, #_UART_SendLong_buf_10000_91
      00034F F5 82            [12] 1279 	mov	dpl,a
      000351 E4               [12] 1280 	clr	a
      000352 34s00            [12] 1281 	addc	a, #(_UART_SendLong_buf_10000_91 >> 8)
      000354 F5 83            [12] 1282 	mov	dph,a
      000356 E0               [24] 1283 	movx	a,@dptr
      000357 F5 82            [12] 1284 	mov	dpl,a
      000359 C0 07            [24] 1285 	push	ar7
      00035B 12r00rAB         [24] 1286 	lcall	_UART_SendChar
      00035E D0 07            [24] 1287 	pop	ar7
      000360 80 E3            [24] 1288 	sjmp	00109$
      000362                       1289 00112$:
                                   1290 ;	.\FwLib_STC8\user\uart.c:140: }
      000362 22               [24] 1291 	ret
                                   1292 ;------------------------------------------------------------
                                   1293 ;Allocation info for local variables in function 'UART_CheckRx'
                                   1294 ;------------------------------------------------------------
                                   1295 ;	.\FwLib_STC8\user\uart.c:144: uint8_t UART_CheckRx(void)
                                   1296 ;	-----------------------------------------
                                   1297 ;	 function UART_CheckRx
                                   1298 ;	-----------------------------------------
      000363                       1299 _UART_CheckRx:
                                   1300 ;	.\FwLib_STC8\user\uart.c:146: return RI;
      000363 A2 98            [12] 1301 	mov	c,_RI
      000365 E4               [12] 1302 	clr	a
      000366 33               [12] 1303 	rlc	a
                                   1304 ;	.\FwLib_STC8\user\uart.c:147: }
      000367 F5 82            [12] 1305 	mov	dpl,a
      000369 22               [24] 1306 	ret
                                   1307 ;------------------------------------------------------------
                                   1308 ;Allocation info for local variables in function 'UART_GetRxChar'
                                   1309 ;------------------------------------------------------------
                                   1310 ;c             Allocated with name '_UART_GetRxChar_c_10000_99'
                                   1311 ;------------------------------------------------------------
                                   1312 ;	.\FwLib_STC8\user\uart.c:149: char UART_GetRxChar(void)
                                   1313 ;	-----------------------------------------
                                   1314 ;	 function UART_GetRxChar
                                   1315 ;	-----------------------------------------
      00036A                       1316 _UART_GetRxChar:
                                   1317 ;	.\FwLib_STC8\user\uart.c:152: while (mb_idx == 0);
      00036A                       1318 00101$:
      00036A 90r00r00         [24] 1319 	mov	dptr,#_mb_idx
      00036D E0               [24] 1320 	movx	a,@dptr
      00036E 60 FA            [24] 1321 	jz	00101$
                                   1322 ;	.\FwLib_STC8\user\uart.c:153: ES = 0;
                                   1323 ;	assignBit
      000370 C2 AC            [12] 1324 	clr	_ES
                                   1325 ;	.\FwLib_STC8\user\uart.c:154: c = mb_buf[0];
      000372 90r00r00         [24] 1326 	mov	dptr,#_mb_buf
      000375 E0               [24] 1327 	movx	a,@dptr
      000376 FF               [12] 1328 	mov	r7,a
                                   1329 ;	.\FwLib_STC8\user\uart.c:155: mb_idx = 0;
      000377 90r00r00         [24] 1330 	mov	dptr,#_mb_idx
      00037A E4               [12] 1331 	clr	a
      00037B F0               [24] 1332 	movx	@dptr,a
                                   1333 ;	.\FwLib_STC8\user\uart.c:156: ES = 1;
                                   1334 ;	assignBit
      00037C D2 AC            [12] 1335 	setb	_ES
                                   1336 ;	.\FwLib_STC8\user\uart.c:157: return c;
      00037E 8F 82            [24] 1337 	mov	dpl, r7
                                   1338 ;	.\FwLib_STC8\user\uart.c:158: }
      000380 22               [24] 1339 	ret
                                   1340 ;------------------------------------------------------------
                                   1341 ;Allocation info for local variables in function 'UART2_Init'
                                   1342 ;------------------------------------------------------------
                                   1343 ;	.\FwLib_STC8\user\uart.c:161: void UART2_Init(void)
                                   1344 ;	-----------------------------------------
                                   1345 ;	 function UART2_Init
                                   1346 ;	-----------------------------------------
      000381                       1347 _UART2_Init:
                                   1348 ;	.\FwLib_STC8\user\uart.c:164: P_SW2 |= 0x80; 
      000381 43 BA 80         [24] 1349 	orl	_P_SW2,#0x80
                                   1350 ;	.\FwLib_STC8\user\uart.c:167: P1M0 |= 0x02; P1M1 &= ~0x02; // P1.1 PP
      000384 43 92 02         [24] 1351 	orl	_P1M0,#0x02
      000387 53 91 FD         [24] 1352 	anl	_P1M1,#0xfd
                                   1353 ;	.\FwLib_STC8\user\uart.c:168: P1M0 &= ~0x01; P1M1 &= ~0x01; // P1.0 Quasi
      00038A 53 92 FE         [24] 1354 	anl	_P1M0,#0xfe
      00038D 53 91 FE         [24] 1355 	anl	_P1M1,#0xfe
                                   1356 ;	.\FwLib_STC8\user\uart.c:171: P3M0 |= 0x10; P3M1 &= ~0x10; 
      000390 43 B2 10         [24] 1357 	orl	_P3M0,#0x10
      000393 53 B1 EF         [24] 1358 	anl	_P3M1,#0xef
                                   1359 ;	.\FwLib_STC8\user\uart.c:174: S2CON = 0x50; 
      000396 75 9A 50         [24] 1360 	mov	_S2CON,#0x50
                                   1361 ;	.\FwLib_STC8\user\uart.c:176: RS485_DIR_RX(); // Start in listening mode
      000399 53 B0 EF         [24] 1362 	anl	_P3,#0xef
                                   1363 ;	.\FwLib_STC8\user\uart.c:177: IE2 |= 0x01;    // Enable UART2 Interrupt
      00039C 43 AF 01         [24] 1364 	orl	_IE2,#0x01
                                   1365 ;	.\FwLib_STC8\user\uart.c:178: }
      00039F 22               [24] 1366 	ret
                                   1367 ;------------------------------------------------------------
                                   1368 ;Allocation info for local variables in function 'UART2_ISR'
                                   1369 ;------------------------------------------------------------
                                   1370 ;b             Allocated with name '_UART2_ISR_b_20000_104'
                                   1371 ;------------------------------------------------------------
                                   1372 ;	.\FwLib_STC8\user\uart.c:182: void UART2_ISR(void) __interrupt(8)
                                   1373 ;	-----------------------------------------
                                   1374 ;	 function UART2_ISR
                                   1375 ;	-----------------------------------------
      0003A0                       1376 _UART2_ISR:
      0003A0 C0 E0            [24] 1377 	push	acc
      0003A2 C0 82            [24] 1378 	push	dpl
      0003A4 C0 83            [24] 1379 	push	dph
      0003A6 C0 07            [24] 1380 	push	ar7
      0003A8 C0 06            [24] 1381 	push	ar6
      0003AA C0 05            [24] 1382 	push	ar5
      0003AC C0 D0            [24] 1383 	push	psw
      0003AE 75 D0 00         [24] 1384 	mov	psw,#0x00
                                   1385 ;	.\FwLib_STC8\user\uart.c:185: P_SW2 |= 0x80;
      0003B1 43 BA 80         [24] 1386 	orl	_P_SW2,#0x80
                                   1387 ;	.\FwLib_STC8\user\uart.c:187: if (S2CON & 0x01) // RI2: Byte Received
      0003B4 E5 9A            [12] 1388 	mov	a,_S2CON
      0003B6 30 E0 37         [24] 1389 	jnb	acc.0,00104$
                                   1390 ;	.\FwLib_STC8\user\uart.c:189: uint8_t b = S2BUF;
      0003B9 90r00r66         [24] 1391 	mov	dptr,#_UART2_ISR_b_20000_104
      0003BC E5 9B            [12] 1392 	mov	a,_S2BUF
      0003BE F0               [24] 1393 	movx	@dptr,a
                                   1394 ;	.\FwLib_STC8\user\uart.c:190: S2CON &= ~0x01; // Clear RI2
      0003BF 53 9A FE         [24] 1395 	anl	_S2CON,#0xfe
                                   1396 ;	.\FwLib_STC8\user\uart.c:192: if (mb_idx < sizeof(mb_buf))
      0003C2 90r00r00         [24] 1397 	mov	dptr,#_mb_idx
      0003C5 E0               [24] 1398 	movx	a,@dptr
      0003C6 FF               [12] 1399 	mov	r7,a
      0003C7 BF 40 00         [24] 1400 	cjne	r7,#0x40,00129$
      0003CA                       1401 00129$:
      0003CA 50 18            [24] 1402 	jnc	00102$
                                   1403 ;	.\FwLib_STC8\user\uart.c:194: mb_buf[mb_idx++] = b;
      0003CC 90r00r00         [24] 1404 	mov	dptr,#_mb_idx
      0003CF E0               [24] 1405 	movx	a,@dptr
      0003D0 FF               [12] 1406 	mov	r7,a
      0003D1 04               [12] 1407 	inc	a
      0003D2 F0               [24] 1408 	movx	@dptr,a
      0003D3 EF               [12] 1409 	mov	a,r7
      0003D4 24r00            [12] 1410 	add	a, #_mb_buf
      0003D6 FF               [12] 1411 	mov	r7,a
      0003D7 E4               [12] 1412 	clr	a
      0003D8 34s00            [12] 1413 	addc	a, #(_mb_buf >> 8)
      0003DA FE               [12] 1414 	mov	r6,a
      0003DB 90r00r66         [24] 1415 	mov	dptr,#_UART2_ISR_b_20000_104
      0003DE E0               [24] 1416 	movx	a,@dptr
      0003DF 8F 82            [24] 1417 	mov	dpl,r7
      0003E1 8E 83            [24] 1418 	mov	dph,r6
      0003E3 F0               [24] 1419 	movx	@dptr,a
      0003E4                       1420 00102$:
                                   1421 ;	.\FwLib_STC8\user\uart.c:42: TR0 = 0;        // Stop
                                   1422 ;	assignBit
      0003E4 C2 8C            [12] 1423 	clr	_TR0
                                   1424 ;	.\FwLib_STC8\user\uart.c:43: TH0 = T0_RELOAD_H; 
      0003E6 75 8C 20         [24] 1425 	mov	_TH0,#0x20
                                   1426 ;	.\FwLib_STC8\user\uart.c:44: TL0 = T0_RELOAD_L; 
      0003E9 75 8A 00         [24] 1427 	mov	_TL0,#0x00
                                   1428 ;	.\FwLib_STC8\user\uart.c:45: TF0 = 0;        // Clear flag
                                   1429 ;	assignBit
      0003EC C2 8D            [12] 1430 	clr	_TF0
                                   1431 ;	.\FwLib_STC8\user\uart.c:46: TR0 = 1;        // Restart
                                   1432 ;	assignBit
      0003EE D2 8C            [12] 1433 	setb	_TR0
                                   1434 ;	.\FwLib_STC8\user\uart.c:198: Modbus_ResetSilentTimer();
      0003F0                       1435 00104$:
                                   1436 ;	.\FwLib_STC8\user\uart.c:201: if (S2CON & 0x02) // TI2: Byte Sent
      0003F0 E5 9A            [12] 1437 	mov	a,_S2CON
      0003F2 30 E1 03         [24] 1438 	jnb	acc.1,00108$
                                   1439 ;	.\FwLib_STC8\user\uart.c:203: S2CON &= ~0x02; // Clear TI2
      0003F5 53 9A FD         [24] 1440 	anl	_S2CON,#0xfd
      0003F8                       1441 00108$:
                                   1442 ;	.\FwLib_STC8\user\uart.c:205: }
      0003F8 D0 D0            [24] 1443 	pop	psw
      0003FA D0 05            [24] 1444 	pop	ar5
      0003FC D0 06            [24] 1445 	pop	ar6
      0003FE D0 07            [24] 1446 	pop	ar7
      000400 D0 83            [24] 1447 	pop	dph
      000402 D0 82            [24] 1448 	pop	dpl
      000404 D0 E0            [24] 1449 	pop	acc
      000406 32               [24] 1450 	reti
                                   1451 ;	eliminated unneeded push/pop b
                                   1452 ;------------------------------------------------------------
                                   1453 ;Allocation info for local variables in function 'UART2_SendChar'
                                   1454 ;------------------------------------------------------------
                                   1455 ;c             Allocated with name '_UART2_SendChar_c_10000_110'
                                   1456 ;------------------------------------------------------------
                                   1457 ;	.\FwLib_STC8\user\uart.c:209: void UART2_SendChar(char c)
                                   1458 ;	-----------------------------------------
                                   1459 ;	 function UART2_SendChar
                                   1460 ;	-----------------------------------------
      000407                       1461 _UART2_SendChar:
      000407 E5 82            [12] 1462 	mov	a,dpl
      000409 90r00r67         [24] 1463 	mov	dptr,#_UART2_SendChar_c_10000_110
      00040C F0               [24] 1464 	movx	@dptr,a
                                   1465 ;	.\FwLib_STC8\user\uart.c:211: P_SW2 |= 0x80;
      00040D 43 BA 80         [24] 1466 	orl	_P_SW2,#0x80
                                   1467 ;	.\FwLib_STC8\user\uart.c:212: S2BUF = c;
      000410 90r00r67         [24] 1468 	mov	dptr,#_UART2_SendChar_c_10000_110
      000413 E0               [24] 1469 	movx	a,@dptr
      000414 F5 9B            [12] 1470 	mov	_S2BUF,a
                                   1471 ;	.\FwLib_STC8\user\uart.c:213: while (!(S2CON & 0x02)); // Wait for TI2
      000416                       1472 00101$:
      000416 E5 9A            [12] 1473 	mov	a,_S2CON
      000418 30 E1 FB         [24] 1474 	jnb	acc.1,00101$
                                   1475 ;	.\FwLib_STC8\user\uart.c:214: S2CON &= ~0x02;          // Clear TI2
      00041B 53 9A FD         [24] 1476 	anl	_S2CON,#0xfd
                                   1477 ;	.\FwLib_STC8\user\uart.c:215: }
      00041E 22               [24] 1478 	ret
                                   1479 ;------------------------------------------------------------
                                   1480 ;Allocation info for local variables in function 'UART2_SendBuffer'
                                   1481 ;------------------------------------------------------------
                                   1482 ;len           Allocated with name '_UART2_SendBuffer_PARM_2'
                                   1483 ;buf           Allocated with name '_UART2_SendBuffer_buf_10000_112'
                                   1484 ;_f            Allocated with name '_UART2_SendBuffer__f_20000_115'
                                   1485 ;------------------------------------------------------------
                                   1486 ;	.\FwLib_STC8\user\uart.c:217: void UART2_SendBuffer(uint8_t *buf, uint8_t len)
                                   1487 ;	-----------------------------------------
                                   1488 ;	 function UART2_SendBuffer
                                   1489 ;	-----------------------------------------
      00041F                       1490 _UART2_SendBuffer:
      00041F AF F0            [24] 1491 	mov	r7,b
      000421 AE 83            [24] 1492 	mov	r6,dph
      000423 E5 82            [12] 1493 	mov	a,dpl
      000425 90r00r69         [24] 1494 	mov	dptr,#_UART2_SendBuffer_buf_10000_112
      000428 F0               [24] 1495 	movx	@dptr,a
      000429 EE               [12] 1496 	mov	a,r6
      00042A A3               [24] 1497 	inc	dptr
      00042B F0               [24] 1498 	movx	@dptr,a
      00042C EF               [12] 1499 	mov	a,r7
      00042D A3               [24] 1500 	inc	dptr
      00042E F0               [24] 1501 	movx	@dptr,a
                                   1502 ;	.\FwLib_STC8\user\uart.c:219: RS485_DIR_TX();          // Flip transceiver to Transmit
      00042F 43 B0 10         [24] 1503 	orl	_P3,#0x10
                                   1504 ;	.\FwLib_STC8\user\uart.c:220: while (len--)
      000432 90r00r69         [24] 1505 	mov	dptr,#_UART2_SendBuffer_buf_10000_112
      000435 E0               [24] 1506 	movx	a,@dptr
      000436 FD               [12] 1507 	mov	r5,a
      000437 A3               [24] 1508 	inc	dptr
      000438 E0               [24] 1509 	movx	a,@dptr
      000439 FE               [12] 1510 	mov	r6,a
      00043A A3               [24] 1511 	inc	dptr
      00043B E0               [24] 1512 	movx	a,@dptr
      00043C FF               [12] 1513 	mov	r7,a
      00043D 90r00r68         [24] 1514 	mov	dptr,#_UART2_SendBuffer_PARM_2
      000440 E0               [24] 1515 	movx	a,@dptr
      000441 FC               [12] 1516 	mov	r4,a
      000442                       1517 00101$:
      000442 8C 03            [24] 1518 	mov	ar3,r4
      000444 1C               [12] 1519 	dec	r4
      000445 EB               [12] 1520 	mov	a,r3
      000446 60 31            [24] 1521 	jz	00114$
                                   1522 ;	.\FwLib_STC8\user\uart.c:222: UART2_SendChar(*buf++);
      000448 8D 82            [24] 1523 	mov	dpl,r5
      00044A 8E 83            [24] 1524 	mov	dph,r6
      00044C 8F F0            [24] 1525 	mov	b,r7
      00044E 12r00r00         [24] 1526 	lcall	__gptrget
      000451 FB               [12] 1527 	mov	r3,a
      000452 A3               [24] 1528 	inc	dptr
      000453 AD 82            [24] 1529 	mov	r5,dpl
      000455 AE 83            [24] 1530 	mov	r6,dph
      000457 90r00r69         [24] 1531 	mov	dptr,#_UART2_SendBuffer_buf_10000_112
      00045A ED               [12] 1532 	mov	a,r5
      00045B F0               [24] 1533 	movx	@dptr,a
      00045C EE               [12] 1534 	mov	a,r6
      00045D A3               [24] 1535 	inc	dptr
      00045E F0               [24] 1536 	movx	@dptr,a
      00045F EF               [12] 1537 	mov	a,r7
      000460 A3               [24] 1538 	inc	dptr
      000461 F0               [24] 1539 	movx	@dptr,a
      000462 8B 82            [24] 1540 	mov	dpl, r3
      000464 C0 07            [24] 1541 	push	ar7
      000466 C0 06            [24] 1542 	push	ar6
      000468 C0 05            [24] 1543 	push	ar5
      00046A C0 04            [24] 1544 	push	ar4
      00046C 12r04r07         [24] 1545 	lcall	_UART2_SendChar
      00046F D0 04            [24] 1546 	pop	ar4
      000471 D0 05            [24] 1547 	pop	ar5
      000473 D0 06            [24] 1548 	pop	ar6
      000475 D0 07            [24] 1549 	pop	ar7
      000477 80 C9            [24] 1550 	sjmp	00101$
      000479                       1551 00114$:
      000479 90r00r69         [24] 1552 	mov	dptr,#_UART2_SendBuffer_buf_10000_112
      00047C ED               [12] 1553 	mov	a,r5
      00047D F0               [24] 1554 	movx	@dptr,a
      00047E EE               [12] 1555 	mov	a,r6
      00047F A3               [24] 1556 	inc	dptr
      000480 F0               [24] 1557 	movx	@dptr,a
      000481 EF               [12] 1558 	mov	a,r7
      000482 A3               [24] 1559 	inc	dptr
      000483 F0               [24] 1560 	movx	@dptr,a
                                   1561 ;	.\FwLib_STC8\user\uart.c:224: RS485_FLUSH();           // Wait for physical bits to leave the wire
      000484 7E 70            [12] 1562 	mov	r6,#0x70
      000486 7F 17            [12] 1563 	mov	r7,#0x17
      000488                       1564 00107$:
      000488 1E               [12] 1565 	dec	r6
      000489 BE FF 01         [24] 1566 	cjne	r6,#0xff,00137$
      00048C 1F               [12] 1567 	dec	r7
      00048D                       1568 00137$:
      00048D EE               [12] 1569 	mov	a,r6
      00048E 4F               [12] 1570 	orl	a,r7
      00048F 70 F7            [24] 1571 	jnz	00107$
                                   1572 ;	.\FwLib_STC8\user\uart.c:225: RS485_DIR_RX();          // Flip back to Receive
      000491 53 B0 EF         [24] 1573 	anl	_P3,#0xef
                                   1574 ;	.\FwLib_STC8\user\uart.c:226: }
      000494 22               [24] 1575 	ret
                                   1576 	.area CSEG    (CODE)
                                   1577 	.area CONST   (CODE)
                                   1578 	.area XINIT   (CODE)
      000000                       1579 __xinit__mb_idx:
      000000 00                    1580 	.db #0x00	; 0
      000001                       1581 __xinit__mb_frame_ready:
      000001 00                    1582 	.db #0x00	; 0
                                   1583 	.area CABS    (ABS,CODE)
