                                      1 ;--------------------------------------------------------
                                      2 ; File Created by SDCC : free open source ISO C Compiler
                                      3 ; Version 4.5.0 #15242 (MINGW64)
                                      4 ;--------------------------------------------------------
                                      5 	.module weight_proc
                                      6 	
                                      7 	.optsdcc -mmcs51 --model-large
                                      8 ;--------------------------------------------------------
                                      9 ; Public variables in this module
                                     10 ;--------------------------------------------------------
                                     11 	.globl _P77
                                     12 	.globl _P76
                                     13 	.globl _P75
                                     14 	.globl _P74
                                     15 	.globl _P73
                                     16 	.globl _P72
                                     17 	.globl _P71
                                     18 	.globl _P70
                                     19 	.globl _P67
                                     20 	.globl _P66
                                     21 	.globl _P65
                                     22 	.globl _P64
                                     23 	.globl _P63
                                     24 	.globl _P62
                                     25 	.globl _P61
                                     26 	.globl _P60
                                     27 	.globl _P
                                     28 	.globl _F1
                                     29 	.globl _OV
                                     30 	.globl _RS0
                                     31 	.globl _RS1
                                     32 	.globl _F0
                                     33 	.globl _AC
                                     34 	.globl _CY
                                     35 	.globl _P57
                                     36 	.globl _P56
                                     37 	.globl _P55
                                     38 	.globl _P54
                                     39 	.globl _P53
                                     40 	.globl _P52
                                     41 	.globl _P51
                                     42 	.globl _P50
                                     43 	.globl _P47
                                     44 	.globl _P46
                                     45 	.globl _P45
                                     46 	.globl _P44
                                     47 	.globl _P43
                                     48 	.globl _P42
                                     49 	.globl _P41
                                     50 	.globl _P40
                                     51 	.globl _PX0
                                     52 	.globl _PT0
                                     53 	.globl _PX1
                                     54 	.globl _PT1
                                     55 	.globl _PS
                                     56 	.globl _PADC
                                     57 	.globl _PLVD
                                     58 	.globl _PPCA
                                     59 	.globl _P37
                                     60 	.globl _P36
                                     61 	.globl _P35
                                     62 	.globl _P34
                                     63 	.globl _P33
                                     64 	.globl _P32
                                     65 	.globl _P31
                                     66 	.globl _P30
                                     67 	.globl _EX0
                                     68 	.globl _ET0
                                     69 	.globl _EX1
                                     70 	.globl _ET1
                                     71 	.globl _ES
                                     72 	.globl _EADC
                                     73 	.globl _ELVD
                                     74 	.globl _EA
                                     75 	.globl _P27
                                     76 	.globl _P26
                                     77 	.globl _P25
                                     78 	.globl _P24
                                     79 	.globl _P23
                                     80 	.globl _P22
                                     81 	.globl _P21
                                     82 	.globl _P20
                                     83 	.globl _RI
                                     84 	.globl _TI
                                     85 	.globl _RB8
                                     86 	.globl _TB8
                                     87 	.globl _REN
                                     88 	.globl _SM2
                                     89 	.globl _SM1
                                     90 	.globl _SM0
                                     91 	.globl _P17
                                     92 	.globl _P16
                                     93 	.globl _P15
                                     94 	.globl _P14
                                     95 	.globl _P13
                                     96 	.globl _P12
                                     97 	.globl _P11
                                     98 	.globl _P10
                                     99 	.globl _IT0
                                    100 	.globl _IE0
                                    101 	.globl _IT1
                                    102 	.globl _IE1
                                    103 	.globl _TR0
                                    104 	.globl _TF0
                                    105 	.globl _TR1
                                    106 	.globl _TF1
                                    107 	.globl _P07
                                    108 	.globl _P06
                                    109 	.globl _P05
                                    110 	.globl _P04
                                    111 	.globl _P03
                                    112 	.globl _P02
                                    113 	.globl _P01
                                    114 	.globl _P00
                                    115 	.globl _RSTCFG
                                    116 	.globl _USBADR
                                    117 	.globl _IAP_TPS
                                    118 	.globl _USBCON
                                    119 	.globl _AUXINTIF
                                    120 	.globl _IP3H
                                    121 	.globl _USBDAT
                                    122 	.globl _CMPCR2
                                    123 	.globl _CMPCR1
                                    124 	.globl _DPH1
                                    125 	.globl _DPL1
                                    126 	.globl _DPS
                                    127 	.globl _P7M0
                                    128 	.globl _P7M1
                                    129 	.globl _IP3
                                    130 	.globl _ADCCFG
                                    131 	.globl _USBCLK
                                    132 	.globl _VRTRIM
                                    133 	.globl _P7
                                    134 	.globl _B
                                    135 	.globl _P6
                                    136 	.globl _ACC
                                    137 	.globl _T2L
                                    138 	.globl _T2H
                                    139 	.globl _T3L
                                    140 	.globl _T3H
                                    141 	.globl _T4L
                                    142 	.globl _T4H
                                    143 	.globl _T4T3M
                                    144 	.globl _PSW
                                    145 	.globl _SPDAT
                                    146 	.globl _SPCTL
                                    147 	.globl _SPSTAT
                                    148 	.globl _P6M0
                                    149 	.globl _P6M1
                                    150 	.globl _P5M0
                                    151 	.globl _P5M1
                                    152 	.globl _P5
                                    153 	.globl _IAP_CONTR
                                    154 	.globl _IAP_TRIG
                                    155 	.globl _IAP_CMD
                                    156 	.globl _IAP_ADDRL
                                    157 	.globl _IAP_ADDRH
                                    158 	.globl _IAP_DATA
                                    159 	.globl _WDT_CONTR
                                    160 	.globl _P4
                                    161 	.globl _ADC_RESL
                                    162 	.globl _ADC_RES
                                    163 	.globl _ADC_CONTR
                                    164 	.globl _P_SW2
                                    165 	.globl _SADEN
                                    166 	.globl _IP
                                    167 	.globl _IPH
                                    168 	.globl _IP2H
                                    169 	.globl _IP2
                                    170 	.globl _P4M0
                                    171 	.globl _P4M1
                                    172 	.globl _P3M0
                                    173 	.globl _P3M1
                                    174 	.globl _P3
                                    175 	.globl _IE2
                                    176 	.globl _TA
                                    177 	.globl _S3BUF
                                    178 	.globl _S3CON
                                    179 	.globl _WKTCH
                                    180 	.globl _WKTCL
                                    181 	.globl _SADDR
                                    182 	.globl _IE
                                    183 	.globl _P_SW1
                                    184 	.globl _BUS_SPEED
                                    185 	.globl _P2
                                    186 	.globl _IRTRIM
                                    187 	.globl _LIRTRIM
                                    188 	.globl _IRCBAND
                                    189 	.globl _S2BUF
                                    190 	.globl _S2CON
                                    191 	.globl _SBUF
                                    192 	.globl _SCON
                                    193 	.globl _P2M0
                                    194 	.globl _P2M1
                                    195 	.globl _P0M0
                                    196 	.globl _P0M1
                                    197 	.globl _P1M0
                                    198 	.globl _P1M1
                                    199 	.globl _P1
                                    200 	.globl _INTCLKO
                                    201 	.globl _AUXR
                                    202 	.globl _TH1
                                    203 	.globl _TH0
                                    204 	.globl _TL1
                                    205 	.globl _TL0
                                    206 	.globl _TMOD
                                    207 	.globl _TCON
                                    208 	.globl _PCON
                                    209 	.globl _S4BUF
                                    210 	.globl _S4CON
                                    211 	.globl _DPH
                                    212 	.globl _DPL
                                    213 	.globl _SP
                                    214 	.globl _P0
                                    215 	.globl _weight_proc_init
                                    216 	.globl _weight_proc_update
                                    217 	.globl _weight_get_filtered
                                    218 	.globl _weight_get_status
                                    219 ;--------------------------------------------------------
                                    220 ; special function registers
                                    221 ;--------------------------------------------------------
                                    222 	.area RSEG    (ABS,DATA)
      000000                        223 	.org 0x0000
                           000080   224 _P0	=	0x0080
                           000081   225 _SP	=	0x0081
                           000082   226 _DPL	=	0x0082
                           000083   227 _DPH	=	0x0083
                           000084   228 _S4CON	=	0x0084
                           000085   229 _S4BUF	=	0x0085
                           000087   230 _PCON	=	0x0087
                           000088   231 _TCON	=	0x0088
                           000089   232 _TMOD	=	0x0089
                           00008A   233 _TL0	=	0x008a
                           00008B   234 _TL1	=	0x008b
                           00008C   235 _TH0	=	0x008c
                           00008D   236 _TH1	=	0x008d
                           00008E   237 _AUXR	=	0x008e
                           00008F   238 _INTCLKO	=	0x008f
                           000090   239 _P1	=	0x0090
                           000091   240 _P1M1	=	0x0091
                           000092   241 _P1M0	=	0x0092
                           000093   242 _P0M1	=	0x0093
                           000094   243 _P0M0	=	0x0094
                           000095   244 _P2M1	=	0x0095
                           000096   245 _P2M0	=	0x0096
                           000098   246 _SCON	=	0x0098
                           000099   247 _SBUF	=	0x0099
                           00009A   248 _S2CON	=	0x009a
                           00009B   249 _S2BUF	=	0x009b
                           00009D   250 _IRCBAND	=	0x009d
                           00009E   251 _LIRTRIM	=	0x009e
                           00009F   252 _IRTRIM	=	0x009f
                           0000A0   253 _P2	=	0x00a0
                           0000A1   254 _BUS_SPEED	=	0x00a1
                           0000A2   255 _P_SW1	=	0x00a2
                           0000A8   256 _IE	=	0x00a8
                           0000A9   257 _SADDR	=	0x00a9
                           0000AA   258 _WKTCL	=	0x00aa
                           0000AB   259 _WKTCH	=	0x00ab
                           0000AC   260 _S3CON	=	0x00ac
                           0000AD   261 _S3BUF	=	0x00ad
                           0000AE   262 _TA	=	0x00ae
                           0000AF   263 _IE2	=	0x00af
                           0000B0   264 _P3	=	0x00b0
                           0000B1   265 _P3M1	=	0x00b1
                           0000B2   266 _P3M0	=	0x00b2
                           0000B3   267 _P4M1	=	0x00b3
                           0000B4   268 _P4M0	=	0x00b4
                           0000B5   269 _IP2	=	0x00b5
                           0000B6   270 _IP2H	=	0x00b6
                           0000B7   271 _IPH	=	0x00b7
                           0000B8   272 _IP	=	0x00b8
                           0000B9   273 _SADEN	=	0x00b9
                           0000BA   274 _P_SW2	=	0x00ba
                           0000BC   275 _ADC_CONTR	=	0x00bc
                           0000BD   276 _ADC_RES	=	0x00bd
                           0000BE   277 _ADC_RESL	=	0x00be
                           0000C0   278 _P4	=	0x00c0
                           0000C1   279 _WDT_CONTR	=	0x00c1
                           0000C2   280 _IAP_DATA	=	0x00c2
                           0000C3   281 _IAP_ADDRH	=	0x00c3
                           0000C4   282 _IAP_ADDRL	=	0x00c4
                           0000C5   283 _IAP_CMD	=	0x00c5
                           0000C6   284 _IAP_TRIG	=	0x00c6
                           0000C7   285 _IAP_CONTR	=	0x00c7
                           0000C8   286 _P5	=	0x00c8
                           0000C9   287 _P5M1	=	0x00c9
                           0000CA   288 _P5M0	=	0x00ca
                           0000CB   289 _P6M1	=	0x00cb
                           0000CC   290 _P6M0	=	0x00cc
                           0000CD   291 _SPSTAT	=	0x00cd
                           0000CE   292 _SPCTL	=	0x00ce
                           0000CF   293 _SPDAT	=	0x00cf
                           0000D0   294 _PSW	=	0x00d0
                           0000D1   295 _T4T3M	=	0x00d1
                           0000D2   296 _T4H	=	0x00d2
                           0000D3   297 _T4L	=	0x00d3
                           0000D4   298 _T3H	=	0x00d4
                           0000D5   299 _T3L	=	0x00d5
                           0000D6   300 _T2H	=	0x00d6
                           0000D7   301 _T2L	=	0x00d7
                           0000E0   302 _ACC	=	0x00e0
                           0000E8   303 _P6	=	0x00e8
                           0000F0   304 _B	=	0x00f0
                           0000F8   305 _P7	=	0x00f8
                           0000A6   306 _VRTRIM	=	0x00a6
                           0000DC   307 _USBCLK	=	0x00dc
                           0000DE   308 _ADCCFG	=	0x00de
                           0000DF   309 _IP3	=	0x00df
                           0000E1   310 _P7M1	=	0x00e1
                           0000E2   311 _P7M0	=	0x00e2
                           0000E3   312 _DPS	=	0x00e3
                           0000E4   313 _DPL1	=	0x00e4
                           0000E5   314 _DPH1	=	0x00e5
                           0000E6   315 _CMPCR1	=	0x00e6
                           0000E7   316 _CMPCR2	=	0x00e7
                           0000EC   317 _USBDAT	=	0x00ec
                           0000EE   318 _IP3H	=	0x00ee
                           0000EF   319 _AUXINTIF	=	0x00ef
                           0000F4   320 _USBCON	=	0x00f4
                           0000F5   321 _IAP_TPS	=	0x00f5
                           0000FC   322 _USBADR	=	0x00fc
                           0000FF   323 _RSTCFG	=	0x00ff
                                    324 ;--------------------------------------------------------
                                    325 ; special function bits
                                    326 ;--------------------------------------------------------
                                    327 	.area RSEG    (ABS,DATA)
      000000                        328 	.org 0x0000
                           000080   329 _P00	=	0x0080
                           000081   330 _P01	=	0x0081
                           000082   331 _P02	=	0x0082
                           000083   332 _P03	=	0x0083
                           000084   333 _P04	=	0x0084
                           000085   334 _P05	=	0x0085
                           000086   335 _P06	=	0x0086
                           000087   336 _P07	=	0x0087
                           00008F   337 _TF1	=	0x008f
                           00008E   338 _TR1	=	0x008e
                           00008D   339 _TF0	=	0x008d
                           00008C   340 _TR0	=	0x008c
                           00008B   341 _IE1	=	0x008b
                           00008A   342 _IT1	=	0x008a
                           000089   343 _IE0	=	0x0089
                           000088   344 _IT0	=	0x0088
                           000090   345 _P10	=	0x0090
                           000091   346 _P11	=	0x0091
                           000092   347 _P12	=	0x0092
                           000093   348 _P13	=	0x0093
                           000094   349 _P14	=	0x0094
                           000095   350 _P15	=	0x0095
                           000096   351 _P16	=	0x0096
                           000097   352 _P17	=	0x0097
                           00009F   353 _SM0	=	0x009f
                           00009E   354 _SM1	=	0x009e
                           00009D   355 _SM2	=	0x009d
                           00009C   356 _REN	=	0x009c
                           00009B   357 _TB8	=	0x009b
                           00009A   358 _RB8	=	0x009a
                           000099   359 _TI	=	0x0099
                           000098   360 _RI	=	0x0098
                           0000A0   361 _P20	=	0x00a0
                           0000A1   362 _P21	=	0x00a1
                           0000A2   363 _P22	=	0x00a2
                           0000A3   364 _P23	=	0x00a3
                           0000A4   365 _P24	=	0x00a4
                           0000A5   366 _P25	=	0x00a5
                           0000A6   367 _P26	=	0x00a6
                           0000A7   368 _P27	=	0x00a7
                           0000AF   369 _EA	=	0x00af
                           0000AE   370 _ELVD	=	0x00ae
                           0000AD   371 _EADC	=	0x00ad
                           0000AC   372 _ES	=	0x00ac
                           0000AB   373 _ET1	=	0x00ab
                           0000AA   374 _EX1	=	0x00aa
                           0000A9   375 _ET0	=	0x00a9
                           0000A8   376 _EX0	=	0x00a8
                           0000B0   377 _P30	=	0x00b0
                           0000B1   378 _P31	=	0x00b1
                           0000B2   379 _P32	=	0x00b2
                           0000B3   380 _P33	=	0x00b3
                           0000B4   381 _P34	=	0x00b4
                           0000B5   382 _P35	=	0x00b5
                           0000B6   383 _P36	=	0x00b6
                           0000B7   384 _P37	=	0x00b7
                           0000BF   385 _PPCA	=	0x00bf
                           0000BE   386 _PLVD	=	0x00be
                           0000BD   387 _PADC	=	0x00bd
                           0000BC   388 _PS	=	0x00bc
                           0000BB   389 _PT1	=	0x00bb
                           0000BA   390 _PX1	=	0x00ba
                           0000B9   391 _PT0	=	0x00b9
                           0000B8   392 _PX0	=	0x00b8
                           0000C0   393 _P40	=	0x00c0
                           0000C1   394 _P41	=	0x00c1
                           0000C2   395 _P42	=	0x00c2
                           0000C3   396 _P43	=	0x00c3
                           0000C4   397 _P44	=	0x00c4
                           0000C5   398 _P45	=	0x00c5
                           0000C6   399 _P46	=	0x00c6
                           0000C7   400 _P47	=	0x00c7
                           0000C8   401 _P50	=	0x00c8
                           0000C9   402 _P51	=	0x00c9
                           0000CA   403 _P52	=	0x00ca
                           0000CB   404 _P53	=	0x00cb
                           0000CC   405 _P54	=	0x00cc
                           0000CD   406 _P55	=	0x00cd
                           0000CE   407 _P56	=	0x00ce
                           0000CF   408 _P57	=	0x00cf
                           0000D7   409 _CY	=	0x00d7
                           0000D6   410 _AC	=	0x00d6
                           0000D5   411 _F0	=	0x00d5
                           0000D4   412 _RS1	=	0x00d4
                           0000D3   413 _RS0	=	0x00d3
                           0000D2   414 _OV	=	0x00d2
                           0000D1   415 _F1	=	0x00d1
                           0000D0   416 _P	=	0x00d0
                           0000E8   417 _P60	=	0x00e8
                           0000E9   418 _P61	=	0x00e9
                           0000EA   419 _P62	=	0x00ea
                           0000EB   420 _P63	=	0x00eb
                           0000EC   421 _P64	=	0x00ec
                           0000ED   422 _P65	=	0x00ed
                           0000EE   423 _P66	=	0x00ee
                           0000EF   424 _P67	=	0x00ef
                           0000F8   425 _P70	=	0x00f8
                           0000F9   426 _P71	=	0x00f9
                           0000FA   427 _P72	=	0x00fa
                           0000FB   428 _P73	=	0x00fb
                           0000FC   429 _P74	=	0x00fc
                           0000FD   430 _P75	=	0x00fd
                           0000FE   431 _P76	=	0x00fe
                           0000FF   432 _P77	=	0x00ff
                                    433 ;--------------------------------------------------------
                                    434 ; overlayable register banks
                                    435 ;--------------------------------------------------------
                                    436 	.area REG_BANK_0	(REL,OVR,DATA)
      000000                        437 	.ds 8
                                    438 ;--------------------------------------------------------
                                    439 ; internal ram data
                                    440 ;--------------------------------------------------------
                                    441 	.area DSEG    (DATA)
                                    442 ;--------------------------------------------------------
                                    443 ; overlayable items in internal ram
                                    444 ;--------------------------------------------------------
                                    445 	.area	OSEG    (OVR,DATA)
      000000                        446 _weight_proc_update_sloc0_1_0:
      000000                        447 	.ds 4
      000004                        448 _weight_proc_update_sloc1_1_0:
      000004                        449 	.ds 4
                                    450 ;--------------------------------------------------------
                                    451 ; indirectly addressable internal ram data
                                    452 ;--------------------------------------------------------
                                    453 	.area ISEG    (DATA)
                                    454 ;--------------------------------------------------------
                                    455 ; absolute internal ram data
                                    456 ;--------------------------------------------------------
                                    457 	.area IABS    (ABS,DATA)
                                    458 	.area IABS    (ABS,DATA)
                                    459 ;--------------------------------------------------------
                                    460 ; bit data
                                    461 ;--------------------------------------------------------
                                    462 	.area BSEG    (BIT)
                                    463 ;--------------------------------------------------------
                                    464 ; paged external ram data
                                    465 ;--------------------------------------------------------
                                    466 	.area PSEG    (PAG,XDATA)
                                    467 ;--------------------------------------------------------
                                    468 ; uninitialized external ram data
                                    469 ;--------------------------------------------------------
                                    470 	.area XSEG    (XDATA)
      000000                        471 _current_status:
      000000                        472 	.ds 4
      000004                        473 _weight_proc_update_raw_adc_10000_59:
      000004                        474 	.ds 4
      000008                        475 _weight_proc_update_diff_10000_60:
      000008                        476 	.ds 4
                                    477 ;--------------------------------------------------------
                                    478 ; absolute external ram data
                                    479 ;--------------------------------------------------------
                                    480 	.area XABS    (ABS,XDATA)
                                    481 ;--------------------------------------------------------
                                    482 ; initialized external ram data
                                    483 ;--------------------------------------------------------
                                    484 	.area XISEG   (XDATA)
      000000                        485 _filtered_val:
      000000                        486 	.ds 4
      000004                        487 _stability_count:
      000004                        488 	.ds 2
                                    489 	.area HOME    (CODE)
                                    490 	.area GSINIT0 (CODE)
                                    491 	.area GSINIT1 (CODE)
                                    492 	.area GSINIT2 (CODE)
                                    493 	.area GSINIT3 (CODE)
                                    494 	.area GSINIT4 (CODE)
                                    495 	.area GSINIT5 (CODE)
                                    496 	.area GSINIT  (CODE)
                                    497 	.area GSFINAL (CODE)
                                    498 	.area CSEG    (CODE)
                                    499 ;--------------------------------------------------------
                                    500 ; global & static initialisations
                                    501 ;--------------------------------------------------------
                                    502 	.area HOME    (CODE)
                                    503 	.area GSINIT  (CODE)
                                    504 	.area GSFINAL (CODE)
                                    505 	.area GSINIT  (CODE)
                                    506 ;--------------------------------------------------------
                                    507 ; Home
                                    508 ;--------------------------------------------------------
                                    509 	.area HOME    (CODE)
                                    510 	.area HOME    (CODE)
                                    511 ;--------------------------------------------------------
                                    512 ; code
                                    513 ;--------------------------------------------------------
                                    514 	.area CSEG    (CODE)
                                    515 ;------------------------------------------------------------
                                    516 ;Allocation info for local variables in function 'weight_proc_init'
                                    517 ;------------------------------------------------------------
                                    518 ;	.\FwLib_STC8\user\weight_proc.c:8: void weight_proc_init(void) {
                                    519 ;	-----------------------------------------
                                    520 ;	 function weight_proc_init
                                    521 ;	-----------------------------------------
      000000                        522 _weight_proc_init:
                           000007   523 	ar7 = 0x07
                           000006   524 	ar6 = 0x06
                           000005   525 	ar5 = 0x05
                           000004   526 	ar4 = 0x04
                           000003   527 	ar3 = 0x03
                           000002   528 	ar2 = 0x02
                           000001   529 	ar1 = 0x01
                           000000   530 	ar0 = 0x00
                                    531 ;	.\FwLib_STC8\user\weight_proc.c:9: filtered_val = 0;
      000000 90r00r00         [24]  532 	mov	dptr,#_filtered_val
      000003 E4               [12]  533 	clr	a
      000004 F0               [24]  534 	movx	@dptr,a
      000005 A3               [24]  535 	inc	dptr
      000006 F0               [24]  536 	movx	@dptr,a
      000007 A3               [24]  537 	inc	dptr
      000008 F0               [24]  538 	movx	@dptr,a
      000009 A3               [24]  539 	inc	dptr
      00000A F0               [24]  540 	movx	@dptr,a
                                    541 ;	.\FwLib_STC8\user\weight_proc.c:10: stability_count = 0;
      00000B 90r00r04         [24]  542 	mov	dptr,#_stability_count
      00000E F0               [24]  543 	movx	@dptr,a
      00000F A3               [24]  544 	inc	dptr
      000010 F0               [24]  545 	movx	@dptr,a
                                    546 ;	.\FwLib_STC8\user\weight_proc.c:11: current_status.is_stable = false;
      000011 90r00r00         [24]  547 	mov	dptr,#_current_status
      000014 F0               [24]  548 	movx	@dptr,a
                                    549 ;	.\FwLib_STC8\user\weight_proc.c:12: current_status.is_zero = false;
      000015 90r00r01         [24]  550 	mov	dptr,#(_current_status + 0x0001)
      000018 F0               [24]  551 	movx	@dptr,a
                                    552 ;	.\FwLib_STC8\user\weight_proc.c:13: }
      000019 22               [24]  553 	ret
                                    554 ;------------------------------------------------------------
                                    555 ;Allocation info for local variables in function 'weight_proc_update'
                                    556 ;------------------------------------------------------------
                                    557 ;raw_adc       Allocated with name '_weight_proc_update_raw_adc_10000_59'
                                    558 ;diff          Allocated with name '_weight_proc_update_diff_10000_60'
                                    559 ;sloc0         Allocated with name '_weight_proc_update_sloc0_1_0'
                                    560 ;sloc1         Allocated with name '_weight_proc_update_sloc1_1_0'
                                    561 ;------------------------------------------------------------
                                    562 ;	.\FwLib_STC8\user\weight_proc.c:15: void weight_proc_update(int32_t raw_adc) {
                                    563 ;	-----------------------------------------
                                    564 ;	 function weight_proc_update
                                    565 ;	-----------------------------------------
      00001A                        566 _weight_proc_update:
      00001A AF 82            [24]  567 	mov	r7,dpl
      00001C AE 83            [24]  568 	mov	r6,dph
      00001E AD F0            [24]  569 	mov	r5,b
      000020 FC               [12]  570 	mov	r4,a
      000021 90r00r04         [24]  571 	mov	dptr,#_weight_proc_update_raw_adc_10000_59
      000024 EF               [12]  572 	mov	a,r7
      000025 F0               [24]  573 	movx	@dptr,a
      000026 EE               [12]  574 	mov	a,r6
      000027 A3               [24]  575 	inc	dptr
      000028 F0               [24]  576 	movx	@dptr,a
      000029 ED               [12]  577 	mov	a,r5
      00002A A3               [24]  578 	inc	dptr
      00002B F0               [24]  579 	movx	@dptr,a
      00002C EC               [12]  580 	mov	a,r4
      00002D A3               [24]  581 	inc	dptr
      00002E F0               [24]  582 	movx	@dptr,a
                                    583 ;	.\FwLib_STC8\user\weight_proc.c:20: int32_t diff = raw_adc - filtered_val;
      00002F 90r00r00         [24]  584 	mov	dptr,#_filtered_val
      000032 E0               [24]  585 	movx	a,@dptr
      000033 F5*04            [12]  586 	mov	_weight_proc_update_sloc1_1_0,a
      000035 A3               [24]  587 	inc	dptr
      000036 E0               [24]  588 	movx	a,@dptr
      000037 F5*05            [12]  589 	mov	(_weight_proc_update_sloc1_1_0 + 1),a
      000039 A3               [24]  590 	inc	dptr
      00003A E0               [24]  591 	movx	a,@dptr
      00003B F5*06            [12]  592 	mov	(_weight_proc_update_sloc1_1_0 + 2),a
      00003D A3               [24]  593 	inc	dptr
      00003E E0               [24]  594 	movx	a,@dptr
      00003F F5*07            [12]  595 	mov	(_weight_proc_update_sloc1_1_0 + 3),a
      000041 90r00r04         [24]  596 	mov	dptr,#_weight_proc_update_raw_adc_10000_59
      000044 E0               [24]  597 	movx	a,@dptr
      000045 F8               [12]  598 	mov	r0,a
      000046 A3               [24]  599 	inc	dptr
      000047 E0               [24]  600 	movx	a,@dptr
      000048 F9               [12]  601 	mov	r1,a
      000049 A3               [24]  602 	inc	dptr
      00004A E0               [24]  603 	movx	a,@dptr
      00004B FA               [12]  604 	mov	r2,a
      00004C A3               [24]  605 	inc	dptr
      00004D E0               [24]  606 	movx	a,@dptr
      00004E FB               [12]  607 	mov	r3,a
      00004F E8               [12]  608 	mov	a,r0
      000050 C3               [12]  609 	clr	c
      000051 95*04            [12]  610 	subb	a,_weight_proc_update_sloc1_1_0
      000053 F8               [12]  611 	mov	r0,a
      000054 E9               [12]  612 	mov	a,r1
      000055 95*05            [12]  613 	subb	a,(_weight_proc_update_sloc1_1_0 + 1)
      000057 F9               [12]  614 	mov	r1,a
      000058 EA               [12]  615 	mov	a,r2
      000059 95*06            [12]  616 	subb	a,(_weight_proc_update_sloc1_1_0 + 2)
      00005B FA               [12]  617 	mov	r2,a
      00005C EB               [12]  618 	mov	a,r3
      00005D 95*07            [12]  619 	subb	a,(_weight_proc_update_sloc1_1_0 + 3)
      00005F FB               [12]  620 	mov	r3,a
      000060 90r00r08         [24]  621 	mov	dptr,#_weight_proc_update_diff_10000_60
      000063 E8               [12]  622 	mov	a,r0
      000064 F0               [24]  623 	movx	@dptr,a
      000065 E9               [12]  624 	mov	a,r1
      000066 A3               [24]  625 	inc	dptr
      000067 F0               [24]  626 	movx	@dptr,a
      000068 EA               [12]  627 	mov	a,r2
      000069 A3               [24]  628 	inc	dptr
      00006A F0               [24]  629 	movx	@dptr,a
      00006B EB               [12]  630 	mov	a,r3
      00006C A3               [24]  631 	inc	dptr
      00006D F0               [24]  632 	movx	@dptr,a
                                    633 ;	.\FwLib_STC8\user\weight_proc.c:23: if (diff > (int32_t)reg_filter_band || diff < -(int32_t)reg_filter_band) {
      00006E 90r00r00         [24]  634 	mov	dptr,#_reg_filter_band
      000071 E0               [24]  635 	movx	a,@dptr
      000072 F5*00            [12]  636 	mov	_weight_proc_update_sloc0_1_0,a
      000074 A3               [24]  637 	inc	dptr
      000075 E0               [24]  638 	movx	a,@dptr
      000076 F5*01            [12]  639 	mov	(_weight_proc_update_sloc0_1_0 + 1),a
      000078 A3               [24]  640 	inc	dptr
      000079 E0               [24]  641 	movx	a,@dptr
      00007A F5*02            [12]  642 	mov	(_weight_proc_update_sloc0_1_0 + 2),a
      00007C A3               [24]  643 	inc	dptr
      00007D E0               [24]  644 	movx	a,@dptr
      00007E F5*03            [12]  645 	mov	(_weight_proc_update_sloc0_1_0 + 3),a
      000080 C3               [12]  646 	clr	c
      000081 E5*00            [12]  647 	mov	a,_weight_proc_update_sloc0_1_0
      000083 98               [12]  648 	subb	a,r0
      000084 E5*01            [12]  649 	mov	a,(_weight_proc_update_sloc0_1_0 + 1)
      000086 99               [12]  650 	subb	a,r1
      000087 E5*02            [12]  651 	mov	a,(_weight_proc_update_sloc0_1_0 + 2)
      000089 9A               [12]  652 	subb	a,r2
      00008A E5*03            [12]  653 	mov	a,(_weight_proc_update_sloc0_1_0 + 3)
      00008C 64 80            [12]  654 	xrl	a,#0x80
      00008E 8B F0            [24]  655 	mov	b,r3
      000090 63 F0 80         [24]  656 	xrl	b,#0x80
      000093 95 F0            [12]  657 	subb	a,b
      000095 40 23            [24]  658 	jc	00101$
      000097 E4               [12]  659 	clr	a
      000098 95*00            [12]  660 	subb	a,_weight_proc_update_sloc0_1_0
      00009A FC               [12]  661 	mov	r4,a
      00009B E4               [12]  662 	clr	a
      00009C 95*01            [12]  663 	subb	a,(_weight_proc_update_sloc0_1_0 + 1)
      00009E FD               [12]  664 	mov	r5,a
      00009F E4               [12]  665 	clr	a
      0000A0 95*02            [12]  666 	subb	a,(_weight_proc_update_sloc0_1_0 + 2)
      0000A2 FE               [12]  667 	mov	r6,a
      0000A3 E4               [12]  668 	clr	a
      0000A4 95*03            [12]  669 	subb	a,(_weight_proc_update_sloc0_1_0 + 3)
      0000A6 FF               [12]  670 	mov	r7,a
      0000A7 C3               [12]  671 	clr	c
      0000A8 E8               [12]  672 	mov	a,r0
      0000A9 9C               [12]  673 	subb	a,r4
      0000AA E9               [12]  674 	mov	a,r1
      0000AB 9D               [12]  675 	subb	a,r5
      0000AC EA               [12]  676 	mov	a,r2
      0000AD 9E               [12]  677 	subb	a,r6
      0000AE EB               [12]  678 	mov	a,r3
      0000AF 64 80            [12]  679 	xrl	a,#0x80
      0000B1 8F F0            [24]  680 	mov	b,r7
      0000B3 63 F0 80         [24]  681 	xrl	b,#0x80
      0000B6 95 F0            [12]  682 	subb	a,b
      0000B8 50 24            [24]  683 	jnc	00102$
      0000BA                        684 00101$:
                                    685 ;	.\FwLib_STC8\user\weight_proc.c:24: filtered_val += (diff >> 1); // Fast track
      0000BA EB               [12]  686 	mov	a,r3
      0000BB A2 E7            [12]  687 	mov	c,acc.7
      0000BD 13               [12]  688 	rrc	a
      0000BE FF               [12]  689 	mov	r7,a
      0000BF EA               [12]  690 	mov	a,r2
      0000C0 13               [12]  691 	rrc	a
      0000C1 FE               [12]  692 	mov	r6,a
      0000C2 E9               [12]  693 	mov	a,r1
      0000C3 13               [12]  694 	rrc	a
      0000C4 FD               [12]  695 	mov	r5,a
      0000C5 E8               [12]  696 	mov	a,r0
      0000C6 13               [12]  697 	rrc	a
      0000C7 90r00r00         [24]  698 	mov	dptr,#_filtered_val
      0000CA 25*04            [12]  699 	add	a, _weight_proc_update_sloc1_1_0
      0000CC F0               [24]  700 	movx	@dptr,a
      0000CD ED               [12]  701 	mov	a,r5
      0000CE 35*05            [12]  702 	addc	a, (_weight_proc_update_sloc1_1_0 + 1)
      0000D0 A3               [24]  703 	inc	dptr
      0000D1 F0               [24]  704 	movx	@dptr,a
      0000D2 EE               [12]  705 	mov	a,r6
      0000D3 35*06            [12]  706 	addc	a, (_weight_proc_update_sloc1_1_0 + 2)
      0000D5 A3               [24]  707 	inc	dptr
      0000D6 F0               [24]  708 	movx	@dptr,a
      0000D7 EF               [12]  709 	mov	a,r7
      0000D8 35*07            [12]  710 	addc	a, (_weight_proc_update_sloc1_1_0 + 3)
      0000DA A3               [24]  711 	inc	dptr
      0000DB F0               [24]  712 	movx	@dptr,a
      0000DC 80 3C            [24]  713 	sjmp	00103$
      0000DE                        714 00102$:
                                    715 ;	.\FwLib_STC8\user\weight_proc.c:26: filtered_val += (diff >> reg_filter_level); // Normal smoothing
      0000DE 90r00r00         [24]  716 	mov	dptr,#_reg_filter_level
      0000E1 E0               [24]  717 	movx	a,@dptr
      0000E2 FC               [12]  718 	mov	r4,a
      0000E3 A3               [24]  719 	inc	dptr
      0000E4 E0               [24]  720 	movx	a,@dptr
      0000E5 A3               [24]  721 	inc	dptr
      0000E6 E0               [24]  722 	movx	a,@dptr
      0000E7 A3               [24]  723 	inc	dptr
      0000E8 E0               [24]  724 	movx	a,@dptr
      0000E9 8C F0            [24]  725 	mov	b,r4
      0000EB 05 F0            [12]  726 	inc	b
      0000ED EB               [12]  727 	mov	a,r3
      0000EE 33               [12]  728 	rlc	a
      0000EF 92 D2            [24]  729 	mov	ov,c
      0000F1 80 0E            [24]  730 	sjmp	00182$
      0000F3                        731 00181$:
      0000F3 A2 D2            [12]  732 	mov	c,ov
      0000F5 EB               [12]  733 	mov	a,r3
      0000F6 13               [12]  734 	rrc	a
      0000F7 FB               [12]  735 	mov	r3,a
      0000F8 EA               [12]  736 	mov	a,r2
      0000F9 13               [12]  737 	rrc	a
      0000FA FA               [12]  738 	mov	r2,a
      0000FB E9               [12]  739 	mov	a,r1
      0000FC 13               [12]  740 	rrc	a
      0000FD F9               [12]  741 	mov	r1,a
      0000FE E8               [12]  742 	mov	a,r0
      0000FF 13               [12]  743 	rrc	a
      000100 F8               [12]  744 	mov	r0,a
      000101                        745 00182$:
      000101 D5 F0 EF         [24]  746 	djnz	b,00181$
      000104 90r00r00         [24]  747 	mov	dptr,#_filtered_val
      000107 E8               [12]  748 	mov	a,r0
      000108 25*04            [12]  749 	add	a, _weight_proc_update_sloc1_1_0
      00010A F0               [24]  750 	movx	@dptr,a
      00010B E9               [12]  751 	mov	a,r1
      00010C 35*05            [12]  752 	addc	a, (_weight_proc_update_sloc1_1_0 + 1)
      00010E A3               [24]  753 	inc	dptr
      00010F F0               [24]  754 	movx	@dptr,a
      000110 EA               [12]  755 	mov	a,r2
      000111 35*06            [12]  756 	addc	a, (_weight_proc_update_sloc1_1_0 + 2)
      000113 A3               [24]  757 	inc	dptr
      000114 F0               [24]  758 	movx	@dptr,a
      000115 EB               [12]  759 	mov	a,r3
      000116 35*07            [12]  760 	addc	a, (_weight_proc_update_sloc1_1_0 + 3)
      000118 A3               [24]  761 	inc	dptr
      000119 F0               [24]  762 	movx	@dptr,a
      00011A                        763 00103$:
                                    764 ;	.\FwLib_STC8\user\weight_proc.c:31: if (diff < (int32_t)reg_stable_band && diff > -(int32_t)reg_stable_band) {
      00011A 90r00r00         [24]  765 	mov	dptr,#_reg_stable_band
      00011D E0               [24]  766 	movx	a,@dptr
      00011E FC               [12]  767 	mov	r4,a
      00011F A3               [24]  768 	inc	dptr
      000120 E0               [24]  769 	movx	a,@dptr
      000121 FD               [12]  770 	mov	r5,a
      000122 A3               [24]  771 	inc	dptr
      000123 E0               [24]  772 	movx	a,@dptr
      000124 FE               [12]  773 	mov	r6,a
      000125 A3               [24]  774 	inc	dptr
      000126 E0               [24]  775 	movx	a,@dptr
      000127 FF               [12]  776 	mov	r7,a
      000128 90r00r08         [24]  777 	mov	dptr,#_weight_proc_update_diff_10000_60
      00012B E0               [24]  778 	movx	a,@dptr
      00012C F8               [12]  779 	mov	r0,a
      00012D A3               [24]  780 	inc	dptr
      00012E E0               [24]  781 	movx	a,@dptr
      00012F F9               [12]  782 	mov	r1,a
      000130 A3               [24]  783 	inc	dptr
      000131 E0               [24]  784 	movx	a,@dptr
      000132 FA               [12]  785 	mov	r2,a
      000133 A3               [24]  786 	inc	dptr
      000134 E0               [24]  787 	movx	a,@dptr
      000135 FB               [12]  788 	mov	r3,a
      000136 C3               [12]  789 	clr	c
      000137 E8               [12]  790 	mov	a,r0
      000138 9C               [12]  791 	subb	a,r4
      000139 E9               [12]  792 	mov	a,r1
      00013A 9D               [12]  793 	subb	a,r5
      00013B EA               [12]  794 	mov	a,r2
      00013C 9E               [12]  795 	subb	a,r6
      00013D EB               [12]  796 	mov	a,r3
      00013E 64 80            [12]  797 	xrl	a,#0x80
      000140 8F F0            [24]  798 	mov	b,r7
      000142 63 F0 80         [24]  799 	xrl	b,#0x80
      000145 95 F0            [12]  800 	subb	a,b
      000147 50 6E            [24]  801 	jnc	00109$
      000149 C3               [12]  802 	clr	c
      00014A E4               [12]  803 	clr	a
      00014B 9C               [12]  804 	subb	a,r4
      00014C FC               [12]  805 	mov	r4,a
      00014D E4               [12]  806 	clr	a
      00014E 9D               [12]  807 	subb	a,r5
      00014F FD               [12]  808 	mov	r5,a
      000150 E4               [12]  809 	clr	a
      000151 9E               [12]  810 	subb	a,r6
      000152 FE               [12]  811 	mov	r6,a
      000153 E4               [12]  812 	clr	a
      000154 9F               [12]  813 	subb	a,r7
      000155 FF               [12]  814 	mov	r7,a
      000156 C3               [12]  815 	clr	c
      000157 EC               [12]  816 	mov	a,r4
      000158 98               [12]  817 	subb	a,r0
      000159 ED               [12]  818 	mov	a,r5
      00015A 99               [12]  819 	subb	a,r1
      00015B EE               [12]  820 	mov	a,r6
      00015C 9A               [12]  821 	subb	a,r2
      00015D EF               [12]  822 	mov	a,r7
      00015E 64 80            [12]  823 	xrl	a,#0x80
      000160 8B F0            [24]  824 	mov	b,r3
      000162 63 F0 80         [24]  825 	xrl	b,#0x80
      000165 95 F0            [12]  826 	subb	a,b
      000167 50 4E            [24]  827 	jnc	00109$
                                    828 ;	.\FwLib_STC8\user\weight_proc.c:32: if (stability_count < reg_stable_delay) {
      000169 90r00r04         [24]  829 	mov	dptr,#_stability_count
      00016C E0               [24]  830 	movx	a,@dptr
      00016D FE               [12]  831 	mov	r6,a
      00016E A3               [24]  832 	inc	dptr
      00016F E0               [24]  833 	movx	a,@dptr
      000170 FF               [12]  834 	mov	r7,a
      000171 90r00r00         [24]  835 	mov	dptr,#_reg_stable_delay
      000174 E0               [24]  836 	movx	a,@dptr
      000175 F5*04            [12]  837 	mov	_weight_proc_update_sloc1_1_0,a
      000177 A3               [24]  838 	inc	dptr
      000178 E0               [24]  839 	movx	a,@dptr
      000179 F5*05            [12]  840 	mov	(_weight_proc_update_sloc1_1_0 + 1),a
      00017B A3               [24]  841 	inc	dptr
      00017C E0               [24]  842 	movx	a,@dptr
      00017D F5*06            [12]  843 	mov	(_weight_proc_update_sloc1_1_0 + 2),a
      00017F A3               [24]  844 	inc	dptr
      000180 E0               [24]  845 	movx	a,@dptr
      000181 F5*07            [12]  846 	mov	(_weight_proc_update_sloc1_1_0 + 3),a
      000183 8E 00            [24]  847 	mov	ar0,r6
      000185 8F 01            [24]  848 	mov	ar1,r7
      000187 7C 00            [12]  849 	mov	r4,#0x00
      000189 7D 00            [12]  850 	mov	r5,#0x00
      00018B C3               [12]  851 	clr	c
      00018C E8               [12]  852 	mov	a,r0
      00018D 95*04            [12]  853 	subb	a,_weight_proc_update_sloc1_1_0
      00018F E9               [12]  854 	mov	a,r1
      000190 95*05            [12]  855 	subb	a,(_weight_proc_update_sloc1_1_0 + 1)
      000192 EC               [12]  856 	mov	a,r4
      000193 95*06            [12]  857 	subb	a,(_weight_proc_update_sloc1_1_0 + 2)
      000195 ED               [12]  858 	mov	a,r5
      000196 64 80            [12]  859 	xrl	a,#0x80
      000198 85*07 F0         [24]  860 	mov	b,(_weight_proc_update_sloc1_1_0 + 3)
      00019B 63 F0 80         [24]  861 	xrl	b,#0x80
      00019E 95 F0            [12]  862 	subb	a,b
      0001A0 50 0D            [24]  863 	jnc	00106$
                                    864 ;	.\FwLib_STC8\user\weight_proc.c:33: stability_count++;
      0001A2 90r00r04         [24]  865 	mov	dptr,#_stability_count
      0001A5 74 01            [12]  866 	mov	a,#0x01
      0001A7 2E               [12]  867 	add	a, r6
      0001A8 F0               [24]  868 	movx	@dptr,a
      0001A9 E4               [12]  869 	clr	a
      0001AA 3F               [12]  870 	addc	a, r7
      0001AB A3               [24]  871 	inc	dptr
      0001AC F0               [24]  872 	movx	@dptr,a
      0001AD 80 13            [24]  873 	sjmp	00110$
      0001AF                        874 00106$:
                                    875 ;	.\FwLib_STC8\user\weight_proc.c:35: current_status.is_stable = true;
      0001AF 90r00r00         [24]  876 	mov	dptr,#_current_status
      0001B2 74 01            [12]  877 	mov	a,#0x01
      0001B4 F0               [24]  878 	movx	@dptr,a
      0001B5 80 0B            [24]  879 	sjmp	00110$
      0001B7                        880 00109$:
                                    881 ;	.\FwLib_STC8\user\weight_proc.c:38: stability_count = 0;
      0001B7 90r00r04         [24]  882 	mov	dptr,#_stability_count
      0001BA E4               [12]  883 	clr	a
      0001BB F0               [24]  884 	movx	@dptr,a
      0001BC A3               [24]  885 	inc	dptr
      0001BD F0               [24]  886 	movx	@dptr,a
                                    887 ;	.\FwLib_STC8\user\weight_proc.c:39: current_status.is_stable = false;
      0001BE 90r00r00         [24]  888 	mov	dptr,#_current_status
      0001C1 F0               [24]  889 	movx	@dptr,a
      0001C2                        890 00110$:
                                    891 ;	.\FwLib_STC8\user\weight_proc.c:45: if (current_status.is_stable) {
      0001C2 90r00r00         [24]  892 	mov	dptr,#_current_status
      0001C5 E0               [24]  893 	movx	a,@dptr
      0001C6 70 03            [24]  894 	jnz	00186$
      0001C8 02r02r70         [24]  895 	ljmp	00122$
      0001CB                        896 00186$:
                                    897 ;	.\FwLib_STC8\user\weight_proc.c:46: if (filtered_val < (int32_t)reg_zero_trace_band && 
      0001CB 90r00r00         [24]  898 	mov	dptr,#_reg_zero_trace_band
      0001CE E0               [24]  899 	movx	a,@dptr
      0001CF FC               [12]  900 	mov	r4,a
      0001D0 A3               [24]  901 	inc	dptr
      0001D1 E0               [24]  902 	movx	a,@dptr
      0001D2 FD               [12]  903 	mov	r5,a
      0001D3 A3               [24]  904 	inc	dptr
      0001D4 E0               [24]  905 	movx	a,@dptr
      0001D5 FE               [12]  906 	mov	r6,a
      0001D6 A3               [24]  907 	inc	dptr
      0001D7 E0               [24]  908 	movx	a,@dptr
      0001D8 FF               [12]  909 	mov	r7,a
      0001D9 90r00r00         [24]  910 	mov	dptr,#_filtered_val
      0001DC E0               [24]  911 	movx	a,@dptr
      0001DD F8               [12]  912 	mov	r0,a
      0001DE A3               [24]  913 	inc	dptr
      0001DF E0               [24]  914 	movx	a,@dptr
      0001E0 F9               [12]  915 	mov	r1,a
      0001E1 A3               [24]  916 	inc	dptr
      0001E2 E0               [24]  917 	movx	a,@dptr
      0001E3 FA               [12]  918 	mov	r2,a
      0001E4 A3               [24]  919 	inc	dptr
      0001E5 E0               [24]  920 	movx	a,@dptr
      0001E6 FB               [12]  921 	mov	r3,a
      0001E7 C3               [12]  922 	clr	c
      0001E8 E8               [12]  923 	mov	a,r0
      0001E9 9C               [12]  924 	subb	a,r4
      0001EA E9               [12]  925 	mov	a,r1
      0001EB 9D               [12]  926 	subb	a,r5
      0001EC EA               [12]  927 	mov	a,r2
      0001ED 9E               [12]  928 	subb	a,r6
      0001EE EB               [12]  929 	mov	a,r3
      0001EF 64 80            [12]  930 	xrl	a,#0x80
      0001F1 8F F0            [24]  931 	mov	b,r7
      0001F3 63 F0 80         [24]  932 	xrl	b,#0x80
      0001F6 95 F0            [12]  933 	subb	a,b
      0001F8 50 71            [24]  934 	jnc	00118$
                                    935 ;	.\FwLib_STC8\user\weight_proc.c:47: filtered_val > -(int32_t)reg_zero_trace_band) {
      0001FA C3               [12]  936 	clr	c
      0001FB E4               [12]  937 	clr	a
      0001FC 9C               [12]  938 	subb	a,r4
      0001FD FC               [12]  939 	mov	r4,a
      0001FE E4               [12]  940 	clr	a
      0001FF 9D               [12]  941 	subb	a,r5
      000200 FD               [12]  942 	mov	r5,a
      000201 E4               [12]  943 	clr	a
      000202 9E               [12]  944 	subb	a,r6
      000203 FE               [12]  945 	mov	r6,a
      000204 E4               [12]  946 	clr	a
      000205 9F               [12]  947 	subb	a,r7
      000206 FF               [12]  948 	mov	r7,a
      000207 C3               [12]  949 	clr	c
      000208 EC               [12]  950 	mov	a,r4
      000209 98               [12]  951 	subb	a,r0
      00020A ED               [12]  952 	mov	a,r5
      00020B 99               [12]  953 	subb	a,r1
      00020C EE               [12]  954 	mov	a,r6
      00020D 9A               [12]  955 	subb	a,r2
      00020E EF               [12]  956 	mov	a,r7
      00020F 64 80            [12]  957 	xrl	a,#0x80
      000211 8B F0            [24]  958 	mov	b,r3
      000213 63 F0 80         [24]  959 	xrl	b,#0x80
      000216 95 F0            [12]  960 	subb	a,b
      000218 50 51            [24]  961 	jnc	00118$
                                    962 ;	.\FwLib_STC8\user\weight_proc.c:50: if (filtered_val > 0) filtered_val--;
      00021A C3               [12]  963 	clr	c
      00021B E4               [12]  964 	clr	a
      00021C 98               [12]  965 	subb	a,r0
      00021D E4               [12]  966 	clr	a
      00021E 99               [12]  967 	subb	a,r1
      00021F E4               [12]  968 	clr	a
      000220 9A               [12]  969 	subb	a,r2
      000221 74 80            [12]  970 	mov	a,#(0x00 ^ 0x80)
      000223 8B F0            [24]  971 	mov	b,r3
      000225 63 F0 80         [24]  972 	xrl	b,#0x80
      000228 95 F0            [12]  973 	subb	a,b
      00022A 50 20            [24]  974 	jnc	00115$
      00022C E8               [12]  975 	mov	a,r0
      00022D 24 FF            [12]  976 	add	a,#0xff
      00022F FC               [12]  977 	mov	r4,a
      000230 E9               [12]  978 	mov	a,r1
      000231 34 FF            [12]  979 	addc	a,#0xff
      000233 FD               [12]  980 	mov	r5,a
      000234 EA               [12]  981 	mov	a,r2
      000235 34 FF            [12]  982 	addc	a,#0xff
      000237 FE               [12]  983 	mov	r6,a
      000238 EB               [12]  984 	mov	a,r3
      000239 34 FF            [12]  985 	addc	a,#0xff
      00023B FF               [12]  986 	mov	r7,a
      00023C 90r00r00         [24]  987 	mov	dptr,#_filtered_val
      00023F EC               [12]  988 	mov	a,r4
      000240 F0               [24]  989 	movx	@dptr,a
      000241 ED               [12]  990 	mov	a,r5
      000242 A3               [24]  991 	inc	dptr
      000243 F0               [24]  992 	movx	@dptr,a
      000244 EE               [12]  993 	mov	a,r6
      000245 A3               [24]  994 	inc	dptr
      000246 F0               [24]  995 	movx	@dptr,a
      000247 EF               [12]  996 	mov	a,r7
      000248 A3               [24]  997 	inc	dptr
      000249 F0               [24]  998 	movx	@dptr,a
      00024A 80 17            [24]  999 	sjmp	00116$
      00024C                       1000 00115$:
                                   1001 ;	.\FwLib_STC8\user\weight_proc.c:51: else if (filtered_val < 0) filtered_val++;
      00024C EB               [12] 1002 	mov	a,r3
      00024D 30 E7 13         [24] 1003 	jnb	acc.7,00116$
      000250 90r00r00         [24] 1004 	mov	dptr,#_filtered_val
      000253 74 01            [12] 1005 	mov	a,#0x01
      000255 28               [12] 1006 	add	a, r0
      000256 F0               [24] 1007 	movx	@dptr,a
      000257 E4               [12] 1008 	clr	a
      000258 39               [12] 1009 	addc	a, r1
      000259 A3               [24] 1010 	inc	dptr
      00025A F0               [24] 1011 	movx	@dptr,a
      00025B E4               [12] 1012 	clr	a
      00025C 3A               [12] 1013 	addc	a, r2
      00025D A3               [24] 1014 	inc	dptr
      00025E F0               [24] 1015 	movx	@dptr,a
      00025F E4               [12] 1016 	clr	a
      000260 3B               [12] 1017 	addc	a, r3
      000261 A3               [24] 1018 	inc	dptr
      000262 F0               [24] 1019 	movx	@dptr,a
      000263                       1020 00116$:
                                   1021 ;	.\FwLib_STC8\user\weight_proc.c:53: current_status.is_zero = true;
      000263 90r00r01         [24] 1022 	mov	dptr,#(_current_status + 0x0001)
      000266 74 01            [12] 1023 	mov	a,#0x01
      000268 F0               [24] 1024 	movx	@dptr,a
      000269 80 05            [24] 1025 	sjmp	00122$
      00026B                       1026 00118$:
                                   1027 ;	.\FwLib_STC8\user\weight_proc.c:55: current_status.is_zero = false;
      00026B 90r00r01         [24] 1028 	mov	dptr,#(_current_status + 0x0001)
      00026E E4               [12] 1029 	clr	a
      00026F F0               [24] 1030 	movx	@dptr,a
      000270                       1031 00122$:
                                   1032 ;	.\FwLib_STC8\user\weight_proc.c:60: reg_adc_raw_value = (uint16_t)raw_adc; 
      000270 90r00r04         [24] 1033 	mov	dptr,#_weight_proc_update_raw_adc_10000_59
      000273 E0               [24] 1034 	movx	a,@dptr
      000274 FE               [12] 1035 	mov	r6,a
      000275 A3               [24] 1036 	inc	dptr
      000276 E0               [24] 1037 	movx	a,@dptr
      000277 FF               [12] 1038 	mov	r7,a
      000278 90r00r00         [24] 1039 	mov	dptr,#_reg_adc_raw_value
      00027B EE               [12] 1040 	mov	a,r6
      00027C F0               [24] 1041 	movx	@dptr,a
      00027D EF               [12] 1042 	mov	a,r7
      00027E A3               [24] 1043 	inc	dptr
      00027F F0               [24] 1044 	movx	@dptr,a
      000280 E4               [12] 1045 	clr	a
      000281 A3               [24] 1046 	inc	dptr
      000282 F0               [24] 1047 	movx	@dptr,a
      000283 A3               [24] 1048 	inc	dptr
      000284 F0               [24] 1049 	movx	@dptr,a
                                   1050 ;	.\FwLib_STC8\user\weight_proc.c:61: }
      000285 22               [24] 1051 	ret
                                   1052 ;------------------------------------------------------------
                                   1053 ;Allocation info for local variables in function 'weight_get_filtered'
                                   1054 ;------------------------------------------------------------
                                   1055 ;	.\FwLib_STC8\user\weight_proc.c:63: int32_t weight_get_filtered(void) {
                                   1056 ;	-----------------------------------------
                                   1057 ;	 function weight_get_filtered
                                   1058 ;	-----------------------------------------
      000286                       1059 _weight_get_filtered:
                                   1060 ;	.\FwLib_STC8\user\weight_proc.c:64: return filtered_val;
      000286 90r00r00         [24] 1061 	mov	dptr,#_filtered_val
      000289 E0               [24] 1062 	movx	a,@dptr
      00028A FC               [12] 1063 	mov	r4,a
      00028B A3               [24] 1064 	inc	dptr
      00028C E0               [24] 1065 	movx	a,@dptr
      00028D FD               [12] 1066 	mov	r5,a
      00028E A3               [24] 1067 	inc	dptr
      00028F E0               [24] 1068 	movx	a,@dptr
      000290 FE               [12] 1069 	mov	r6,a
      000291 A3               [24] 1070 	inc	dptr
      000292 E0               [24] 1071 	movx	a,@dptr
      000293 8C 82            [24] 1072 	mov	dpl,r4
      000295 8D 83            [24] 1073 	mov	dph,r5
      000297 8E F0            [24] 1074 	mov	b,r6
                                   1075 ;	.\FwLib_STC8\user\weight_proc.c:65: }
      000299 22               [24] 1076 	ret
                                   1077 ;------------------------------------------------------------
                                   1078 ;Allocation info for local variables in function 'weight_get_status'
                                   1079 ;------------------------------------------------------------
                                   1080 ;	.\FwLib_STC8\user\weight_proc.c:67: weight_status_t weight_get_status(void) {
                                   1081 ;	-----------------------------------------
                                   1082 ;	 function weight_get_status
                                   1083 ;	-----------------------------------------
      00029A                       1084 _weight_get_status:
                                   1085 ;	.\FwLib_STC8\user\weight_proc.c:68: return current_status;
      00029A 90r00r00         [24] 1086 	mov	dptr,#_current_status
      00029D E5 81            [12] 1087 	mov	a,sp
      00029F 24 FC            [12] 1088 	add	a,#0xfc
      0002A1 F8               [12] 1089 	mov	r0,a
      0002A2 86 07            [24] 1090 	mov	ar7,@r0
      0002A4 08               [12] 1091 	inc	r0
      0002A5 86 06            [24] 1092 	mov	ar6,@r0
      0002A7 08               [12] 1093 	inc	r0
      0002A8 86 F0            [24] 1094 	mov	b,@r0
      0002AA E0               [24] 1095 	movx	a,@dptr
      0002AB CF               [12] 1096 	xch	a,r7
      0002AC C5 82            [12] 1097 	xch	a,dpl
      0002AE CF               [12] 1098 	xch	a,r7
      0002AF CE               [12] 1099 	xch	a,r6
      0002B0 C5 83            [12] 1100 	xch	a,dph
      0002B2 CE               [12] 1101 	xch	a,r6
      0002B3 12r00r00         [24] 1102 	lcall	__gptrput
      0002B6 A3               [24] 1103 	inc	dptr
      0002B7 CF               [12] 1104 	xch	a,r7
      0002B8 C5 82            [12] 1105 	xch	a,dpl
      0002BA CF               [12] 1106 	xch	a,r7
      0002BB CE               [12] 1107 	xch	a,r6
      0002BC C5 83            [12] 1108 	xch	a,dph
      0002BE CE               [12] 1109 	xch	a,r6
      0002BF A3               [24] 1110 	inc	dptr
      0002C0 E0               [24] 1111 	movx	a,@dptr
      0002C1 CF               [12] 1112 	xch	a,r7
      0002C2 C5 82            [12] 1113 	xch	a,dpl
      0002C4 CF               [12] 1114 	xch	a,r7
      0002C5 CE               [12] 1115 	xch	a,r6
      0002C6 C5 83            [12] 1116 	xch	a,dph
      0002C8 CE               [12] 1117 	xch	a,r6
      0002C9 12r00r00         [24] 1118 	lcall	__gptrput
      0002CC A3               [24] 1119 	inc	dptr
      0002CD CF               [12] 1120 	xch	a,r7
      0002CE C5 82            [12] 1121 	xch	a,dpl
      0002D0 CF               [12] 1122 	xch	a,r7
      0002D1 CE               [12] 1123 	xch	a,r6
      0002D2 C5 83            [12] 1124 	xch	a,dph
      0002D4 CE               [12] 1125 	xch	a,r6
      0002D5 A3               [24] 1126 	inc	dptr
      0002D6 E0               [24] 1127 	movx	a,@dptr
      0002D7 CF               [12] 1128 	xch	a,r7
      0002D8 C5 82            [12] 1129 	xch	a,dpl
      0002DA CF               [12] 1130 	xch	a,r7
      0002DB CE               [12] 1131 	xch	a,r6
      0002DC C5 83            [12] 1132 	xch	a,dph
      0002DE CE               [12] 1133 	xch	a,r6
      0002DF 12r00r00         [24] 1134 	lcall	__gptrput
      0002E2 A3               [24] 1135 	inc	dptr
      0002E3 CF               [12] 1136 	xch	a,r7
      0002E4 C5 82            [12] 1137 	xch	a,dpl
      0002E6 CF               [12] 1138 	xch	a,r7
      0002E7 CE               [12] 1139 	xch	a,r6
      0002E8 C5 83            [12] 1140 	xch	a,dph
      0002EA CE               [12] 1141 	xch	a,r6
      0002EB A3               [24] 1142 	inc	dptr
      0002EC E0               [24] 1143 	movx	a,@dptr
      0002ED CF               [12] 1144 	xch	a,r7
      0002EE C5 82            [12] 1145 	xch	a,dpl
      0002F0 CF               [12] 1146 	xch	a,r7
      0002F1 CE               [12] 1147 	xch	a,r6
      0002F2 C5 83            [12] 1148 	xch	a,dph
      0002F4 CE               [12] 1149 	xch	a,r6
                                   1150 ;	.\FwLib_STC8\user\weight_proc.c:69: }
      0002F5 02r00r00         [24] 1151 	ljmp	__gptrput
                                   1152 	.area CSEG    (CODE)
                                   1153 	.area CONST   (CODE)
                                   1154 	.area XINIT   (CODE)
      000000                       1155 __xinit__filtered_val:
      000000 00 00 00 00           1156 	.byte #0x00, #0x00, #0x00, #0x00	;  0
      000004                       1157 __xinit__stability_count:
      000004 00 00                 1158 	.byte #0x00, #0x00	; 0
                                   1159 	.area CABS    (ABS,CODE)
